2026-05-28 09:59:28.280 16131-16131 DynamicFra...peedAware] net.ashmeet.hyperlauncher.debug      I  onEventHandled: info: InputEventInfo: mX = 0, mY = 0, mAction = 0, mVsyncTime = 17979267, mIsMoving = true, mUpdated = true
2026-05-28 09:59:28.324 16131-16131 DynamicFra...peedAware] net.ashmeet.hyperlauncher.debug      I  onEventHandled: info: InputEventInfo: mX = 0, mY = 0, mAction = 1, mVsyncTime = 17979311, mIsMoving = false, mUpdated = true
2026-05-28 09:59:28.324 16131-16131 OplusViewD...ViewHelper net.ashmeet.hyperlauncher.debug      D  dispatchTouchView action = 1
2026-05-28 09:59:28.324 16131-16131 ViewRootImplExtImpl     net.ashmeet.hyperlauncher.debug      D  the up motion event handled by client, just return
2026-05-28 09:59:28.325 16131-16131 WindowOnBackDispatcher  net.ashmeet.hyperlauncher.debug      D   predictive settings is disabled for ApplicationInfo{fdf6ef1 net.ashmeet.hyperlauncher.debug}
2026-05-28 09:59:28.325 16131-16131 WindowOnBackDispatcher  net.ashmeet.hyperlauncher.debug      W  OnBackInvokedCallback is not enabled for the application.
                                                                                                    Set 'android:enableOnBackInvokedCallback="true"' in the application manifest.
2026-05-28 09:59:28.350 16131-16131 InsetBackground         net.ashmeet.hyperlauncher.debug      I  Insets{left=0, top=141, right=0, bottom=56}
2026-05-28 09:59:28.358 16131-16131 BitmapDrawable          net.ashmeet.hyperlauncher.debug      W  BitmapDrawable created with null Bitmap
2026-05-28 09:59:28.448 16131-23454 skia                    net.ashmeet.hyperlauncher.debug      D  GrGpu::writePixels takes 1
2026-05-28 09:59:29.601 16131-16131 DynamicFra...peedAware] net.ashmeet.hyperlauncher.debug      I  onEventHandled: info: InputEventInfo: mX = 0, mY = 0, mAction = 0, mVsyncTime = 17980589, mIsMoving = true, mUpdated = true
2026-05-28 09:59:29.630 16131-16131 DynamicFra...peedAware] net.ashmeet.hyperlauncher.debug      I  onEventHandled: info: InputEventInfo: mX = 0, mY = 0, mAction = 1, mVsyncTime = 17980617, mIsMoving = false, mUpdated = true
2026-05-28 09:59:29.630 16131-16131 OplusViewD...ViewHelper net.ashmeet.hyperlauncher.debug      D  dispatchTouchView action = 1
2026-05-28 09:59:29.630 16131-16131 ViewRootImplExtImpl     net.ashmeet.hyperlauncher.debug      D  the up motion event handled by client, just return
2026-05-28 09:59:29.645 16131-16131 OplusCursorFeedback     net.ashmeet.hyperlauncher.debug      D  editorDetachFromWindow android.widget.Editor@652c9b8
2026-05-28 09:59:29.648 16131-16131 InsetBackground         net.ashmeet.hyperlauncher.debug      I  Insets{left=0, top=141, right=0, bottom=56}
2026-05-28 09:59:31.613  6670-6670  oiface                  oiface                               E  can not find task:net.ashmeet.hyperlauncher.debug
2026-05-28 09:59:32.807 16131-16131 DynamicFra...peedAware] net.ashmeet.hyperlauncher.debug      I  onEventHandled: info: InputEventInfo: mX = 0, mY = 0, mAction = 0, mVsyncTime = 17983794, mIsMoving = true, mUpdated = true
2026-05-28 09:59:32.844 16131-16131 DynamicFra...peedAware] net.ashmeet.hyperlauncher.debug      I  onEventHandled: info: InputEventInfo: mX = 0, mY = 0, mAction = 1, mVsyncTime = 17983831, mIsMoving = false, mUpdated = true
2026-05-28 09:59:32.845 16131-16131 OplusViewD...ViewHelper net.ashmeet.hyperlauncher.debug      D  dispatchTouchView action = 1
2026-05-28 09:59:32.845 16131-16131 ViewRootImplExtImpl     net.ashmeet.hyperlauncher.debug      D  the up motion event handled by client, just return
2026-05-28 09:59:32.878 16131-23541 DNS_CACHE               net.ashmeet.hyperlauncher.debug      D  oplus_oplus_getaddrinfo_proxy lookup from netd: hostname:meta.fabricmc.net, servname:(null) uid: 10451, result_code:408, res = 0x0, found = 0
2026-05-28 09:59:32.882 16131-16131 InsetBackground         net.ashmeet.hyperlauncher.debug      I  Insets{left=0, top=141, right=0, bottom=56}
2026-05-28 09:59:32.965 16131-23541 DNS_CACHE               net.ashmeet.hyperlauncher.debug      D  oplus_send_dns_response send hostname: meta.fabricmc.net, servname: (null) response into netd: 0, *res = 0x6eb2b9d0c0
2026-05-28 09:59:33.412 16131-23474 LoadLoaderVersions      net.ashmeet.hyperlauncher.debug      I  Starting...
2026-05-28 09:59:36.438 16131-16131 DynamicFra...peedAware] net.ashmeet.hyperlauncher.debug      I  onEventHandled: info: InputEventInfo: mX = 0, mY = 0, mAction = 0, mVsyncTime = 17987426, mIsMoving = true, mUpdated = true
2026-05-28 09:59:36.451 16131-16131 DynamicFra...peedAware] net.ashmeet.hyperlauncher.debug      I  onEventHandled: info: InputEventInfo: mX = 0, mY = 0, mAction = 1, mVsyncTime = 17987439, mIsMoving = false, mUpdated = true
2026-05-28 09:59:36.452 16131-16131 OplusViewD...ViewHelper net.ashmeet.hyperlauncher.debug      D  dispatchTouchView action = 1
2026-05-28 09:59:36.452 16131-16131 ViewRootImplExtImpl     net.ashmeet.hyperlauncher.debug      D  the up motion event handled by client, just return
2026-05-28 09:59:36.468 16131-16131 WindowManager           net.ashmeet.hyperlauncher.debug      D  Add to mViews: android.widget.PopupWindow$PopupDecorView{df0efb8 V.E..V... R.....I. 0,0-0,0 alpha=1.0 viewInfo = },pkg= net.ashmeet.hyperlauncher.debug
2026-05-28 09:59:36.469 16131-23454 skia                    net.ashmeet.hyperlauncher.debug      D  setRusSupported enable 1
2026-05-28 09:59:36.474 16131-16131 ViewRootImplExtImpl     net.ashmeet.hyperlauncher.debug      D  onDisplayChanged -1 for VRI android.view.ViewRootImpl@f40c4f7
2026-05-28 09:59:36.476 16131-16131 OplusBracketLog         net.ashmeet.hyperlauncher.debug      E  [OplusViewMirrorManager] updateHostViewRootIfNeeded, not support android.view.ViewRootImpl@f40c4f7
2026-05-28 09:59:36.476 16131-16131 WindowOnBackDispatcher  net.ashmeet.hyperlauncher.debug      D   predictive settings is disabled for ApplicationInfo{fdf6ef1 net.ashmeet.hyperlauncher.debug}
2026-05-28 09:59:36.477 16131-16131 WindowOnBackDispatcher  net.ashmeet.hyperlauncher.debug      D   predictive settings is disabled for ApplicationInfo{fdf6ef1 net.ashmeet.hyperlauncher.debug}
2026-05-28 09:59:36.477 16131-16131 WindowOnBackDispatcher  net.ashmeet.hyperlauncher.debug      D   predictive settings is disabled for ApplicationInfo{fdf6ef1 net.ashmeet.hyperlauncher.debug}
2026-05-28 09:59:36.479 16131-16131 BufferQueueConsumer     net.ashmeet.hyperlauncher.debug      D  [](id:3f030000000b,api:0,p:-1,c:16131) connect: controlledByApp=false
2026-05-28 09:59:36.479 16131-16131 BufferQueueConsumer     net.ashmeet.hyperlauncher.debug      D  [VRI[PopupWindow:a92e42a]#11(BLAST Consumer)11](id:3f030000000b,api:0,p:-1,c:16131) setMaxAcquiredBufferCount: 2
2026-05-28 09:59:36.480 16131-23454 BufferQueueProducer     net.ashmeet.hyperlauncher.debug      D  [VRI[PopupWindow:a92e42a]#11(BLAST Consumer)11](id:3f030000000b,api:1,p:16131,c:16131) connect: api=1 producerControlledByApp=true
2026-05-28 09:59:36.483 16131-16131 SurfaceControl          net.ashmeet.hyperlauncher.debug      I   setExtendedRangeBrightness sc=Surface(name=PopupWindow:a92e42a)/@0x5bb6e8,currentBufferRatio=1.0,desiredRatio=1.0
2026-05-28 09:59:36.485 16131-23454 BLASTBufferQueue        net.ashmeet.hyperlauncher.debug      D  [VRI[PopupWindow:a92e42a]#11](f:0,a:1) acquireNextBufferLocked size=1532x842 mFrameNumber=1 applyTransaction=true mTimestamp=17987472511887(auto) mPendingTransactions.size=0 graphicBufferId=69282117451829 transform=7
2026-05-28 09:59:36.485 16131-23454 VRI[PopupW...w:a92e42a] net.ashmeet.hyperlauncher.debug      D  Received frameCommittedCallback lastAttemptedDrawFrameNum=1 didProduceBuffer=true syncBuffer=false
2026-05-28 09:59:36.485 16131-16131 VRI[PopupW...w:a92e42a] net.ashmeet.hyperlauncher.debug      D  draw finished. seqId=0
2026-05-28 09:59:36.488 16131-23454 VRI[PopupW...w:a92e42a] net.ashmeet.hyperlauncher.debug      D  Received frameCommittedCallback lastAttemptedDrawFrameNum=2 didProduceBuffer=false syncBuffer=false
2026-05-28 09:59:36.488 16131-16131 VRI[PopupW...w:a92e42a] net.ashmeet.hyperlauncher.debug      D  draw finished. seqId=0
2026-05-28 09:59:36.492 16131-16131 VRI[LauncherActivity]   net.ashmeet.hyperlauncher.debug      D  onFocusEvent false
2026-05-28 09:59:36.504 16131-16131 VRI[PopupW...w:a92e42a] net.ashmeet.hyperlauncher.debug      D  onFocusEvent true
2026-05-28 09:59:37.498 16131-23156 OplusScrollToTopManager net.ashmeet.hyperlauncher.debug      D  net.ashmeet.hyperlauncher.debug/net.kdt.pojavlaunch.LauncherActivity,This com.android.internal.policy.DecorView{f0f63f8 V.ED..... R....... 0,0-2800,1272 aid=0 alpha=1.0 viewInfo = }[] change focus to false
2026-05-28 09:59:37.511 16131-23156 OplusScrollToTopManager net.ashmeet.hyperlauncher.debug      D  PopupWindow:a92e42a,This android.widget.PopupWindow$PopupDecorView{df0efb8 V.E..V... R....... 0,0-1308,618 aid=1073742471 alpha=1.0 viewInfo = } change focus to true
2026-05-28 09:59:37.605  6670-17384 oiface                  oiface                               E  can not find task:net.ashmeet.hyperlauncher.debug
2026-05-28 09:59:38.291 16131-16131 DynamicFra...peedAware] net.ashmeet.hyperlauncher.debug      I  onEventHandled: info: InputEventInfo: mX = 0, mY = 0, mAction = 0, mVsyncTime = 17989278, mIsMoving = true, mUpdated = true
2026-05-28 09:59:38.345 16131-16131 DynamicFra...peedAware] net.ashmeet.hyperlauncher.debug      I  syncInfoTogether: from STATE_IDLE to STATE_SCROLL_ANIMATION
2026-05-28 09:59:38.345 16131-16131 DynamicFra...ontroller] net.ashmeet.hyperlauncher.debug      I  onDoFrameFinished: mPreviousFramerate = 0, targetFrameRate = 90, frameRateThreshold = 90, hasFramerateChange = true, FlingTypedInfo.state = 2
2026-05-28 09:59:38.345 16131-16131 DynamicFra...ontroller] net.ashmeet.hyperlauncher.debug      I  setFrameRateTargetControl: set framerate to 90
2026-05-28 09:59:38.346 16131-16131 DynamicFra...nagerImpl] net.ashmeet.hyperlauncher.debug      I  setFrameRateInternalForView: TIMING_DO_FRAME_FINISH FrameRateControlUnit: { mTargetFrameRate = 90, mPreviewFrameRate = 0, mControlInfo = 0, mViewRoot = android.view.ViewRootImpl@d2c7a4, mTakeEffectType = 10001, mPreviousControlInfo = 0, mIsActive = true, mIsMoving = true, mEnableEndLowRate = false, mIsInGameAnim = false, mIsWidespreadAnim = false, mIsLauncherAnim = false mUnitFrameRate = 90 } 
2026-05-28 09:59:38.346 16131-16131 DynamicFra...nagerImpl] net.ashmeet.hyperlauncher.debug      W  FrameRateControlUnit.apply: TIMING_DO_FRAME_FINISH applyAsyncUnsafe after doFrame
2026-05-28 09:59:38.740 16131-16131 DynamicFra...peedAware] net.ashmeet.hyperlauncher.debug      I  onEventHandled: info: InputEventInfo: mX = 0, mY = 0, mAction = 1, mVsyncTime = 17989728, mIsMoving = false, mUpdated = true
2026-05-28 09:59:38.740 16131-16131 OplusViewD...ViewHelper net.ashmeet.hyperlauncher.debug      D  dispatchTouchView action = 1
2026-05-28 09:59:38.741 16131-16131 ViewRootImplExtImpl     net.ashmeet.hyperlauncher.debug      D  the up motion event handled by client, just return
2026-05-28 09:59:38.743 16131-16131 DynamicFra...peedAware] net.ashmeet.hyperlauncher.debug      I  syncInfoTogether: from STATE_SCROLL_ANIMATION to STATE_IDLE
2026-05-28 09:59:38.743 16131-16131 DynamicFra...ontroller] net.ashmeet.hyperlauncher.debug      I  onDoFrameFinished: mPreviousFramerate = 90, targetFrameRate = 0, frameRateThreshold = 90, hasFramerateChange = false, FlingTypedInfo.state = 0
2026-05-28 09:59:38.743 16131-16131 DynamicFra...ontroller] net.ashmeet.hyperlauncher.debug      I  setFrameRateTargetControl: set framerate to 0
2026-05-28 09:59:38.743 16131-16131 DynamicFra...nagerImpl] net.ashmeet.hyperlauncher.debug      I  setFrameRateInternalForView: TIMING_DO_FRAME_FINISH FrameRateControlUnit: { mTargetFrameRate = 0, mPreviewFrameRate = 90, mControlInfo = 0, mViewRoot = android.view.ViewRootImpl@d2c7a4, mTakeEffectType = 10001, mPreviousControlInfo = 0, mIsActive = false, mIsMoving = false, mEnableEndLowRate = false, mIsInGameAnim = false, mIsWidespreadAnim = false, mIsLauncherAnim = false mUnitFrameRate = 0 } 
2026-05-28 09:59:38.743 16131-16131 DynamicFra...nagerImpl] net.ashmeet.hyperlauncher.debug      W  FrameRateControlUnit.apply: TIMING_DO_FRAME_FINISH applyAsyncUnsafe after doFrame
2026-05-28 09:59:39.246 16131-16131 DynamicFra...peedAware] net.ashmeet.hyperlauncher.debug      I  onEventHandled: info: InputEventInfo: mX = 0, mY = 0, mAction = 0, mVsyncTime = 17990233, mIsMoving = true, mUpdated = true
2026-05-28 09:59:39.310 16131-16131 DynamicFra...peedAware] net.ashmeet.hyperlauncher.debug      I  syncInfoTogether: from STATE_IDLE to STATE_SCROLL_ANIMATION
2026-05-28 09:59:39.310 16131-16131 DynamicFra...ontroller] net.ashmeet.hyperlauncher.debug      I  onDoFrameFinished: mPreviousFramerate = 0, targetFrameRate = 90, frameRateThreshold = 90, hasFramerateChange = true, FlingTypedInfo.state = 2
2026-05-28 09:59:39.310 16131-16131 DynamicFra...ontroller] net.ashmeet.hyperlauncher.debug      I  setFrameRateTargetControl: set framerate to 90
2026-05-28 09:59:39.310 16131-16131 DynamicFra...nagerImpl] net.ashmeet.hyperlauncher.debug      I  setFrameRateInternalForView: TIMING_DO_FRAME_FINISH FrameRateControlUnit: { mTargetFrameRate = 90, mPreviewFrameRate = 0, mControlInfo = 0, mViewRoot = android.view.ViewRootImpl@d2c7a4, mTakeEffectType = 10001, mPreviousControlInfo = 0, mIsActive = true, mIsMoving = true, mEnableEndLowRate = false, mIsInGameAnim = false, mIsWidespreadAnim = false, mIsLauncherAnim = false mUnitFrameRate = 90 } 
2026-05-28 09:59:39.310 16131-16131 DynamicFra...nagerImpl] net.ashmeet.hyperlauncher.debug      W  FrameRateControlUnit.apply: TIMING_DO_FRAME_FINISH applyAsyncUnsafe after doFrame
2026-05-28 09:59:41.061 16131-16131 DynamicFra...peedAware] net.ashmeet.hyperlauncher.debug      I  onEventHandled: info: InputEventInfo: mX = 0, mY = 0, mAction = 1, mVsyncTime = 17992049, mIsMoving = false, mUpdated = true
2026-05-28 09:59:41.061 16131-16131 OplusViewD...ViewHelper net.ashmeet.hyperlauncher.debug      D  dispatchTouchView action = 1
2026-05-28 09:59:41.062 16131-16131 ViewRootImplExtImpl     net.ashmeet.hyperlauncher.debug      D  the up motion event handled by client, just return
2026-05-28 09:59:41.064 16131-16131 DynamicFra...peedAware] net.ashmeet.hyperlauncher.debug      I  syncInfoTogether: from STATE_SCROLL_ANIMATION to STATE_IDLE
2026-05-28 09:59:41.064 16131-16131 DynamicFra...ontroller] net.ashmeet.hyperlauncher.debug      I  onDoFrameFinished: mPreviousFramerate = 90, targetFrameRate = 0, frameRateThreshold = 90, hasFramerateChange = false, FlingTypedInfo.state = 0
2026-05-28 09:59:41.064 16131-16131 DynamicFra...ontroller] net.ashmeet.hyperlauncher.debug      I  setFrameRateTargetControl: set framerate to 0
2026-05-28 09:59:41.065 16131-16131 DynamicFra...nagerImpl] net.ashmeet.hyperlauncher.debug      I  setFrameRateInternalForView: TIMING_DO_FRAME_FINISH FrameRateControlUnit: { mTargetFrameRate = 0, mPreviewFrameRate = 90, mControlInfo = 0, mViewRoot = android.view.ViewRootImpl@d2c7a4, mTakeEffectType = 10001, mPreviousControlInfo = 0, mIsActive = false, mIsMoving = false, mEnableEndLowRate = false, mIsInGameAnim = false, mIsWidespreadAnim = false, mIsLauncherAnim = false mUnitFrameRate = 0 } 
2026-05-28 09:59:41.065 16131-16131 DynamicFra...nagerImpl] net.ashmeet.hyperlauncher.debug      W  FrameRateControlUnit.apply: TIMING_DO_FRAME_FINISH applyAsyncUnsafe after doFrame
2026-05-28 09:59:41.605 16131-16131 DynamicFra...peedAware] net.ashmeet.hyperlauncher.debug      I  onEventHandled: info: InputEventInfo: mX = 0, mY = 0, mAction = 0, mVsyncTime = 17992592, mIsMoving = true, mUpdated = true
2026-05-28 09:59:41.685 16131-16131 DynamicFra...peedAware] net.ashmeet.hyperlauncher.debug      I  onEventHandled: info: InputEventInfo: mX = 0, mY = 0, mAction = 1, mVsyncTime = 17992672, mIsMoving = false, mUpdated = true
2026-05-28 09:59:41.685 16131-16131 OplusViewD...ViewHelper net.ashmeet.hyperlauncher.debug      D  dispatchTouchView action = 1
2026-05-28 09:59:41.685 16131-16131 ViewRootImplExtImpl     net.ashmeet.hyperlauncher.debug      D  the up motion event handled by client, just return
2026-05-28 09:59:41.698 16131-16131 SurfaceControl          net.ashmeet.hyperlauncher.debug      I   setExtendedRangeBrightness sc=Surface(name=PopupWindow:a92e42a)/@0x5bb6e8,currentBufferRatio=1.0,desiredRatio=1.0
2026-05-28 09:59:41.711 16131-23475 LoadLoaderVersions      net.ashmeet.hyperlauncher.debug      I  Starting...
2026-05-28 09:59:41.725 16131-16131 VRI[PopupW...w:a92e42a] net.ashmeet.hyperlauncher.debug      D  onFocusEvent false
2026-05-28 09:59:41.725 16131-16131 VRI[LauncherActivity]   net.ashmeet.hyperlauncher.debug      D  onFocusEvent true
2026-05-28 09:59:41.733 16131-16131 InsetsController        net.ashmeet.hyperlauncher.debug      D  hide(ime(), fromIme=false)
2026-05-28 09:59:41.733 16131-16131 ImeTracker              net.ashmeet.hyperlauncher.debug      I  net.ashmeet.hyperlauncher.debug:2e3ff56b: onCancelled at PHASE_CLIENT_ALREADY_HIDDEN
2026-05-28 09:59:42.008 16131-16131 OplusScrollToTopManager net.ashmeet.hyperlauncher.debug      D  PopupWindow:a92e42a,window dying
2026-05-28 09:59:42.008 16131-16131 OplusScrollToTopManager net.ashmeet.hyperlauncher.debug      D  PopupWindow:a92e42a,unregisterSystemUIBroadcastReceiver 
2026-05-28 09:59:42.008 16131-16131 OplusScrollToTopManager net.ashmeet.hyperlauncher.debug      D  PopupWindow:a92e42a, unregisterSystemUIBroadcastReceiver failed java.lang.IllegalArgumentException: Receiver not registered: android.view.OplusScrollToTopManager$2@e1931f4
2026-05-28 09:59:42.008 16131-16131 WindowOnBackDispatcher  net.ashmeet.hyperlauncher.debug      W  sendCancelIfRunning: isInProgress=false callback=android.view.ViewRootImpl$$ExternalSyntheticLambda13@8a14f64
2026-05-28 09:59:42.009 16131-16131 HWUI                    net.ashmeet.hyperlauncher.debug      D  RenderProxy::destroy: this=0x6e61eaad00, mContext=0x6efd039800
2026-05-28 09:59:42.009 16131-23454 HWUI                    net.ashmeet.hyperlauncher.debug      D  SkiaVulkanPipeline::setSurface: this=0x6e4e81b300, surface=NULL
2026-05-28 09:59:42.009 16131-23454 BufferQueueProducer     net.ashmeet.hyperlauncher.debug      D  [VRI[PopupWindow:a92e42a]#11(BLAST Consumer)11](id:3f030000000b,api:1,p:16131,c:16131) disconnect: api 1
2026-05-28 09:59:42.009 16131-23454 HWUI                    net.ashmeet.hyperlauncher.debug      D  endAllActiveAnimators on 0x6e61ea1400 (DropDownListView) with handle 0x6e47c7db40
2026-05-28 09:59:42.012 16131-23147 BLASTBufferQueue        net.ashmeet.hyperlauncher.debug      D  [VRI[PopupWindow:a92e42a]#11](f:0,a:1) destructor()
2026-05-28 09:59:42.012 16131-23147 BufferQueueConsumer     net.ashmeet.hyperlauncher.debug      D  [VRI[PopupWindow:a92e42a]#11(BLAST Consumer)11](id:3f030000000b,api:0,p:-1,c:16131) disconnect
2026-05-28 09:59:42.733 16131-23156 OplusScrollToTopManager net.ashmeet.hyperlauncher.debug      D  net.ashmeet.hyperlauncher.debug/net.kdt.pojavlaunch.LauncherActivity,This com.android.internal.policy.DecorView{f0f63f8 V.ED..... R....... 0,0-2800,1272 aid=0 alpha=1.0 viewInfo = }[] change focus to true
2026-05-28 09:59:43.052 16131-16131 DynamicFra...peedAware] net.ashmeet.hyperlauncher.debug      I  onEventHandled: info: InputEventInfo: mX = 0, mY = 0, mAction = 0, mVsyncTime = 17994040, mIsMoving = true, mUpdated = true
2026-05-28 09:59:43.106 16131-16131 DynamicFra...peedAware] net.ashmeet.hyperlauncher.debug      I  onEventHandled: info: InputEventInfo: mX = 0, mY = 0, mAction = 1, mVsyncTime = 17994093, mIsMoving = false, mUpdated = true
2026-05-28 09:59:43.106 16131-16131 OplusViewD...ViewHelper net.ashmeet.hyperlauncher.debug      D  dispatchTouchView action = 1
2026-05-28 09:59:43.106 16131-16131 ViewRootImplExtImpl     net.ashmeet.hyperlauncher.debug      D  the up motion event handled by client, just return
2026-05-28 09:59:43.117 16131-16131 WindowManager           net.ashmeet.hyperlauncher.debug      D  Add to mViews: android.widget.PopupWindow$PopupDecorView{9917960 V.E..V... R.....I. 0,0-0,0 alpha=1.0 viewInfo = },pkg= net.ashmeet.hyperlauncher.debug
2026-05-28 09:59:43.118 16131-23454 skia                    net.ashmeet.hyperlauncher.debug      D  setRusSupported enable 1
2026-05-28 09:59:43.124 16131-16131 ViewRootImplExtImpl     net.ashmeet.hyperlauncher.debug      D  onDisplayChanged -1 for VRI android.view.ViewRootImpl@3e178bf
2026-05-28 09:59:43.130 16131-16131 OplusBracketLog         net.ashmeet.hyperlauncher.debug      E  [OplusViewMirrorManager] updateHostViewRootIfNeeded, not support android.view.ViewRootImpl@3e178bf
2026-05-28 09:59:43.130 16131-16131 WindowOnBackDispatcher  net.ashmeet.hyperlauncher.debug      D   predictive settings is disabled for ApplicationInfo{fdf6ef1 net.ashmeet.hyperlauncher.debug}
2026-05-28 09:59:43.130 16131-16131 WindowOnBackDispatcher  net.ashmeet.hyperlauncher.debug      D   predictive settings is disabled for ApplicationInfo{fdf6ef1 net.ashmeet.hyperlauncher.debug}
2026-05-28 09:59:43.130 16131-16131 WindowOnBackDispatcher  net.ashmeet.hyperlauncher.debug      D   predictive settings is disabled for ApplicationInfo{fdf6ef1 net.ashmeet.hyperlauncher.debug}
2026-05-28 09:59:43.133 16131-16131 BufferQueueConsumer     net.ashmeet.hyperlauncher.debug      D  [](id:3f030000000c,api:0,p:-1,c:16131) connect: controlledByApp=false
2026-05-28 09:59:43.133 16131-16131 BufferQueueConsumer     net.ashmeet.hyperlauncher.debug      D  [VRI[PopupWindow:8a65b92]#12(BLAST Consumer)12](id:3f030000000c,api:0,p:-1,c:16131) setMaxAcquiredBufferCount: 2
2026-05-28 09:59:43.134 16131-23454 BufferQueueProducer     net.ashmeet.hyperlauncher.debug      D  [VRI[PopupWindow:8a65b92]#12(BLAST Consumer)12](id:3f030000000c,api:1,p:16131,c:16131) connect: api=1 producerControlledByApp=true
2026-05-28 09:59:43.137 16131-16131 SurfaceControl          net.ashmeet.hyperlauncher.debug      I   setExtendedRangeBrightness sc=Surface(name=PopupWindow:8a65b92)/@0x485b153,currentBufferRatio=1.0,desiredRatio=1.0
2026-05-28 09:59:43.138 16131-23454 BLASTBufferQueue        net.ashmeet.hyperlauncher.debug      D  [VRI[PopupWindow:8a65b92]#12](f:0,a:1) acquireNextBufferLocked size=1532x392 mFrameNumber=1 applyTransaction=true mTimestamp=17994125685218(auto) mPendingTransactions.size=0 graphicBufferId=69282117451833 transform=7
2026-05-28 09:59:43.138 16131-23454 VRI[PopupW...w:8a65b92] net.ashmeet.hyperlauncher.debug      D  Received frameCommittedCallback lastAttemptedDrawFrameNum=1 didProduceBuffer=true syncBuffer=false
2026-05-28 09:59:43.138 16131-16131 VRI[PopupW...w:8a65b92] net.ashmeet.hyperlauncher.debug      D  draw finished. seqId=0
2026-05-28 09:59:43.141 16131-23454 VRI[PopupW...w:8a65b92] net.ashmeet.hyperlauncher.debug      D  Received frameCommittedCallback lastAttemptedDrawFrameNum=2 didProduceBuffer=false syncBuffer=false
2026-05-28 09:59:43.141 16131-16131 VRI[PopupW...w:8a65b92] net.ashmeet.hyperlauncher.debug      D  draw finished. seqId=0
2026-05-28 09:59:43.156 16131-16131 VRI[LauncherActivity]   net.ashmeet.hyperlauncher.debug      D  onFocusEvent false
2026-05-28 09:59:43.157 16131-16131 VRI[PopupW...w:8a65b92] net.ashmeet.hyperlauncher.debug      D  onFocusEvent true
2026-05-28 09:59:43.597  6670-17384 oiface                  oiface                               E  can not find task:net.ashmeet.hyperlauncher.debug
2026-05-28 09:59:43.961 16131-16131 DynamicFra...peedAware] net.ashmeet.hyperlauncher.debug      I  onEventHandled: info: InputEventInfo: mX = 0, mY = 0, mAction = 0, mVsyncTime = 17994948, mIsMoving = true, mUpdated = true
2026-05-28 09:59:44.034 16131-16131 DynamicFra...peedAware] net.ashmeet.hyperlauncher.debug      I  onEventHandled: info: InputEventInfo: mX = 0, mY = 0, mAction = 1, mVsyncTime = 17995021, mIsMoving = false, mUpdated = true
2026-05-28 09:59:44.034 16131-16131 OplusViewD...ViewHelper net.ashmeet.hyperlauncher.debug      D  dispatchTouchView action = 1
2026-05-28 09:59:44.034 16131-16131 ViewRootImplExtImpl     net.ashmeet.hyperlauncher.debug      D  the up motion event handled by client, just return
2026-05-28 09:59:44.055 16131-16131 SurfaceControl          net.ashmeet.hyperlauncher.debug      I   setExtendedRangeBrightness sc=Surface(name=PopupWindow:8a65b92)/@0x485b153,currentBufferRatio=1.0,desiredRatio=1.0
2026-05-28 09:59:44.078 16131-16131 VRI[PopupW...w:8a65b92] net.ashmeet.hyperlauncher.debug      D  onFocusEvent false
2026-05-28 09:59:44.078 16131-16131 VRI[LauncherActivity]   net.ashmeet.hyperlauncher.debug      D  onFocusEvent true
2026-05-28 09:59:44.087 16131-16131 InsetsController        net.ashmeet.hyperlauncher.debug      D  hide(ime(), fromIme=false)
2026-05-28 09:59:44.087 16131-16131 ImeTracker              net.ashmeet.hyperlauncher.debug      I  net.ashmeet.hyperlauncher.debug:e5c89ac9: onCancelled at PHASE_CLIENT_ALREADY_HIDDEN
2026-05-28 09:59:44.363 16131-16131 OplusScrollToTopManager net.ashmeet.hyperlauncher.debug      D  PopupWindow:8a65b92,window dying
2026-05-28 09:59:44.363 16131-16131 OplusScrollToTopManager net.ashmeet.hyperlauncher.debug      D  PopupWindow:8a65b92,unregisterSystemUIBroadcastReceiver 
2026-05-28 09:59:44.363 16131-16131 OplusScrollToTopManager net.ashmeet.hyperlauncher.debug      D  PopupWindow:8a65b92, unregisterSystemUIBroadcastReceiver failed java.lang.IllegalArgumentException: Receiver not registered: android.view.OplusScrollToTopManager$2@98d6084
2026-05-28 09:59:44.363 16131-16131 WindowOnBackDispatcher  net.ashmeet.hyperlauncher.debug      W  sendCancelIfRunning: isInProgress=false callback=android.view.ViewRootImpl$$ExternalSyntheticLambda13@c84cb8c
2026-05-28 09:59:44.363 16131-16131 HWUI                    net.ashmeet.hyperlauncher.debug      D  RenderProxy::destroy: this=0x6ef6721f00, mContext=0x6efc270340
2026-05-28 09:59:44.363 16131-23454 HWUI                    net.ashmeet.hyperlauncher.debug      D  SkiaVulkanPipeline::setSurface: this=0x6e4e81b600, surface=NULL
2026-05-28 09:59:44.364 16131-23454 BufferQueueProducer     net.ashmeet.hyperlauncher.debug      D  [VRI[PopupWindow:8a65b92]#12(BLAST Consumer)12](id:3f030000000c,api:1,p:16131,c:16131) disconnect: api 1
2026-05-28 09:59:44.364 16131-23454 HWUI                    net.ashmeet.hyperlauncher.debug      D  endAllActiveAnimators on 0x6ef6e29a00 (DropDownListView) with handle 0x6e47c7db80
2026-05-28 09:59:44.366 16131-23147 BLASTBufferQueue        net.ashmeet.hyperlauncher.debug      D  [VRI[PopupWindow:8a65b92]#12](f:0,a:1) destructor()
2026-05-28 09:59:44.366 16131-23147 BufferQueueConsumer     net.ashmeet.hyperlauncher.debug      D  [VRI[PopupWindow:8a65b92]#12(BLAST Consumer)12](id:3f030000000c,api:0,p:-1,c:16131) disconnect
2026-05-28 09:59:45.088 16131-23156 OplusScrollToTopManager net.ashmeet.hyperlauncher.debug      D  net.ashmeet.hyperlauncher.debug/net.kdt.pojavlaunch.LauncherActivity,This com.android.internal.policy.DecorView{f0f63f8 V.ED..... R....... 0,0-2800,1272 aid=0 alpha=1.0 viewInfo = }[] change focus to true
2026-05-28 09:59:45.933 16131-16131 DynamicFra...peedAware] net.ashmeet.hyperlauncher.debug      I  onEventHandled: info: InputEventInfo: mX = 0, mY = 0, mAction = 0, mVsyncTime = 17996920, mIsMoving = true, mUpdated = true
2026-05-28 09:59:45.969 16131-16131 DynamicFra...peedAware] net.ashmeet.hyperlauncher.debug      I  onEventHandled: info: InputEventInfo: mX = 0, mY = 0, mAction = 1, mVsyncTime = 17996956, mIsMoving = false, mUpdated = true
2026-05-28 09:59:45.969 16131-16131 OplusViewD...ViewHelper net.ashmeet.hyperlauncher.debug      D  dispatchTouchView action = 1
2026-05-28 09:59:45.970 16131-16131 ViewRootImplExtImpl     net.ashmeet.hyperlauncher.debug      D  the up motion event handled by client, just return
2026-05-28 09:59:46.111 16131-16131 InsetBackground         net.ashmeet.hyperlauncher.debug      I  Insets{left=0, top=141, right=0, bottom=56}
2026-05-28 09:59:47.289 16131-16131 DynamicFra...peedAware] net.ashmeet.hyperlauncher.debug      I  onEventHandled: info: InputEventInfo: mX = 0, mY = 0, mAction = 0, mVsyncTime = 17998276, mIsMoving = true, mUpdated = true
2026-05-28 09:59:47.329 16131-16131 DynamicFra...peedAware] net.ashmeet.hyperlauncher.debug      I  onEventHandled: info: InputEventInfo: mX = 0, mY = 0, mAction = 1, mVsyncTime = 17998315, mIsMoving = false, mUpdated = true
2026-05-28 09:59:47.329 16131-16131 OplusViewD...ViewHelper net.ashmeet.hyperlauncher.debug      D  dispatchTouchView action = 1
2026-05-28 09:59:47.329 16131-16131 ViewRootImplExtImpl     net.ashmeet.hyperlauncher.debug      D  the up motion event handled by client, just return
2026-05-28 09:59:47.343 16131-16131 InsetBackground         net.ashmeet.hyperlauncher.debug      I  Insets{left=0, top=141, right=0, bottom=56}
2026-05-28 09:59:47.352 16131-16131 BitmapDrawable          net.ashmeet.hyperlauncher.debug      W  BitmapDrawable created with null Bitmap
2026-05-28 09:59:48.664 16131-16131 DynamicFra...peedAware] net.ashmeet.hyperlauncher.debug      I  onEventHandled: info: InputEventInfo: mX = 0, mY = 0, mAction = 0, mVsyncTime = 17999651, mIsMoving = true, mUpdated = true
2026-05-28 09:59:48.701 16131-16131 DynamicFra...peedAware] net.ashmeet.hyperlauncher.debug      I  onEventHandled: info: InputEventInfo: mX = 0, mY = 0, mAction = 1, mVsyncTime = 17999689, mIsMoving = false, mUpdated = true
2026-05-28 09:59:48.701 16131-16131 OplusViewD...ViewHelper net.ashmeet.hyperlauncher.debug      D  dispatchTouchView action = 1
2026-05-28 09:59:48.702 16131-16131 ViewRootImplExtImpl     net.ashmeet.hyperlauncher.debug      D  the up motion event handled by client, just return
2026-05-28 09:59:48.702 16131-16131 WindowOnBackDispatcher  net.ashmeet.hyperlauncher.debug      D   predictive settings is disabled for ApplicationInfo{fdf6ef1 net.ashmeet.hyperlauncher.debug}
2026-05-28 09:59:48.702 16131-16131 WindowOnBackDispatcher  net.ashmeet.hyperlauncher.debug      W  OnBackInvokedCallback is not enabled for the application.
                                                                                                    Set 'android:enableOnBackInvokedCallback="true"' in the application manifest.
2026-05-28 09:59:48.714 16131-16131 InsetBackground         net.ashmeet.hyperlauncher.debug      I  Insets{left=0, top=141, right=0, bottom=56}
2026-05-28 09:59:48.719 16131-16131 BitmapDrawable          net.ashmeet.hyperlauncher.debug      W  BitmapDrawable created with null Bitmap
2026-05-28 09:59:49.422 16131-16131 DynamicFra...peedAware] net.ashmeet.hyperlauncher.debug      I  onEventHandled: info: InputEventInfo: mX = 0, mY = 0, mAction = 0, mVsyncTime = 18000409, mIsMoving = true, mUpdated = true
2026-05-28 09:59:49.498 16131-16131 DynamicFra...peedAware] net.ashmeet.hyperlauncher.debug      I  syncInfoTogether: from STATE_IDLE to STATE_SCROLL_ANIMATION
2026-05-28 09:59:49.499 16131-16131 DynamicFra...ontroller] net.ashmeet.hyperlauncher.debug      I  onDoFrameFinished: mPreviousFramerate = 0, targetFrameRate = 90, frameRateThreshold = 90, hasFramerateChange = true, FlingTypedInfo.state = 2
2026-05-28 09:59:49.499 16131-16131 DynamicFra...ontroller] net.ashmeet.hyperlauncher.debug      I  setFrameRateTargetControl: set framerate to 90
2026-05-28 09:59:49.500 16131-16131 DynamicFra...nagerImpl] net.ashmeet.hyperlauncher.debug      I  setFrameRateInternalForView: TIMING_DO_FRAME_FINISH FrameRateControlUnit: { mTargetFrameRate = 90, mPreviewFrameRate = 0, mControlInfo = 0, mViewRoot = android.view.ViewRootImpl@d2c7a4, mTakeEffectType = 10001, mPreviousControlInfo = 0, mIsActive = true, mIsMoving = true, mEnableEndLowRate = false, mIsInGameAnim = false, mIsWidespreadAnim = false, mIsLauncherAnim = false mUnitFrameRate = 90 } 
2026-05-28 09:59:49.500 16131-16131 DynamicFra...nagerImpl] net.ashmeet.hyperlauncher.debug      W  FrameRateControlUnit.apply: TIMING_DO_FRAME_FINISH applyAsyncUnsafe after doFrame
2026-05-28 09:59:49.598  6670-17384 oiface                  oiface                               E  can not find task:net.ashmeet.hyperlauncher.debug
2026-05-28 09:59:50.606 16131-16131 DynamicFra...peedAware] net.ashmeet.hyperlauncher.debug      I  onEventHandled: info: InputEventInfo: mX = 0, mY = 0, mAction = 1, mVsyncTime = 18001592, mIsMoving = false, mUpdated = true
2026-05-28 09:59:50.607 16131-16131 OplusViewDebugManager   net.ashmeet.hyperlauncher.debug      D  OplusViewDebugManager Constructor android.view.debug.OplusViewDebugManager@a921e7a [mHasViewDebugProperty true] [mHasMsgDebugProperty false] [DEBUG false] [EXTRAINFOENABLE false] [LIGHT_OS false]
2026-05-28 09:59:50.607 16131-16131 DynamicFra...peedAware] net.ashmeet.hyperlauncher.debug      I  onFlingStart: animation info: FlingAnimationInfo: mDuration = 0, mVelocity = 11324, mInitVelocity = 0, mPosition = 0, mState = 0, mStartCount = 1, mFinished = false, mStarted = true, mFlingUpdated = false, mIsSplineState = true, mVsyncTime = 18001592, mUpdated = true
2026-05-28 09:59:50.607 16131-16131 OplusViewDebugManager   net.ashmeet.hyperlauncher.debug      D  OplusViewDebugManager Constructor android.view.debug.OplusViewDebugManager@1dc562b [mHasViewDebugProperty true] [mHasMsgDebugProperty false] [DEBUG false] [EXTRAINFOENABLE false] [LIGHT_OS false]
2026-05-28 09:59:50.607 16131-16131 DynamicFra...peedAware] net.ashmeet.hyperlauncher.debug      I  onFlingStart: animation info: FlingAnimationInfo: mDuration = 0, mVelocity = 11324, mInitVelocity = 1085, mPosition = 0, mState = 0, mStartCount = 2, mFinished = false, mStarted = true, mFlingUpdated = false, mIsSplineState = true, mVsyncTime = 18001592, mUpdated = true
2026-05-28 09:59:50.607 16131-16131 OplusViewD...ViewHelper net.ashmeet.hyperlauncher.debug      D  dispatchTouchView action = 1
2026-05-28 09:59:50.607 16131-16131 ViewRootImplExtImpl     net.ashmeet.hyperlauncher.debug      D  the up motion event handled by client, just return
2026-05-28 09:59:50.609 16131-16131 DynamicFra...peedAware] net.ashmeet.hyperlauncher.debug      I  syncInfoTogether: from STATE_SCROLL_ANIMATION to STATE_FLING_ANIMATION
2026-05-28 09:59:50.785 16131-16131 Surface                 net.ashmeet.hyperlauncher.debug      E  IGraphicBufferProducer::setMaxDequeuedBufferCount(2) returned Invalid argument
2026-05-28 09:59:50.828 16131-16131 DynamicFra...peedAware] net.ashmeet.hyperlauncher.debug      I  syncInfoTogether: from STATE_FLING_ANIMATION to STATE_IDLE
2026-05-28 09:59:50.828 16131-16131 DynamicFra...ontroller] net.ashmeet.hyperlauncher.debug      I  onDoFrameFinished: mPreviousFramerate = 90, targetFrameRate = 0, frameRateThreshold = 90, hasFramerateChange = false, FlingTypedInfo.state = 0
2026-05-28 09:59:50.828 16131-16131 DynamicFra...ontroller] net.ashmeet.hyperlauncher.debug      I  setFrameRateTargetControl: set framerate to 0
2026-05-28 09:59:50.828 16131-16131 DynamicFra...ontroller] net.ashmeet.hyperlauncher.debug      W  onDoFrameFinished: Fling is aborted by input event
2026-05-28 09:59:50.829 16131-16131 DynamicFra...nagerImpl] net.ashmeet.hyperlauncher.debug      I  handleInFrameRequest: disable end with-low-framerate, hasFocusedChange = false, isScrollAbort = true
2026-05-28 09:59:50.829 16131-16131 DynamicFra...nagerImpl] net.ashmeet.hyperlauncher.debug      I  setFrameRateInternalForView: TIMING_DO_FRAME_FINISH FrameRateControlUnit: { mTargetFrameRate = 0, mPreviewFrameRate = 90, mControlInfo = 0, mViewRoot = android.view.ViewRootImpl@d2c7a4, mTakeEffectType = 10003, mPreviousControlInfo = 0, mIsActive = false, mIsMoving = false, mEnableEndLowRate = true, mIsInGameAnim = false, mIsWidespreadAnim = false, mIsLauncherAnim = false mUnitFrameRate = 0 } 
2026-05-28 09:59:50.829 16131-16131 DynamicFra...nagerImpl] net.ashmeet.hyperlauncher.debug      W  FrameRateControlUnit.apply: TIMING_DO_FRAME_FINISH applyAsyncUnsafe after doFrame
2026-05-28 09:59:51.016 16131-16131 DynamicFra...peedAware] net.ashmeet.hyperlauncher.debug      I  onEventHandled: info: InputEventInfo: mX = 0, mY = 0, mAction = 0, mVsyncTime = 18002003, mIsMoving = true, mUpdated = true
2026-05-28 09:59:51.086 16131-16131 DynamicFra...peedAware] net.ashmeet.hyperlauncher.debug      I  syncInfoTogether: from STATE_IDLE to STATE_SCROLL_ANIMATION
2026-05-28 09:59:51.086 16131-16131 DynamicFra...ontroller] net.ashmeet.hyperlauncher.debug      I  onDoFrameFinished: mPreviousFramerate = 0, targetFrameRate = 90, frameRateThreshold = 90, hasFramerateChange = true, FlingTypedInfo.state = 2
2026-05-28 09:59:51.086 16131-16131 DynamicFra...ontroller] net.ashmeet.hyperlauncher.debug      I  setFrameRateTargetControl: set framerate to 90
2026-05-28 09:59:51.087 16131-16131 DynamicFra...nagerImpl] net.ashmeet.hyperlauncher.debug      I  setFrameRateInternalForView: TIMING_DO_FRAME_FINISH FrameRateControlUnit: { mTargetFrameRate = 90, mPreviewFrameRate = 0, mControlInfo = 0, mViewRoot = android.view.ViewRootImpl@d2c7a4, mTakeEffectType = 10001, mPreviousControlInfo = 0, mIsActive = true, mIsMoving = true, mEnableEndLowRate = false, mIsInGameAnim = false, mIsWidespreadAnim = false, mIsLauncherAnim = false mUnitFrameRate = 90 } 
2026-05-28 09:59:51.087 16131-16131 DynamicFra...nagerImpl] net.ashmeet.hyperlauncher.debug      W  FrameRateControlUnit.apply: TIMING_DO_FRAME_FINISH applyAsyncUnsafe after doFrame
2026-05-28 09:59:51.165 16131-16131 DynamicFra...peedAware] net.ashmeet.hyperlauncher.debug      I  onEventHandled: info: InputEventInfo: mX = 0, mY = 0, mAction = 1, mVsyncTime = 18002152, mIsMoving = false, mUpdated = true
2026-05-28 09:59:51.165 16131-16131 VelocityTracker         net.ashmeet.hyperlauncher.debug      I  LSQ2 speed rezero
2026-05-28 09:59:51.165 16131-16131 VelocityTracker         net.ashmeet.hyperlauncher.debug      I  LSQ2 speed rezero
2026-05-28 09:59:51.165 16131-16131 OplusViewD...ViewHelper net.ashmeet.hyperlauncher.debug      D  dispatchTouchView action = 1
2026-05-28 09:59:51.165 16131-16131 VelocityTracker         net.ashmeet.hyperlauncher.debug      I  LSQ2 speed rezero
2026-05-28 09:59:51.165 16131-16131 ViewRootImplExtImpl     net.ashmeet.hyperlauncher.debug      D  the up motion event handled by client, just return
2026-05-28 09:59:51.172 16131-16131 DynamicFra...peedAware] net.ashmeet.hyperlauncher.debug      I  syncInfoTogether: from STATE_SCROLL_ANIMATION to STATE_IDLE
2026-05-28 09:59:51.172 16131-16131 DynamicFra...ontroller] net.ashmeet.hyperlauncher.debug      I  onDoFrameFinished: mPreviousFramerate = 90, targetFrameRate = 0, frameRateThreshold = 90, hasFramerateChange = false, FlingTypedInfo.state = 0
2026-05-28 09:59:51.172 16131-16131 DynamicFra...ontroller] net.ashmeet.hyperlauncher.debug      I  setFrameRateTargetControl: set framerate to 0
2026-05-28 09:59:51.172 16131-16131 DynamicFra...nagerImpl] net.ashmeet.hyperlauncher.debug      I  setFrameRateInternalForView: TIMING_DO_FRAME_FINISH FrameRateControlUnit: { mTargetFrameRate = 0, mPreviewFrameRate = 90, mControlInfo = 0, mViewRoot = android.view.ViewRootImpl@d2c7a4, mTakeEffectType = 10001, mPreviousControlInfo = 0, mIsActive = false, mIsMoving = false, mEnableEndLowRate = false, mIsInGameAnim = false, mIsWidespreadAnim = false, mIsLauncherAnim = false mUnitFrameRate = 0 } 
2026-05-28 09:59:51.172 16131-16131 DynamicFra...nagerImpl] net.ashmeet.hyperlauncher.debug      W  FrameRateControlUnit.apply: TIMING_DO_FRAME_FINISH applyAsyncUnsafe after doFrame
2026-05-28 09:59:51.929 16131-16131 DynamicFra...peedAware] net.ashmeet.hyperlauncher.debug      I  onEventHandled: info: InputEventInfo: mX = 0, mY = 0, mAction = 0, mVsyncTime = 18002916, mIsMoving = true, mUpdated = true
2026-05-28 09:59:51.991 16131-16131 DynamicFra...peedAware] net.ashmeet.hyperlauncher.debug      I  onEventHandled: info: InputEventInfo: mX = 0, mY = 0, mAction = 1, mVsyncTime = 18002978, mIsMoving = false, mUpdated = true
2026-05-28 09:59:51.991 16131-16131 OplusViewD...ViewHelper net.ashmeet.hyperlauncher.debug      D  dispatchTouchView action = 1
2026-05-28 09:59:51.991 16131-16131 ViewRootImplExtImpl     net.ashmeet.hyperlauncher.debug      D  the up motion event handled by client, just return
2026-05-28 09:59:52.416 16131-16131 DynamicFra...peedAware] net.ashmeet.hyperlauncher.debug      I  onEventHandled: info: InputEventInfo: mX = 0, mY = 0, mAction = 0, mVsyncTime = 18003403, mIsMoving = true, mUpdated = true
2026-05-28 09:59:52.462 16131-16131 DynamicFra...peedAware] net.ashmeet.hyperlauncher.debug      I  onEventHandled: info: InputEventInfo: mX = 0, mY = 0, mAction = 1, mVsyncTime = 18003449, mIsMoving = false, mUpdated = true
2026-05-28 09:59:52.462 16131-16131 OplusViewD...ViewHelper net.ashmeet.hyperlauncher.debug      D  dispatchTouchView action = 1
2026-05-28 09:59:52.462 16131-16131 ViewRootImplExtImpl     net.ashmeet.hyperlauncher.debug      D  the up motion event handled by client, just return
2026-05-28 09:59:52.478 16131-16131 ContentInstallerFrag    net.ashmeet.hyperlauncher.debug      D  initFilters: id=fabric-loader-0.19.2-1.21.5, instanceVersion=1.21.5, instanceLoader=fabric
2026-05-28 09:59:52.479 16131-23474 ApiHandler              net.ashmeet.hyperlauncher.debug      D  https://api.modrinth.com/v2/search?query=&limit=50&index=relevance&facets=%5B%5B%22project_type%3Amod%22%5D%2C%5B%22versions%3A1.21.5%22%5D%2C%5B%22categories%3Afabric%22%5D%5D
2026-05-28 09:59:52.479 16131-16131 OplusCursorFeedback     net.ashmeet.hyperlauncher.debug      D  editorDetachFromWindow android.widget.Editor@cacb5ab
2026-05-28 09:59:52.479 16131-23474 DNS_CACHE               net.ashmeet.hyperlauncher.debug      D  oplus_oplus_getaddrinfo_proxy lookup from netd: hostname:api.modrinth.com, servname:(null) uid: 10451, result_code:408, res = 0x0, found = 0
2026-05-28 09:59:52.487 16131-16131 InsetBackground         net.ashmeet.hyperlauncher.debug      I  Insets{left=0, top=141, right=0, bottom=56}
2026-05-28 09:59:52.515 16131-23474 DNS_CACHE               net.ashmeet.hyperlauncher.debug      D  oplus_send_dns_response send hostname: api.modrinth.com, servname: (null) response into netd: 0, *res = 0x6e6229ab40
2026-05-28 09:59:53.190 16131-23474 class net....ApiHandler net.ashmeet.hyperlauncher.debug      D  {"hits":[{"project_id":"P7dR8mSH","project_type":"mod","slug":"fabric-api","author":"modmuss50","author_id":"JZA4dW8o","organization":null,"organization_id":null,"title":"Fabric API","description":"Lightweight and modular API providing common hooks and intercompatibility measures utilized by mods using the Fabric toolchain.","categories":["fabric","library"],"display_categories":["fabric","library"],"versions":["18w49a","18w50a","19w02a","19w03a","19w03c","19w04a","19w04b","19w05a","19w06a","19w07a","19w08a","19w08b","19w11a","19w11b","19w12a","19w12b","19w13a","19w13b","19w14a","19w14b","1.14-pre1","1.14-pre3","1.14","1.14.1-pre2","1.14.1","1.14.2-pre2","1.14.2-pre4","1.14.2","1.14.3","1.14.4-pre5","1.14.4","19w34a","19w35a","19w36a","19w37a","19w38b","19w39a","19w40a","19w41a","19w42a","19w44a","19w45a","19w45b","19w46a","19w46b","1.15-pre1","1.15-pre2","1.15-pre3","1.15-pre4","1.15-pre5","1.15-pre6","1.15-pre7","1.15","1.15.1","1.15.2-pre1","1.15.2-pre2","1.15.2","20w06a","20w07a","20w08a","20w09a","20w10a","20w11a","20w12a","20w13a","20w13b","20w14infinite","20w14a","20w15a","20w16a","20w17a","20w18a","20w19a","20w20a","20w20b","20w21a","20w22a","1.16-pre1","1.16-pre2","1.16-pre3","1.16-pre4","1.16-pre5","1.16-pre6","1.16-pre7","1.16-pre8","1.16-rc1","1.16","1.16.1","20w27a","20w28a","20w29a","20w30a","1.16.2-pre1","1.16.2-pre2","1.16.2-pre3","1.16.2-rc1","1.16.2","1.16.3","1.16.4","20w45a","20w46a","20w48a","20w49a","20w51a","1.16.5","21w03a","21w05a","21w05b","21w06a","21w07a","21w08a","21w10a","21w11a","21w13a","21w14a","21w15a","21w16a","21w17a","21w18a","21w19a","21w20a","1.17-pre1","1.17-rc1","1.17","1.17.1-rc2","1.17.1","21w37a","21w38a","21w39a","21w40a","21w41a","21w42a","21w43a","21w44a","1.18-pre1","1.18-pre2","1.18-pre3","1.18-pre4","1.18-pre5","1.18-pre6","1.18-pre7","1.18-rc1","1.18-rc2","1.18-rc3","1.18-rc4","1.18","1.18.1","22w03a","22w06a","22w07a","1.18.2-pre1","1.18.2-pre2","1.18.2-pre3","1.18.2-rc1","1.18.2","22w11a","22w12a","22w13a","22w13oneblockatatime","22w14a","22w15a","22w16b","22w17a","22w18a","22w19a","1.19-pre1","1.19-pre2","1.19-pre4","1.19-rc1","1.19","1.19.1-pre2","1.19.1-pre4","1.19.1-pre6","1.19.1-rc2","1.19.1-rc3","1.19.1","1.19.2","22w42a","22w43a","22w44a","22w45a","22w46a","1.19.3-pre1","1.19.3-pre2","1.19.3-pre3","1.19.3","23w03a","23w04a","23w05a","23w06a","23w07a","1.19.4-pre1","1.19.4-pre2","1.19.4-pre3","1.19.4","23w12a","23w13a","23w13a_or_b","23w14a","23w16a","23w17a","23w18a","1.20-pre1","1.20-pre2","1.20-pre3","1.20-pre5","1.20-pre6","1.20-pre7","1.20","1.20.1","23w31a","23w32a","23w33a","23w35a","1.20.2-pre1","1.20.2-pre2","1.20.2-pre4","1.20.2-rc1","1.20.2","23w40a","23w41a","23w42a","23w43a","23w43b","23w44a","23w45a","23w46a","1.20.3-pre1","1.20.3-pre2","1.20.3","1.20.4","23w51b","24w03b","24w04a","24w05a","24w06a","24w07a","24w09a","24w10a","24w11a","24w12a","24w13a","24w14potato","24w14a","1.20.5-pre1","1.20.5-pre2","1.20.5-pre3","1.20.5-pre4","1.20.5-rc2","1.20.5","1.20.6-rc1","1.20.6","24w18a","24w19b","24w20a","24w21b","1.21-pre1","1.21-pre3","1.21-pre4","1.21","1.21.1-rc1","1.21.1","24w33a","24w34a","24w35a","24w36a","24w37a","24w38a","24w39a","24w40a","1.21.2-pre1","1.21.2-pre3","1.21.2-pre4","1.21.2","1.21.3","24w44a","24w45a","24w46a","1.21.4-pre1","1.21.4-pre2","1.21.4-pre3","1.21.4-rc3","1.21.4","25w02a","25w03a","25w04a","25w05a","25w06a","25w07a","25w08a","25w09a","25w09b","25w10a","1.21.5-pre1","1.21.5-pre2","1.21.5-pre3","1.21.5-rc1","1.21.5-rc2","1.21.5","25w14craftmine","25w15a","25w16a","25w17a","25w18a","25w19a","25w20a","25w21a","1.21.6-pre1","1.21.6-pre3","1.21.6","1.21.7-rc1","1.21.7","1.21.8","25w31a","25w32a","25w33a","25w34b","25w35a","25w36b","25w37a","1.21.9-pre1","1.21.9-pre2","1.21.9-pre3","1.21.9-rc1","1.21.9","1.21.10","25w41a","25w42a","25w43a","25w44a","25w45a","25w46a","1.21.11-pre1","1.21.11-pre2","1.21.11-pre3","1.21.11","26.1-snapshot-1","26.1-snapshot-2","26.1-snapshot-3","26.1-snapshot-4","26.1-snapshot-5","26.1-snapshot-6","26.1-snapshot
2026-05-28 09:59:53.211 16131-23475 DNS_CACHE               net.ashmeet.hyperlauncher.debug      D  oplus_oplus_getaddrinfo_proxy lookup from netd: hostname:cdn.modrinth.com, servname:(null) uid: 10451, result_code:408, res = 0x0, found = 0
2026-05-28 09:59:53.215 16131-23537 DNS_CACHE               net.ashmeet.hyperlauncher.debug      D  oplus_oplus_getaddrinfo_proxy lookup from netd: hostname:cdn.modrinth.com, servname:(null) uid: 10451, result_code:408, res = 0x0, found = 0
2026-05-28 09:59:53.216 16131-23541 DNS_CACHE               net.ashmeet.hyperlauncher.debug      D  oplus_oplus_getaddrinfo_proxy lookup from netd: hostname:cdn.modrinth.com, servname:(null) uid: 10451, result_code:408, res = 0x0, found = 0
2026-05-28 09:59:53.217 16131-23474 DNS_CACHE               net.ashmeet.hyperlauncher.debug      D  oplus_oplus_getaddrinfo_proxy lookup from netd: hostname:cdn.modrinth.com, servname:(null) uid: 10451, result_code:408, res = 0x0, found = 0
2026-05-28 09:59:53.218 16131-16131 DynamicFra...peedAware] net.ashmeet.hyperlauncher.debug      I  onEventHandled: info: InputEventInfo: mX = 0, mY = 0, mAction = 0, mVsyncTime = 18004206, mIsMoving = true, mUpdated = true
2026-05-28 09:59:53.236 16131-23474 DNS_CACHE               net.ashmeet.hyperlauncher.debug      D  oplus_send_dns_response send hostname: cdn.modrinth.com, servname: (null) response into netd: 0, *res = 0x6efdf00000
2026-05-28 09:59:53.237 16131-23475 DNS_CACHE               net.ashmeet.hyperlauncher.debug      D  oplus_send_dns_response send hostname: cdn.modrinth.com, servname: (null) response into netd: 0, *res = 0x6efd6a1540
2026-05-28 09:59:53.237 16131-23537 DNS_CACHE               net.ashmeet.hyperlauncher.debug      D  oplus_send_dns_response send hostname: cdn.modrinth.com, servname: (null) response into netd: 0, *res = 0x6e52b559c0
2026-05-28 09:59:53.238 16131-23541 DNS_CACHE               net.ashmeet.hyperlauncher.debug      D  oplus_send_dns_response send hostname: cdn.modrinth.com, servname: (null) response into netd: 0, *res = 0x6efd5055c0
2026-05-28 09:59:53.263 16131-16131 DynamicFra...peedAware] net.ashmeet.hyperlauncher.debug      I  onEventHandled: info: InputEventInfo: mX = 0, mY = 0, mAction = 1, mVsyncTime = 18004251, mIsMoving = false, mUpdated = true
2026-05-28 09:59:53.264 16131-16131 OplusViewD...ViewHelper net.ashmeet.hyperlauncher.debug      D  dispatchTouchView action = 1
2026-05-28 09:59:53.264 16131-16131 ViewRootImplExtImpl     net.ashmeet.hyperlauncher.debug      D  the up motion event handled by client, just return
2026-05-28 09:59:53.274 16131-16131 OplusCursorFeedback     net.ashmeet.hyperlauncher.debug      D  editorDetachFromWindow android.widget.Editor@d0bafbe
2026-05-28 09:59:53.274 16131-16131 OplusCursorFeedback     net.ashmeet.hyperlauncher.debug      D  editorDetachFromWindow android.widget.Editor@879e81f
2026-05-28 09:59:53.276 16131-16131 InsetBackground         net.ashmeet.hyperlauncher.debug      I  Insets{left=0, top=141, right=0, bottom=56}
2026-05-28 09:59:53.428 16131-16131 BitmapDrawable          net.ashmeet.hyperlauncher.debug      W  BitmapDrawable created with null Bitmap
2026-05-28 09:59:54.660 16131-16131 DynamicFra...peedAware] net.ashmeet.hyperlauncher.debug      I  onEventHandled: info: InputEventInfo: mX = 0, mY = 0, mAction = 0, mVsyncTime = 18005647, mIsMoving = true, mUpdated = true
2026-05-28 09:59:54.727 16131-16131 DynamicFra...peedAware] net.ashmeet.hyperlauncher.debug      I  onEventHandled: info: InputEventInfo: mX = 0, mY = 0, mAction = 1, mVsyncTime = 18005715, mIsMoving = false, mUpdated = true
2026-05-28 09:59:54.727 16131-16131 OplusViewD...ViewHelper net.ashmeet.hyperlauncher.debug      D  dispatchTouchView action = 1
