2026-05-28 10:01:12.410 19925-19925 DynamicFra...peedAware] net.ashmeet.hyperlauncher.debug      I  onEventHandled: info: InputEventInfo: mX = 0, mY = 0, mAction = 0, mVsyncTime = 18083397, mIsMoving = true, mUpdated = true
2026-05-28 10:01:12.632 19925-19925 DynamicFra...peedAware] net.ashmeet.hyperlauncher.debug      I  onEventHandled: info: InputEventInfo: mX = 0, mY = 0, mAction = 1, mVsyncTime = 18083620, mIsMoving = false, mUpdated = true
2026-05-28 10:01:12.632 19925-19925 OplusViewD...ViewHelper net.ashmeet.hyperlauncher.debug      D  dispatchTouchView action = 1
2026-05-28 10:01:12.633 19925-19925 ViewRootImplExtImpl     net.ashmeet.hyperlauncher.debug      D  the up motion event handled by client, just return
2026-05-28 10:01:12.897 19925-19925 DynamicFra...peedAware] net.ashmeet.hyperlauncher.debug      I  onEventHandled: info: InputEventInfo: mX = 0, mY = 0, mAction = 0, mVsyncTime = 18083885, mIsMoving = true, mUpdated = true
2026-05-28 10:01:13.097 19925-19925 DynamicFra...peedAware] net.ashmeet.hyperlauncher.debug      I  onEventHandled: info: InputEventInfo: mX = 0, mY = 0, mAction = 1, mVsyncTime = 18084084, mIsMoving = false, mUpdated = true
2026-05-28 10:01:13.097 19925-19925 OplusViewD...ViewHelper net.ashmeet.hyperlauncher.debug      D  dispatchTouchView action = 1
2026-05-28 10:01:13.097 19925-19925 ViewRootImplExtImpl     net.ashmeet.hyperlauncher.debug      D  the up motion event handled by client, just return
2026-05-28 10:01:13.403 19925-19925 DynamicFra...peedAware] net.ashmeet.hyperlauncher.debug      I  onEventHandled: info: InputEventInfo: mX = 0, mY = 0, mAction = 0, mVsyncTime = 18084391, mIsMoving = true, mUpdated = true
2026-05-28 10:01:14.296 19925-19925 DynamicFra...peedAware] net.ashmeet.hyperlauncher.debug      I  onEventHandled: info: InputEventInfo: mX = 0, mY = 0, mAction = 1, mVsyncTime = 18085284, mIsMoving = false, mUpdated = true
2026-05-28 10:01:14.296 19925-19925 OplusViewD...ViewHelper net.ashmeet.hyperlauncher.debug      D  dispatchTouchView action = 1
2026-05-28 10:01:14.296 19925-19925 ViewRootImplExtImpl     net.ashmeet.hyperlauncher.debug      D  the up motion event handled by client, just return
2026-05-28 10:01:14.394 19925-25052 openal                  net.ashmeet.hyperlauncher.debug      D  [ALSOFT] (II) Increasing allocated voice properties to 32
2026-05-28 10:01:14.512 19925-19925 DynamicFra...peedAware] net.ashmeet.hyperlauncher.debug      I  onEventHandled: info: InputEventInfo: mX = 0, mY = 0, mAction = 0, mVsyncTime = 18085499, mIsMoving = true, mUpdated = true
2026-05-28 10:01:14.703 19925-19925 DynamicFra...peedAware] net.ashmeet.hyperlauncher.debug      I  onEventHandled: info: InputEventInfo: mX = 0, mY = 0, mAction = 1, mVsyncTime = 18085691, mIsMoving = false, mUpdated = true
2026-05-28 10:01:14.703 19925-19925 VelocityTracker         net.ashmeet.hyperlauncher.debug      I  LSQ2 speed rezero
2026-05-28 10:01:14.703 19925-19925 VelocityTracker         net.ashmeet.hyperlauncher.debug      I  LSQ2 speed rezero
2026-05-28 10:01:14.704 19925-19925 OplusViewD...ViewHelper net.ashmeet.hyperlauncher.debug      D  dispatchTouchView action = 1
2026-05-28 10:01:14.704 19925-19925 VelocityTracker         net.ashmeet.hyperlauncher.debug      I  LSQ2 speed rezero
2026-05-28 10:01:14.704 19925-19925 VelocityTracker         net.ashmeet.hyperlauncher.debug      I  LSQ2 speed rezero
2026-05-28 10:01:14.704 19925-19925 ViewRootImplExtImpl     net.ashmeet.hyperlauncher.debug      D  the up motion event handled by client, just return
2026-05-28 10:01:14.852 19925-19925 DynamicFra...peedAware] net.ashmeet.hyperlauncher.debug      I  onEventHandled: info: InputEventInfo: mX = 0, mY = 0, mAction = 0, mVsyncTime = 18085839, mIsMoving = true, mUpdated = true
2026-05-28 10:01:14.901 19925-19925 DynamicFra...peedAware] net.ashmeet.hyperlauncher.debug      I  onEventHandled: info: InputEventInfo: mX = 0, mY = 0, mAction = 1, mVsyncTime = 18085888, mIsMoving = false, mUpdated = true
2026-05-28 10:01:14.901 19925-19925 OplusViewD...ViewHelper net.ashmeet.hyperlauncher.debug      D  dispatchTouchView action = 1
2026-05-28 10:01:14.902 19925-19925 ViewRootImplExtImpl     net.ashmeet.hyperlauncher.debug      D  the up motion event handled by client, just return
2026-05-28 10:01:15.041 19925-19925 DynamicFra...peedAware] net.ashmeet.hyperlauncher.debug      I  onEventHandled: info: InputEventInfo: mX = 0, mY = 0, mAction = 0, mVsyncTime = 18086029, mIsMoving = true, mUpdated = true
2026-05-28 10:01:15.198 19925-19925 DynamicFra...peedAware] net.ashmeet.hyperlauncher.debug      I  onEventHandled: info: InputEventInfo: mX = 0, mY = 0, mAction = 1, mVsyncTime = 18086186, mIsMoving = false, mUpdated = true
2026-05-28 10:01:15.199 19925-19925 OplusViewD...ViewHelper net.ashmeet.hyperlauncher.debug      D  dispatchTouchView action = 1
2026-05-28 10:01:15.199 19925-19925 ViewRootImplExtImpl     net.ashmeet.hyperlauncher.debug      D  the up motion event handled by client, just return
2026-05-28 10:01:15.430 19925-19925 DynamicFra...peedAware] net.ashmeet.hyperlauncher.debug      I  onEventHandled: info: InputEventInfo: mX = 0, mY = 0, mAction = 0, mVsyncTime = 18086418, mIsMoving = true, mUpdated = true
2026-05-28 10:01:15.464 19925-19925 DynamicFra...peedAware] net.ashmeet.hyperlauncher.debug      I  onEventHandled: info: InputEventInfo: mX = 0, mY = 0, mAction = 1, mVsyncTime = 18086451, mIsMoving = false, mUpdated = true
2026-05-28 10:01:15.464 19925-19925 OplusViewD...ViewHelper net.ashmeet.hyperlauncher.debug      D  dispatchTouchView action = 1
2026-05-28 10:01:15.464 19925-19925 ViewRootImplExtImpl     net.ashmeet.hyperlauncher.debug      D  the up motion event handled by client, just return
2026-05-28 10:01:15.637 19925-19925 DynamicFra...peedAware] net.ashmeet.hyperlauncher.debug      I  onEventHandled: info: InputEventInfo: mX = 0, mY = 0, mAction = 0, mVsyncTime = 18086625, mIsMoving = true, mUpdated = true
2026-05-28 10:01:15.953 19925-19925 DynamicFra...peedAware] net.ashmeet.hyperlauncher.debug      I  onEventHandled: info: InputEventInfo: mX = 0, mY = 0, mAction = 1, mVsyncTime = 18086941, mIsMoving = false, mUpdated = true
2026-05-28 10:01:15.954 19925-19925 OplusViewD...ViewHelper net.ashmeet.hyperlauncher.debug      D  dispatchTouchView action = 1
2026-05-28 10:01:15.954 19925-19925 ViewRootImplExtImpl     net.ashmeet.hyperlauncher.debug      D  the up motion event handled by client, just return
2026-05-28 10:01:16.118 19925-19925 DynamicFra...peedAware] net.ashmeet.hyperlauncher.debug      I  onEventHandled: info: InputEventInfo: mX = 0, mY = 0, mAction = 0, mVsyncTime = 18087105, mIsMoving = true, mUpdated = true
2026-05-28 10:01:16.374 19925-19925 DynamicFra...peedAware] net.ashmeet.hyperlauncher.debug      I  onEventHandled: info: InputEventInfo: mX = 0, mY = 0, mAction = 1, mVsyncTime = 18087362, mIsMoving = false, mUpdated = true
2026-05-28 10:01:16.374 19925-19925 VelocityTracker         net.ashmeet.hyperlauncher.debug      I  LSQ2 speed rezero
2026-05-28 10:01:16.374 19925-19925 VelocityTracker         net.ashmeet.hyperlauncher.debug      I  LSQ2 speed rezero
2026-05-28 10:01:16.375 19925-19925 OplusViewD...ViewHelper net.ashmeet.hyperlauncher.debug      D  dispatchTouchView action = 1
2026-05-28 10:01:16.375 19925-19925 VelocityTracker         net.ashmeet.hyperlauncher.debug      I  LSQ2 speed rezero
2026-05-28 10:01:16.375 19925-19925 VelocityTracker         net.ashmeet.hyperlauncher.debug      I  LSQ2 speed rezero
2026-05-28 10:01:16.375 19925-19925 ViewRootImplExtImpl     net.ashmeet.hyperlauncher.debug      D  the up motion event handled by client, just return
2026-05-28 10:01:16.381 19925-24940 HyperLauncher           net.ashmeet.hyperlauncher.debug      W  No colon on line "narratorHo", skipping
2026-05-28 10:01:16.381 19925-24940 HyperLauncher           net.ashmeet.hyperlauncher.debug      W  No colon on line "mouseWheelS", skipping
2026-05-28 10:01:16.381 19925-24940 HyperLauncher           net.ashmeet.hyperlauncher.debug      W  No colon on line "soundCategory_ma", skipping
2026-05-28 10:01:16.540 19925-19925 DynamicFra...peedAware] net.ashmeet.hyperlauncher.debug      I  onEventHandled: info: InputEventInfo: mX = 0, mY = 0, mAction = 0, mVsyncTime = 18087527, mIsMoving = true, mUpdated = true
2026-05-28 10:01:16.623 19925-19925 DynamicFra...peedAware] net.ashmeet.hyperlauncher.debug      I  onEventHandled: info: InputEventInfo: mX = 0, mY = 0, mAction = 1, mVsyncTime = 18087610, mIsMoving = false, mUpdated = true
2026-05-28 10:01:16.623 19925-19925 OplusViewD...ViewHelper net.ashmeet.hyperlauncher.debug      D  dispatchTouchView action = 1
2026-05-28 10:01:16.623 19925-19925 ViewRootImplExtImpl     net.ashmeet.hyperlauncher.debug      D  the up motion event handled by client, just return
2026-05-28 10:01:16.772 19925-19925 DynamicFra...peedAware] net.ashmeet.hyperlauncher.debug      I  onEventHandled: info: InputEventInfo: mX = 0, mY = 0, mAction = 0, mVsyncTime = 18087759, mIsMoving = true, mUpdated = true
2026-05-28 10:01:17.368 19925-19925 DynamicFra...peedAware] net.ashmeet.hyperlauncher.debug      I  onEventHandled: info: InputEventInfo: mX = 0, mY = 0, mAction = 1, mVsyncTime = 18088355, mIsMoving = false, mUpdated = true
2026-05-28 10:01:17.368 19925-19925 OplusViewD...ViewHelper net.ashmeet.hyperlauncher.debug      D  dispatchTouchView action = 1
2026-05-28 10:01:17.368 19925-19925 ViewRootImplExtImpl     net.ashmeet.hyperlauncher.debug      D  the up motion event handled by client, just return
2026-05-28 10:01:17.468 19925-19925 DynamicFra...peedAware] net.ashmeet.hyperlauncher.debug      I  onEventHandled: info: InputEventInfo: mX = 0, mY = 0, mAction = 0, mVsyncTime = 18088456, mIsMoving = true, mUpdated = true
2026-05-28 10:01:17.541 19925-19925 DynamicFra...peedAware] net.ashmeet.hyperlauncher.debug      I  onEventHandled: info: InputEventInfo: mX = 0, mY = 0, mAction = 1, mVsyncTime = 18088529, mIsMoving = false, mUpdated = true
2026-05-28 10:01:17.542 19925-19925 OplusViewD...ViewHelper net.ashmeet.hyperlauncher.debug      D  dispatchTouchView action = 1
2026-05-28 10:01:17.542 19925-19925 ViewRootImplExtImpl     net.ashmeet.hyperlauncher.debug      D  the up motion event handled by client, just return
2026-05-28 10:01:17.547 19925-24940 HyperLauncher           net.ashmeet.hyperlauncher.debug      W  No colon on line "narratorHo", skipping
2026-05-28 10:01:17.601  6670-6670  oiface                  oiface                               E  can not find task:net.ashmeet.hyperlauncher.debug
2026-05-28 10:01:17.842 19925-19925 DynamicFra...peedAware] net.ashmeet.hyperlauncher.debug      I  onEventHandled: info: InputEventInfo: mX = 0, mY = 0, mAction = 0, mVsyncTime = 18088829, mIsMoving = true, mUpdated = true
2026-05-28 10:01:18.286 19925-19925 DynamicFra...peedAware] net.ashmeet.hyperlauncher.debug      I  onEventHandled: info: InputEventInfo: mX = 0, mY = 0, mAction = 1, mVsyncTime = 18089274, mIsMoving = false, mUpdated = true
2026-05-28 10:01:18.287 19925-19925 OplusViewD...ViewHelper net.ashmeet.hyperlauncher.debug      D  dispatchTouchView action = 1
2026-05-28 10:01:18.287 19925-19925 ViewRootImplExtImpl     net.ashmeet.hyperlauncher.debug      D  the up motion event handled by client, just return
2026-05-28 10:01:18.427 19925-19925 DynamicFra...peedAware] net.ashmeet.hyperlauncher.debug      I  onEventHandled: info: InputEventInfo: mX = 0, mY = 0, mAction = 0, mVsyncTime = 18089415, mIsMoving = true, mUpdated = true
2026-05-28 10:01:18.485 19925-19925 DynamicFra...peedAware] net.ashmeet.hyperlauncher.debug      I  onEventHandled: info: InputEventInfo: mX = 0, mY = 0, mAction = 1, mVsyncTime = 18089473, mIsMoving = false, mUpdated = true
2026-05-28 10:01:18.485 19925-19925 OplusViewD...ViewHelper net.ashmeet.hyperlauncher.debug      D  dispatchTouchView action = 1
2026-05-28 10:01:18.485 19925-19925 ViewRootImplExtImpl     net.ashmeet.hyperlauncher.debug      D  the up motion event handled by client, just return
2026-05-28 10:01:18.497 19925-24940 HyperLauncher           net.ashmeet.hyperlauncher.debug      W  No colon on line "narratorHo", skipping
2026-05-28 10:01:18.792 19925-19925 DynamicFra...peedAware] net.ashmeet.hyperlauncher.debug      I  onEventHandled: info: InputEventInfo: mX = 0, mY = 0, mAction = 0, mVsyncTime = 18089780, mIsMoving = true, mUpdated = true
2026-05-28 10:01:19.288 19925-19925 DynamicFra...peedAware] net.ashmeet.hyperlauncher.debug      I  onEventHandled: info: InputEventInfo: mX = 0, mY = 0, mAction = 1, mVsyncTime = 18090275, mIsMoving = false, mUpdated = true
2026-05-28 10:01:19.288 19925-19925 OplusViewD...ViewHelper net.ashmeet.hyperlauncher.debug      D  dispatchTouchView action = 1
2026-05-28 10:01:19.288 19925-19925 ViewRootImplExtImpl     net.ashmeet.hyperlauncher.debug      D  the up motion event handled by client, just return
2026-05-28 10:01:19.329 19925-19925 DynamicFra...peedAware] net.ashmeet.hyperlauncher.debug      I  onEventHandled: info: InputEventInfo: mX = 0, mY = 0, mAction = 0, mVsyncTime = 18090317, mIsMoving = true, mUpdated = true
2026-05-28 10:01:19.661 19925-19925 DynamicFra...peedAware] net.ashmeet.hyperlauncher.debug      I  onEventHandled: info: InputEventInfo: mX = 0, mY = 0, mAction = 1, mVsyncTime = 18090648, mIsMoving = false, mUpdated = true
2026-05-28 10:01:19.661 19925-19925 VelocityTracker         net.ashmeet.hyperlauncher.debug      I  LSQ2 speed rezero
2026-05-28 10:01:19.661 19925-19925 OplusViewD...ViewHelper net.ashmeet.hyperlauncher.debug      D  dispatchTouchView action = 1
2026-05-28 10:01:19.661 19925-19925 VelocityTracker         net.ashmeet.hyperlauncher.debug      I  LSQ2 speed rezero
2026-05-28 10:01:19.661 19925-19925 ViewRootImplExtImpl     net.ashmeet.hyperlauncher.debug      D  the up motion event handled by client, just return
2026-05-28 10:01:19.801 19925-19925 DynamicFra...peedAware] net.ashmeet.hyperlauncher.debug      I  onEventHandled: info: InputEventInfo: mX = 0, mY = 0, mAction = 0, mVsyncTime = 18090789, mIsMoving = true, mUpdated = true
2026-05-28 10:01:19.843 19925-19925 DynamicFra...peedAware] net.ashmeet.hyperlauncher.debug      I  onEventHandled: info: InputEventInfo: mX = 0, mY = 0, mAction = 1, mVsyncTime = 18090830, mIsMoving = false, mUpdated = true
2026-05-28 10:01:19.843 19925-19925 OplusViewD...ViewHelper net.ashmeet.hyperlauncher.debug      D  dispatchTouchView action = 1
2026-05-28 10:01:19.843 19925-19925 ViewRootImplExtImpl     net.ashmeet.hyperlauncher.debug      D  the up motion event handled by client, just return
2026-05-28 10:01:20.000 19925-19925 DynamicFra...peedAware] net.ashmeet.hyperlauncher.debug      I  onEventHandled: info: InputEventInfo: mX = 0, mY = 0, mAction = 0, mVsyncTime = 18090988, mIsMoving = true, mUpdated = true
2026-05-28 10:01:20.183 19925-19925 DynamicFra...peedAware] net.ashmeet.hyperlauncher.debug      I  onEventHandled: info: InputEventInfo: mX = 0, mY = 0, mAction = 1, mVsyncTime = 18091170, mIsMoving = false, mUpdated = true
2026-05-28 10:01:20.183 19925-19925 OplusViewD...ViewHelper net.ashmeet.hyperlauncher.debug      D  dispatchTouchView action = 1
2026-05-28 10:01:20.183 19925-19925 ViewRootImplExtImpl     net.ashmeet.hyperlauncher.debug      D  the up motion event handled by client, just return
2026-05-28 10:01:20.315 19925-19925 DynamicFra...peedAware] net.ashmeet.hyperlauncher.debug      I  onEventHandled: info: InputEventInfo: mX = 0, mY = 0, mAction = 0, mVsyncTime = 18091302, mIsMoving = true, mUpdated = true
2026-05-28 10:01:20.373 19925-19925 DynamicFra...peedAware] net.ashmeet.hyperlauncher.debug      I  onEventHandled: info: InputEventInfo: mX = 0, mY = 0, mAction = 1, mVsyncTime = 18091360, mIsMoving = false, mUpdated = true
2026-05-28 10:01:20.373 19925-19925 OplusViewD...ViewHelper net.ashmeet.hyperlauncher.debug      D  dispatchTouchView action = 1
2026-05-28 10:01:20.373 19925-19925 ViewRootImplExtImpl     net.ashmeet.hyperlauncher.debug      D  the up motion event handled by client, just return
2026-05-28 10:01:20.514 19925-19925 DynamicFra...peedAware] net.ashmeet.hyperlauncher.debug      I  onEventHandled: info: InputEventInfo: mX = 0, mY = 0, mAction = 0, mVsyncTime = 18091502, mIsMoving = true, mUpdated = true
2026-05-28 10:01:20.571 19925-19925 DynamicFra...peedAware] net.ashmeet.hyperlauncher.debug      I  onEventHandled: info: InputEventInfo: mX = 0, mY = 0, mAction = 1, mVsyncTime = 18091559, mIsMoving = false, mUpdated = true
2026-05-28 10:01:20.572 19925-19925 OplusViewD...ViewHelper net.ashmeet.hyperlauncher.debug      D  dispatchTouchView action = 1
2026-05-28 10:01:20.572 19925-19925 ViewRootImplExtImpl     net.ashmeet.hyperlauncher.debug      D  the up motion event handled by client, just return
2026-05-28 10:01:21.109 19925-19925 DynamicFra...peedAware] net.ashmeet.hyperlauncher.debug      I  onEventHandled: info: InputEventInfo: mX = 0, mY = 0, mAction = 0, mVsyncTime = 18092097, mIsMoving = true, mUpdated = true
2026-05-28 10:01:21.549 19925-19925 DynamicFra...peedAware] net.ashmeet.hyperlauncher.debug      I  onEventHandled: info: InputEventInfo: mX = 0, mY = 0, mAction = 1, mVsyncTime = 18092537, mIsMoving = false, mUpdated = true
2026-05-28 10:01:21.549 19925-19925 OplusViewD...ViewHelper net.ashmeet.hyperlauncher.debug      D  dispatchTouchView action = 1
2026-05-28 10:01:21.550 19925-19925 ViewRootImplExtImpl     net.ashmeet.hyperlauncher.debug      D  the up motion event handled by client, just return
2026-05-28 10:01:23.595  6670-17384 oiface                  oiface                               E  can not find task:net.ashmeet.hyperlauncher.debug
2026-05-28 10:01:25.110 19925-19925 DynamicFra...peedAware] net.ashmeet.hyperlauncher.debug      I  onEventHandled: info: InputEventInfo: mX = 0, mY = 0, mAction = 0, mVsyncTime = 18096098, mIsMoving = true, mUpdated = true
2026-05-28 10:01:25.165 19925-19925 DynamicFra...peedAware] net.ashmeet.hyperlauncher.debug      I  onEventHandled: info: InputEventInfo: mX = 0, mY = 0, mAction = 1, mVsyncTime = 18096153, mIsMoving = false, mUpdated = true
2026-05-28 10:01:25.166 19925-19925 OplusViewD...ViewHelper net.ashmeet.hyperlauncher.debug      D  dispatchTouchView action = 1
2026-05-28 10:01:25.166 19925-19925 ViewRootImplExtImpl     net.ashmeet.hyperlauncher.debug      D  the up motion event handled by client, just return
2026-05-28 10:01:25.214 19925-24951 AAudio                  net.ashmeet.hyperlauncher.debug      D  AAudioStream_requestStop(s#4) called
2026-05-28 10:01:25.214 19925-24951 AAudioStream            net.ashmeet.hyperlauncher.debug      D  setState(s#4) from 4 to 9
2026-05-28 10:01:25.214 19925-24951 AudioTrack              net.ashmeet.hyperlauncher.debug      D  [oplusAudioFade]stop mState STATE_ACTIVE, mIsTrackSupportFade 0
2026-05-28 10:01:25.214 19925-24951 AudioTrack              net.ashmeet.hyperlauncher.debug      D  stop(763): prior state:STATE_ACTIVE output 13 stream 3 session 3817
2026-05-28 10:01:25.214 19925-24951 AudioTrack              net.ashmeet.hyperlauncher.debug      D  stop(763): called with 685440 frames delivered
2026-05-28 10:01:25.214  3702-10556 AppOps                  system_server                        E  attributionTag  not declared in manifest of net.ashmeet.hyperlauncher.debug
2026-05-28 10:01:25.215  3702-10556 AppOps                  system_server                        E  attributionTag  not declared in manifest of net.ashmeet.hyperlauncher.debug
2026-05-28 10:01:25.215 19925-24951 AudioTrack              net.ashmeet.hyperlauncher.debug      I  stop(763): 0x6d76e94600 stop done
2026-05-28 10:01:25.215 19925-24951 AAudioStream            net.ashmeet.hyperlauncher.debug      D  setState(s#4) from 9 to 10
2026-05-28 10:01:25.215 19925-24951 openal                  net.ashmeet.hyperlauncher.debug      D  [ALSOFT] (II) Freeing context 0x6d57e63700
2026-05-28 10:01:25.215 19925-24951 openal                  net.ashmeet.hyperlauncher.debug      D  [ALSOFT] (II) Freeing device 0x6d5f71a240
2026-05-28 10:01:25.215 19925-24951 AAudio                  net.ashmeet.hyperlauncher.debug      D  AAudioStream_requestStop(s#4) called
2026-05-28 10:01:25.225 19925-24951 AAudio                  net.ashmeet.hyperlauncher.debug      D  AAudioStream_close(s#4) called ---------------
2026-05-28 10:01:25.225 19925-24951 AAudioStream            net.ashmeet.hyperlauncher.debug      D  setState(s#4) from 10 to 11
2026-05-28 10:01:25.225 19925-24951 AudioTrack              net.ashmeet.hyperlauncher.debug      D  [oplusAudioFade]stop mState STATE_STOPPED, mIsTrackSupportFade 0
2026-05-28 10:01:25.225 19925-24951 AudioTrack              net.ashmeet.hyperlauncher.debug      D  stop(763): prior state:STATE_STOPPED output 13 stream 3 session 3817
2026-05-28 10:01:25.225 19925-24951 AudioTrack              net.ashmeet.hyperlauncher.debug      I  stopAndJoinCallbacks(763) done
2026-05-28 10:01:25.225 19925-24951 AudioTrack              net.ashmeet.hyperlauncher.debug      D  ~AudioTrack(763), releasing mStatus =0 session id 3817 from 19925 on behalf of 19925
2026-05-28 10:01:25.225 19925-24951 AudioTrack              net.ashmeet.hyperlauncher.debug      D  [oplusAudioFade]stop mState STATE_STOPPED, mIsTrackSupportFade 0
2026-05-28 10:01:25.225 19925-24951 AudioTrack              net.ashmeet.hyperlauncher.debug      D  stop(763): prior state:STATE_STOPPED output 13 stream 3 session 3817
2026-05-28 10:01:25.225 19925-24951 AudioTrack              net.ashmeet.hyperlauncher.debug      I  stopAndJoinCallbacks(763) done
2026-05-28 10:01:25.225 19925-24951 AAudioStream            net.ashmeet.hyperlauncher.debug      D  setState(s#4) from 11 to 12
2026-05-28 10:01:25.226 19925-24951 AAudioStream            net.ashmeet.hyperlauncher.debug      D  ~AudioStream(s#4) mPlayerBase strongCount = 2
2026-05-28 10:01:25.226 19925-24951 AAudio                  net.ashmeet.hyperlauncher.debug      D  AAudioStream_close(s#4) returned 0 ---------
2026-05-28 10:01:25.234 19925-24951 input_bridge_v3.c       net.ashmeet.hyperlauncher.debug      I  Input ready: 0
2026-05-28 10:01:25.234 19925-24951 AnrLogEnha...HelperImpl net.ashmeet.hyperlauncher.debug      W  postSynBarrier to main thread's messagequeue through 24951 Barrier message is:{ when=0 barrier=986 }
2026-05-28 10:01:25.243 19925-24965 cher.debug:game         net.ashmeet.hyperlauncher.debug      I  System.exit called, status: 0
2026-05-28 10:01:25.244 19925-24965 AndroidRuntime          net.ashmeet.hyperlauncher.debug      I  VM exiting with result code 0, cleanup skipped.
2026-05-28 10:01:25.379  3702-4662  InputDispatcher         system_server                        E  channel '86fa1cc net.ashmeet.hyperlauncher.debug/net.kdt.pojavlaunch.MainActivity' ~ Channel is unrecoverably broken and will be disposed!
---------------------------- PROCESS ENDED (19925) for package net.ashmeet.hyperlauncher.debug ----------------------------
2026-05-28 10:01:25.434  2060-2144  PERFHAL-CONFIG          ven...ti.hardware.perf2-hal-service  E  PERFHAL-CONFIG: GetConfig() 528: Config NumThreads_60 undefined for package net.ashmeet.hyperlauncher.debug
2026-05-28 10:01:25.434  2060-2144  PERFHAL-CONFIG          ven...ti.hardware.perf2-hal-service  E  PERFHAL-CONFIG: GetConfig() 528: Config NumThreads_Def undefined for package net.ashmeet.hyperlauncher.debug
2026-05-28 10:01:25.435 16131-23147 VRI[LauncherActivity]   net.ashmeet.hyperlauncher.debug      D  dispatchAppVisibility visible:true mUpcomingWindowFocus:false
2026-05-28 10:01:25.438 16131-16131 VRI[LauncherActivity]   net.ashmeet.hyperlauncher.debug      D  setWindowStopped stopped:false
2026-05-28 10:01:25.438  3702-4012  OplusThermalStats       system_server                        E  Error getting package info: net.ashmeet.hyperlauncher.debug
2026-05-28 10:01:25.438 16131-16131 ViewRootImpl            net.ashmeet.hyperlauncher.debug      D  Skipping stats log for color mode
2026-05-28 10:01:25.440 16131-16131 ActivityThread          net.ashmeet.hyperlauncher.debug      D  ComponentInfo{net.ashmeet.hyperlauncher.debug/net.kdt.pojavlaunch.LauncherActivity} checkFinished=false 2
2026-05-28 10:01:25.440 16131-16131 ResourcesManagerExtImpl net.ashmeet.hyperlauncher.debug      D  applyConfigurationToAppResourcesLocked app.getDisplayId() return callback.displayId:0
2026-05-28 10:01:25.441 16131-16131 BitmapDrawable          net.ashmeet.hyperlauncher.debug      W  BitmapDrawable created with null Bitmap
2026-05-28 10:01:25.447 16131-16131 DynamicFra...foManager] net.ashmeet.hyperlauncher.debug      I  onWindowVisibilityChanged: viewRoot-android.view.ViewRootImpl@d2c7a4 visibility changes to 0
2026-05-28 10:01:25.447 16131-16131 ViewRootImplExtImpl     net.ashmeet.hyperlauncher.debug      D  wrapConfigInfoIntoFlags rotation=1, smallestScreenWidthDp=363, residentWS=false, scenario=0, bounds=Rect(0, 0 - 2800, 1272), isFirstDraw=false, relayoutAsync=false, flags=0, newFlags=1468018024, title=net.ashmeet.hyperlauncher.debug/net.kdt.pojavlaunch.LauncherActivity
2026-05-28 10:01:25.451 16131-16131 VRI[LauncherActivity]   net.ashmeet.hyperlauncher.debug      D  relayoutWindow result, sizeChanged:false, surfaceControlChanged:true, transformHintChanged:false, mSurfaceSize:Point(2800, 1272), mLastSurfaceSize:Point(2800, 1272), mWidth:2800, mHeight:1272, requestedWidth:2800, requestedHeight:1272, transformHint:4, installOrientation:0, displayRotation:1, isSurfaceValid:true, attr.flag:-2139029248, tmpFrames:ClientWindowFrames{frame=[0,0][2800,1272] display=[0,0][2800,1272] parentFrame=[0,0][0,0]}, relayoutResult:3, relayoutAsync:false, mSyncSeqId:0
2026-05-28 10:01:25.451 16131-16131 VRI[LauncherActivity]   net.ashmeet.hyperlauncher.debug      W  updateBlastSurfaceIfNeeded, surfaceSize:Point(2800, 1272), lastSurfaceSize:Point(2800, 1272), format:-1, blastBufferQueue:null
2026-05-28 10:01:25.451 16131-16131 BufferQueueConsumer     net.ashmeet.hyperlauncher.debug      D  [](id:3f030000000d,api:0,p:-1,c:16131) connect: controlledByApp=false
2026-05-28 10:01:25.451 16131-16131 BufferQueueConsumer     net.ashmeet.hyperlauncher.debug      D  [VRI[LauncherActivity]#13(BLAST Consumer)13](id:3f030000000d,api:0,p:-1,c:16131) setMaxAcquiredBufferCount: 2
2026-05-28 10:01:25.452 16131-16131 InsetBackground         net.ashmeet.hyperlauncher.debug      I  Insets{left=0, top=141, right=0, bottom=56}
2026-05-28 10:01:25.452 16131-23454 BufferQueueProducer     net.ashmeet.hyperlauncher.debug      D  [VRI[LauncherActivity]#13(BLAST Consumer)13](id:3f030000000d,api:1,p:16131,c:16131) connect: api=1 producerControlledByApp=true
2026-05-28 10:01:25.453 16131-16131 SurfaceControl          net.ashmeet.hyperlauncher.debug      I   setExtendedRangeBrightness sc=Surface(name=net.ashmeet.hyperlauncher.debug/net.kdt.pojavlaunch.LauncherActivity)/@0x214705d,currentBufferRatio=1.0,desiredRatio=1.0
2026-05-28 10:01:25.463 16131-23454 BLASTBufferQueue        net.ashmeet.hyperlauncher.debug      D  [VRI[LauncherActivity]#13](f:0,a:1) acquireNextBufferLocked size=2800x1272 mFrameNumber=1 applyTransaction=true mTimestamp=18096450595543(auto) mPendingTransactions.size=0 graphicBufferId=69282117451837 transform=7
2026-05-28 10:01:25.463 16131-23454 VRI[LauncherActivity]   net.ashmeet.hyperlauncher.debug      D  Received frameCommittedCallback lastAttemptedDrawFrameNum=1 didProduceBuffer=true syncBuffer=false
2026-05-28 10:01:25.464 16131-16131 VRI[LauncherActivity]   net.ashmeet.hyperlauncher.debug      D  draw finished. seqId=0
2026-05-28 10:01:25.467 16131-16131 BitmapDrawable          net.ashmeet.hyperlauncher.debug      W  BitmapDrawable created with null Bitmap
2026-05-28 10:01:25.480 16131-16131 VRI[LauncherActivity]   net.ashmeet.hyperlauncher.debug      W  handleResized abandoned!
2026-05-28 10:01:25.486 16131-16131 DynamicFra...igManager] net.ashmeet.hyperlauncher.debug      I  initFrameRateConfig: 
                                                                                                    	levelsFor120hz: [120, 60]
                                                                                                    	thresholdsFor120hz: [200]
                                                                                                    	levelsFor90hz: [90]
                                                                                                    	thresholdsFor90hz: []
2026-05-28 10:01:25.486 16131-16131 DynamicFra...igManager] net.ashmeet.hyperlauncher.debug      I  FRTCConfigManager: FRTC_CAPABILITY = 120, package name = net.ashmeet.hyperlauncher.debug, WINDOW_ANIMATION_SPEED_RATE = 10, SCROLL_ANIMATION_SPEED_RATE = 20, PACKAGE_ENABLE = true
2026-05-28 10:01:25.486 16131-16131 DynamicFra...ontroller] net.ashmeet.hyperlauncher.debug      I  init info: mPackageName = net.ashmeet.hyperlauncher.debug, mIsEnabled = true
2026-05-28 10:01:25.502 16131-16131 VRI[LauncherActivity]   net.ashmeet.hyperlauncher.debug      D  onFocusEvent true
2026-05-28 10:01:25.504 16131-16131 InsetsController        net.ashmeet.hyperlauncher.debug      D  hide(ime(), fromIme=false)
2026-05-28 10:01:25.504 16131-16131 ImeTracker              net.ashmeet.hyperlauncher.debug      I  net.ashmeet.hyperlauncher.debug:ba99a71: onCancelled at PHASE_CLIENT_ALREADY_HIDDEN
2026-05-28 10:01:25.765 16131-25146 InteractionJankMonitor  net.ashmeet.hyperlauncher.debug      W  Initializing without READ_DEVICE_CONFIG permission. enabled=false, interval=1, missedFrameThreshold=3, frameTimeThreshold=64, package=net.ashmeet.hyperlauncher.debug
2026-05-28 10:01:26.508 16131-23156 OplusScrollToTopManager net.ashmeet.hyperlauncher.debug      D  net.ashmeet.hyperlauncher.debug/net.kdt.pojavlaunch.LauncherActivity,This com.android.internal.policy.DecorView{f0f63f8 V.ED..... R....... 0,0-2800,1272 aid=0 alpha=1.0 viewInfo = }[] change focus to true
2026-05-28 10:01:29.621  6670-6670  oiface                  oiface                               E  can not find task:net.ashmeet.hyperlauncher.debug
2026-05-28 10:01:35.612  6670-17384 oiface                  oiface                               E  can not find task:net.ashmeet.hyperlauncher.debug
2026-05-28 10:01:41.621  6670-6670  oiface                  oiface                               E  can not find task:net.ashmeet.hyperlauncher.debug
2026-05-28 10:01:47.620  6670-17384 oiface                  oiface                               E  can not find task:net.ashmeet.hyperlauncher.debug
2026-05-28 10:01:53.619  6670-6670  oiface                  oiface                               E  can not find task:net.ashmeet.hyperlauncher.debug
2026-05-28 10:01:54.065 11756-12042 MIDASApplication        com.oplus.midas                      E  PackageManagerUtil: getAudioPackageList err android.content.pm.PackageManager$NameNotFoundException: net.ashmeet.hyperlauncher.debug:game
