2026-05-28 10:01:03.254 19925-24951 jrelog                  net.ashmeet.hyperlauncher.debug      D  dlopen /data/app/~~3zzYgtJ5gWKslWbhTT9zGA==/com.mio.plugin.renderer.gl4esplus-wfcFVUy9wg6UPyA_nfjwNA==/lib/arm64/libc++_shared.so success
2026-05-28 10:01:03.254 19925-24951 LibraryPlugin           net.ashmeet.hyperlauncher.debug      D  Initialized plugin: com.mio.plugin.renderer.gl4esplus (ID: opengles3, GL: libgl4es_plus.so)
2026-05-28 10:01:03.254 19925-24951 LibraryPlugin           net.ashmeet.hyperlauncher.debug      W  Plugin com.fcl.plugin.mobileglues tried to override core variable: POJAVEXEC_EGL. Ignored.
2026-05-28 10:01:03.255 19925-24951 LibraryPlugin           net.ashmeet.hyperlauncher.debug      W  Plugin com.fcl.plugin.mobileglues tried to override core variable: LIBGL_EGL. Ignored.
2026-05-28 10:01:03.255 19925-24951 LibraryPlugin           net.ashmeet.hyperlauncher.debug      D  Initialized plugin: com.fcl.plugin.mobileglues (ID: opengles3, GL: libmobileglues.so)
2026-05-28 10:01:03.255 19925-24951 LibraryPlugin           net.ashmeet.hyperlauncher.debug      D  Initialized plugin: com.mio.plugin.renderer.ltw (ID: opengles3_ltw, GL: libltw.so)
2026-05-28 10:01:03.277 19925-24951 LibraryPlugin           net.ashmeet.hyperlauncher.debug      D  Initialized plugin: com.mio.plugin.renderer.angle (ID: opengles3_desktopgl_angle_vulkan, GL: libtinywrapper.so)
2026-05-28 10:01:03.280 19925-24951 JREUtils                net.ashmeet.hyperlauncher.debug      D  Attempting to dlopen main library: /data/app/~~Sw9n_bpQY1mEFUsOL2mAJQ==/com.mio.plugin.renderer.ltw-JPdIrLzfiktm5vck7nWqlg==/lib/arm64/libltw.so
2026-05-28 10:01:03.289 19925-24951 jrelog                  net.ashmeet.hyperlauncher.debug      D  dlopen /data/app/~~Sw9n_bpQY1mEFUsOL2mAJQ==/com.mio.plugin.renderer.ltw-JPdIrLzfiktm5vck7nWqlg==/lib/arm64/libltw.so success
2026-05-28 10:01:03.289 19925-24951 JREUtils                net.ashmeet.hyperlauncher.debug      D  Main library loaded successfully.
2026-05-28 10:01:03.290 19925-24951 MultiRTUtils            net.ashmeet.hyperlauncher.debug      I  Dest exists? true
2026-05-28 10:01:03.293 19925-24951 bytehook_tag            net.ashmeet.hyperlauncher.debug      E  bytehook version 1.1.1: bytehook init(mode: AUTOMATIC, debuggable: false), return: 0, real-init: yes
2026-05-28 10:01:03.293 19925-24951 jrelog                  net.ashmeet.hyperlauncher.debug      I  updateLdLibPath: 0x6fd5df8a88
2026-05-28 10:01:03.290 19925-19925 net.ashmee...debug:game net.ashmeet.hyperlauncher.debug      W  type=1400 audit(0.0:17356): avc:  granted  { execute } for  comm=4A564D204D61696E20746872656164 path="/data/data/net.ashmeet.hyperlauncher.debug/runtimes/Internal-21/lib/server/libjvm.so" dev="dm-79" ino=657821 scontext=u:r:untrusted_app:s0:c195,c257,c512,c768 tcontext=u:object_r:app_data_file:s0:c195,c257,c512,c768 tclass=file app=net.ashmeet.hyperlauncher.debug
2026-05-28 10:01:03.295 19925-24951 jre_launcher.c          net.ashmeet.hyperlauncher.debug      I  VM arg: -Djava.awt.headless=false
2026-05-28 10:01:03.295 19925-24951 jre_launcher.c          net.ashmeet.hyperlauncher.debug      I  VM arg: -Dcacio.managed.screensize=720x600
2026-05-28 10:01:03.295 19925-24951 jre_launcher.c          net.ashmeet.hyperlauncher.debug      I  VM arg: -Dcacio.font.fontmanager=sun.awt.X11FontManager
2026-05-28 10:01:03.295 19925-24951 jre_launcher.c          net.ashmeet.hyperlauncher.debug      I  VM arg: -Dcacio.font.fontscaler=sun.font.FreetypeFontScaler
2026-05-28 10:01:03.295 19925-24951 jre_launcher.c          net.ashmeet.hyperlauncher.debug      I  VM arg: -Dswing.defaultlaf=javax.swing.plaf.metal.MetalLookAndFeel
2026-05-28 10:01:03.295 19925-24951 jre_launcher.c          net.ashmeet.hyperlauncher.debug      I  VM arg: -Xbootclasspath/a:/storage/emulated/0/Android/data/net.ashmeet.hyperlauncher.debug/files/caciocavallo17/cacio-tta.jar
2026-05-28 10:01:03.296 19925-24951 jre_launcher.c          net.ashmeet.hyperlauncher.debug      I  VM arg: -Dawt.toolkit=com.github.caciocavallosilano.cacio.ctc.CTCToolkit
2026-05-28 10:01:03.296 19925-24951 jre_launcher.c          net.ashmeet.hyperlauncher.debug      I  VM arg: -Djava.awt.graphicsenv=com.github.caciocavallosilano.cacio.ctc.CTCGraphicsEnvironment
2026-05-28 10:01:03.296 19925-24951 jre_launcher.c          net.ashmeet.hyperlauncher.debug      I  VM arg: --add-exports=java.desktop/java.awt=ALL-UNNAMED
2026-05-28 10:01:03.296 19925-24951 jre_launcher.c          net.ashmeet.hyperlauncher.debug      I  VM arg: --add-exports=java.desktop/java.awt.peer=ALL-UNNAMED
2026-05-28 10:01:03.296 19925-24951 jre_launcher.c          net.ashmeet.hyperlauncher.debug      I  VM arg: --add-exports=java.desktop/sun.awt.image=ALL-UNNAMED
2026-05-28 10:01:03.296 19925-24951 jre_launcher.c          net.ashmeet.hyperlauncher.debug      I  VM arg: --add-exports=java.desktop/sun.java2d=ALL-UNNAMED
2026-05-28 10:01:03.296 19925-24951 jre_launcher.c          net.ashmeet.hyperlauncher.debug      I  VM arg: --add-exports=java.desktop/java.awt.dnd.peer=ALL-UNNAMED
2026-05-28 10:01:03.296 19925-24951 jre_launcher.c          net.ashmeet.hyperlauncher.debug      I  VM arg: --add-exports=java.desktop/sun.awt=ALL-UNNAMED
2026-05-28 10:01:03.294 19925-19925 net.ashmee...debug:game net.ashmeet.hyperlauncher.debug      W  type=1400 audit(0.0:17357): avc:  granted  { execute } for  comm=4A564D204D61696E20746872656164 path="/data/data/net.ashmeet.hyperlauncher.debug/runtimes/Internal-21/lib/libjava.so" dev="dm-79" ino=657858 scontext=u:r:untrusted_app:s0:c195,c257,c512,c768 tcontext=u:object_r:app_data_file:s0:c195,c257,c512,c768 tclass=file app=net.ashmeet.hyperlauncher.debug
2026-05-28 10:01:03.294 19925-19925 net.ashmee...debug:game net.ashmeet.hyperlauncher.debug      W  type=1400 audit(0.0:17358): avc:  granted  { execute } for  comm=4A564D204D61696E20746872656164 path="/data/data/net.ashmeet.hyperlauncher.debug/runtimes/Internal-21/lib/libawt.so" dev="dm-79" ino=657688 scontext=u:r:untrusted_app:s0:c195,c257,c512,c768 tcontext=u:object_r:app_data_file:s0:c195,c257,c512,c768 tclass=file app=net.ashmeet.hyperlauncher.debug
2026-05-28 10:01:03.294 19925-19925 net.ashmee...debug:game net.ashmeet.hyperlauncher.debug      W  type=1400 audit(0.0:17359): avc:  granted  { execute } for  comm=4A564D204D61696E20746872656164 path="/data/data/net.ashmeet.hyperlauncher.debug/runtimes/Internal-21/lib/libawt_headless.so" dev="dm-79" ino=657768 scontext=u:r:untrusted_app:s0:c195,c257,c512,c768 tcontext=u:object_r:app_data_file:s0:c195,c257,c512,c768 tclass=file app=net.ashmeet.hyperlauncher.debug
2026-05-28 10:01:03.294 19925-19925 net.ashmee...debug:game net.ashmeet.hyperlauncher.debug      W  type=1400 audit(0.0:17360): avc:  granted  { execute } for  comm=4A564D204D61696E20746872656164 path="/data/data/net.ashmeet.hyperlauncher.debug/runtimes/Internal-21/lib/libnet.so" dev="dm-79" ino=657718 scontext=u:r:untrusted_app:s0:c195,c257,c512,c768 tcontext=u:object_r:app_data_file:s0:c195,c257,c512,c768 tclass=file app=net.ashmeet.hyperlauncher.debug
2026-05-28 10:01:03.294 19925-19925 net.ashmee...debug:game net.ashmeet.hyperlauncher.debug      W  type=1400 audit(0.0:17361): avc:  granted  { execute } for  comm=4A564D204D61696E20746872656164 path="/data/data/net.ashmeet.hyperlauncher.debug/runtimes/Internal-21/lib/libnio.so" dev="dm-79" ino=657767 scontext=u:r:untrusted_app:s0:c195,c257,c512,c768 tcontext=u:object_r:app_data_file:s0:c195,c257,c512,c768 tclass=file app=net.ashmeet.hyperlauncher.debug
2026-05-28 10:01:03.294 19925-19925 net.ashmee...debug:game net.ashmeet.hyperlauncher.debug      W  type=1400 audit(0.0:17362): avc:  granted  { execute } for  comm=4A564D204D61696E20746872656164 path="/data/data/net.ashmeet.hyperlauncher.debug/runtimes/Internal-21/lib/libjimage.so" dev="dm-79" ino=657683 scontext=u:r:untrusted_app:s0:c195,c257,c512,c768 tcontext=u:object_r:app_data_file:s0:c195,c257,c512,c768 tclass=file app=net.ashmeet.hyperlauncher.debug
2026-05-28 10:01:03.420 16131-23156 OplusScrollToTopManager net.ashmeet.hyperlauncher.debug      D  net.ashmeet.hyperlauncher.debug/net.kdt.pojavlaunch.LauncherActivity,This com.android.internal.policy.DecorView{f0f63f8 I.ED..... R.....ID 0,0-2800,1272 aid=0 alpha=1.0 viewInfo = }[] change focus to false
2026-05-28 10:01:03.884 19925-24924 LOG_FLOWCTRL            net.ashmeet.hyperlauncher.debug      W  ==LOGS OVER PROC QUOTA(300), rows(35) bytes(3182) net.ashmeet.hyperlauncher.debug:game u(0) l(0) t(0) c(0) DROPPED==
2026-05-28 10:01:03.884 19925-24924 OplusScrollToTopManager net.ashmeet.hyperlauncher.debug      D  net.ashmeet.hyperlauncher.debug/net.kdt.pojavlaunch.MainActivity,This com.android.internal.policy.DecorView{1ef2af9 V.ED..... R....... 0,0-2800,1272 aid=0 alpha=1.0 viewInfo = }[MainActivity] change focus to true
2026-05-28 10:01:04.559 19925-24934 skia                    net.ashmeet.hyperlauncher.debug      D  GrGpu::writePixels takes 8
2026-05-28 10:01:04.807 19925-24934 skia                    net.ashmeet.hyperlauncher.debug      D  GrGpu::writePixels takes 1
2026-05-28 10:01:06.597  6670-17384 oiface                  oiface                               E  can not find task:net.ashmeet.hyperlauncher.debug
2026-05-28 10:01:07.213 19925-19925 DynamicFra...peedAware] net.ashmeet.hyperlauncher.debug      I  onEventHandled: info: InputEventInfo: mX = 0, mY = 0, mAction = 0, mVsyncTime = 18078200, mIsMoving = true, mUpdated = true
2026-05-28 10:01:07.228 19925-19925 OplusInput...erInternal net.ashmeet.hyperlauncher.debug      D  get inputMethodManager extension: com.android.internal.view.IInputMethodManager$Stub$Proxy@b43e319
2026-05-28 10:01:07.229 19925-19925 DynamicFra...peedAware] net.ashmeet.hyperlauncher.debug      I  onEventHandled: info: InputEventInfo: mX = 0, mY = 0, mAction = 1, mVsyncTime = 18078216, mIsMoving = false, mUpdated = true
2026-05-28 10:01:07.229 19925-19925 OplusViewD...ViewHelper net.ashmeet.hyperlauncher.debug      D  dispatchTouchView action = 1
2026-05-28 10:01:07.230 19925-19925 ViewRootImplExtImpl     net.ashmeet.hyperlauncher.debug      D  the up motion event handled by client, just return
2026-05-28 10:01:07.897 19925-19925 DynamicFra...peedAware] net.ashmeet.hyperlauncher.debug      I  onEventHandled: info: InputEventInfo: mX = 0, mY = 0, mAction = 0, mVsyncTime = 18078885, mIsMoving = true, mUpdated = true
2026-05-28 10:01:07.915 19925-19925 DynamicFra...peedAware] net.ashmeet.hyperlauncher.debug      I  onEventHandled: info: InputEventInfo: mX = 0, mY = 0, mAction = 1, mVsyncTime = 18078902, mIsMoving = false, mUpdated = true
2026-05-28 10:01:07.915 19925-19925 OplusViewD...ViewHelper net.ashmeet.hyperlauncher.debug      D  dispatchTouchView action = 1
2026-05-28 10:01:07.916 19925-19925 ViewRootImplExtImpl     net.ashmeet.hyperlauncher.debug      D  the up motion event handled by client, just return
2026-05-28 10:01:07.916 19925-19925 OplusViewDebugManager   net.ashmeet.hyperlauncher.debug      D  OplusViewDebugManager Constructor android.view.debug.OplusViewDebugManager@cc16924 [mHasViewDebugProperty true] [mHasMsgDebugProperty false] [DEBUG false] [EXTRAINFOENABLE false] [LIGHT_OS false]
2026-05-28 10:01:07.916 19925-19925 OplusViewDebugManager   net.ashmeet.hyperlauncher.debug      D  OplusViewDebugManager Constructor android.view.debug.OplusViewDebugManager@23aec8d [mHasViewDebugProperty true] [mHasMsgDebugProperty false] [DEBUG false] [EXTRAINFOENABLE false] [LIGHT_OS false]
2026-05-28 10:01:07.926 19925-19925 DynamicFra...peedAware] net.ashmeet.hyperlauncher.debug      I  handleIdleState: STATE_OFF_INPUT_SCROLL state start
2026-05-28 10:01:07.926 19925-19925 DynamicFra...peedAware] net.ashmeet.hyperlauncher.debug      I  syncInfoTogether for OffInputScroll: from STATE_IDLE to STATE_OFF_INPUT_SCROLL
2026-05-28 10:01:07.941 19925-19925 ViewRootImplExtImpl     net.ashmeet.hyperlauncher.debug      D  wrapConfigInfoIntoFlags rotation=1, smallestScreenWidthDp=363, residentWS=false, scenario=0, bounds=Rect(0, 0 - 2800, 1272), isFirstDraw=false, relayoutAsync=true, flags=0, newFlags=1468018024, title=net.ashmeet.hyperlauncher.debug/net.kdt.pojavlaunch.MainActivity
2026-05-28 10:01:07.942 19925-19925 VRI[MainActivity]       net.ashmeet.hyperlauncher.debug      D  relayoutWindow result, sizeChanged:false, surfaceControlChanged:false, transformHintChanged:false, mSurfaceSize:Point(2800, 1272), mLastSurfaceSize:Point(2800, 1272), mWidth:2800, mHeight:1272, requestedWidth:2800, requestedHeight:1272, transformHint:4, installOrientation:0, displayRotation:1, isSurfaceValid:true, attr.flag:-2122251904, tmpFrames:ClientWindowFrames{frame=[0,0][2800,1272] display=[0,0][2800,1272] parentFrame=[0,0][2800,1272]}, relayoutResult:0, relayoutAsync:true, mSyncSeqId:0
2026-05-28 10:01:07.942 19925-19925 VRI[MainActivity]       net.ashmeet.hyperlauncher.debug      W  updateBlastSurfaceIfNeeded, surfaceSize:Point(2800, 1272), lastSurfaceSize:Point(2800, 1272), format:-1, blastBufferQueue:android.graphics.BLASTBufferQueue@cacdc17
2026-05-28 10:01:07.943 19925-19925 SurfaceControl          net.ashmeet.hyperlauncher.debug      I   setExtendedRangeBrightness sc=Surface(name=net.ashmeet.hyperlauncher.debug/net.kdt.pojavlaunch.MainActivity)/@0x92c4f23,currentBufferRatio=1.0,desiredRatio=1.0
2026-05-28 10:01:08.299 19925-24951 input_bridge_v3.c       net.ashmeet.hyperlauncher.debug      I  Saving JVM environ...
2026-05-28 10:01:08.299 19925-24951 lwjgl_dlopen_hook.c     net.ashmeet.hyperlauncher.debug      I  Installing LWJGL dlopen() hook
2026-05-28 10:01:08.322 19925-19925 DynamicFra...peedAware] net.ashmeet.hyperlauncher.debug      I  handleOffInputScrollState: STATE_OFF_INPUT_SCROLL state finish normally
2026-05-28 10:01:08.322 19925-19925 DynamicFra...peedAware] net.ashmeet.hyperlauncher.debug      I  syncInfoTogether for OffInputScroll: from STATE_OFF_INPUT_SCROLL to STATE_IDLE
2026-05-28 10:01:08.406 19925-25031 DNS_CACHE               net.ashmeet.hyperlauncher.debug      D  oplus_oplus_getaddrinfo_proxy lookup from netd: hostname:sessionserver.mojang.com, servname:(null) uid: 10451, result_code:408, res = 0x0, found = 0
2026-05-28 10:01:08.406 19925-25032 DNS_CACHE               net.ashmeet.hyperlauncher.debug      D  oplus_oplus_getaddrinfo_proxy lookup from netd: hostname:api.minecraftservices.com, servname:(null) uid: 10451, result_code:408, res = 0x0, found = 0
2026-05-28 10:01:08.446 19925-24940 HyperLauncher           net.ashmeet.hyperlauncher.debug      W  No colon on line "narratorHo", skipping
2026-05-28 10:01:08.458 19925-24951 AdrenoGLES-0            net.ashmeet.hyperlauncher.debug      I  QUALCOMM build                   : c656786258, Ie8aa4b2c7c
                                                                                                    Build Date                       : 03/23/26
                                                                                                    OpenGL ES Shader Compiler Version: E031.50.19.20
                                                                                                    Local Branch                     : 
                                                                                                    Remote Branch                    : refs/tags/AU_LINUX_ANDROID_LA.VENDOR.16.2.0.11.00.00.1195.535
                                                                                                    Remote Branch                    : NONE
                                                                                                    Reconstruct Branch               : NOTHING
2026-05-28 10:01:08.458 19925-24951 AdrenoGLES-0            net.ashmeet.hyperlauncher.debug      I  Build Config                     : C P 20.0.0 AArch64
2026-05-28 10:01:08.458 19925-24951 AdrenoGLES-0            net.ashmeet.hyperlauncher.debug      I  Driver Path                      : /vendor/lib64/egl/libGLESv2_adreno.so
2026-05-28 10:01:08.458 19925-24951 AdrenoGLES-0            net.ashmeet.hyperlauncher.debug      I  Driver Version                   : 0842.33.1
2026-05-28 10:01:08.458 19925-24951 AdrenoGLES-0            net.ashmeet.hyperlauncher.debug      I  Process Name                     : net.ashmeet.hyperlauncher.debug:game
2026-05-28 10:01:08.459 19925-24951 AdrenoGLES-0            net.ashmeet.hyperlauncher.debug      I  PFP: 0x01310095, ME: 0x01510022
2026-05-28 10:01:08.495 19925-24951 gl_bridge.c             net.ashmeet.hyperlauncher.debug      I  Main window bundle is now 0x6d7ade2880
2026-05-28 10:01:08.495 19925-24951 gl_bridge.c             net.ashmeet.hyperlauncher.debug      I  Making current, surface=0x0, nativeSurface=0x0, newNativeSurface=0x6ecec42e10
2026-05-28 10:01:08.495 19925-24951 gl_bridge.c             net.ashmeet.hyperlauncher.debug      I  Switching to new native surface
2026-05-28 10:01:08.495 19925-24951 Surface                 net.ashmeet.hyperlauncher.debug      D  Surface::dispatchSetGameApi
2026-05-28 10:01:08.496 19925-24951 Surface                 net.ashmeet.hyperlauncher.debug      D  dispatchSetGameApi pid[19925] tid[24951] GameApi[0]
2026-05-28 10:01:08.496 19925-24951 Surface                 net.ashmeet.hyperlauncher.debug      D  dispatchSetGameApi res:0
2026-05-28 10:01:08.496 19925-24951 libEGL                  net.ashmeet.hyperlauncher.debug      D  set game api gles successfully
2026-05-28 10:01:08.496 19925-24951 BufferQueueProducer     net.ashmeet.hyperlauncher.debug      D  [SurfaceTexture-0-19925-0](id:4dd500000001,api:1,p:19925,c:19925) connect: api=1 producerControlledByApp=true
2026-05-28 10:01:08.506  6670-17384 oiface                  oiface                               E  can not find task:net.ashmeet.hyperlauncher.debug
2026-05-28 10:01:08.523 19925-25031 DNS_CACHE               net.ashmeet.hyperlauncher.debug      D  oplus_send_dns_response send hostname: sessionserver.mojang.com, servname: (null) response into netd: 0, *res = 0x6d7af85200
2026-05-28 10:01:08.524 19925-25032 DNS_CACHE               net.ashmeet.hyperlauncher.debug      D  oplus_send_dns_response send hostname: api.minecraftservices.com, servname: (null) response into netd: 0, *res = 0x6d7b8d1f80
2026-05-28 10:01:08.526 19925-19925 net.ashmee...debug:game net.ashmeet.hyperlauncher.debug      W  type=1400 audit(0.0:17367): avc:  granted  { execute } for  comm=59676764726173696C204B65792046 path="/data/data/net.ashmeet.hyperlauncher.debug/runtimes/Internal-21/lib/libextnet.so" dev="dm-79" ino=657715 scontext=u:r:untrusted_app:s0:c195,c257,c512,c768 tcontext=u:object_r:app_data_file:s0:c195,c257,c512,c768 tclass=file app=net.ashmeet.hyperlauncher.debug
2026-05-28 10:01:08.566 19925-19925 DynamicFra...peedAware] net.ashmeet.hyperlauncher.debug      I  onEventHandled: info: InputEventInfo: mX = 0, mY = 0, mAction = 0, mVsyncTime = 18079553, mIsMoving = true, mUpdated = true
2026-05-28 10:01:08.642 19925-19925 DynamicFra...peedAware] net.ashmeet.hyperlauncher.debug      I  onEventHandled: info: InputEventInfo: mX = 0, mY = 0, mAction = 1, mVsyncTime = 18079629, mIsMoving = false, mUpdated = true
2026-05-28 10:01:08.642 19925-19925 OplusViewD...ViewHelper net.ashmeet.hyperlauncher.debug      D  dispatchTouchView action = 1
2026-05-28 10:01:08.643 19925-19925 ViewRootImplExtImpl     net.ashmeet.hyperlauncher.debug      D  the up motion event handled by client, just return
2026-05-28 10:01:08.689 19925-19925 OplusViewDebugManager   net.ashmeet.hyperlauncher.debug      D  OplusViewDebugManager Constructor android.view.debug.OplusViewDebugManager@37d3b69 [mHasViewDebugProperty true] [mHasMsgDebugProperty false] [DEBUG false] [EXTRAINFOENABLE false] [LIGHT_OS false]
2026-05-28 10:01:08.689 19925-19925 OplusViewDebugManager   net.ashmeet.hyperlauncher.debug      D  OplusViewDebugManager Constructor android.view.debug.OplusViewDebugManager@a279ee [mHasViewDebugProperty true] [mHasMsgDebugProperty false] [DEBUG false] [EXTRAINFOENABLE false] [LIGHT_OS false]
2026-05-28 10:01:08.766 19925-24951 openal                  net.ashmeet.hyperlauncher.debug      D  [ALSOFT] (II) Initializing library v1.24.3-dc7d705 HEAD
2026-05-28 10:01:08.766 19925-24951 openal                  net.ashmeet.hyperlauncher.debug      D  [ALSOFT] (II) Supported backends: oboe, opensl, null
2026-05-28 10:01:08.766 19925-24951 openal                  net.ashmeet.hyperlauncher.debug      D  [ALSOFT] (II) Loading config /etc/openal/alsoft.conf...
2026-05-28 10:01:08.766 19925-24951 openal                  net.ashmeet.hyperlauncher.debug      D  [ALSOFT] (II) Loading config /etc/xdg/alsoft.conf...
2026-05-28 10:01:08.766 19925-24951 openal                  net.ashmeet.hyperlauncher.debug      D  [ALSOFT] (II) Loading config /storage/emulated/0/Android/data/net.ashmeet.hyperlauncher.debug/files/.alsoftrc...
2026-05-28 10:01:08.766 19925-24951 openal                  net.ashmeet.hyperlauncher.debug      D  [ALSOFT] (II) Loading config /storage/emulated/0/Android/data/net.ashmeet.hyperlauncher.debug/files/.config/alsoft.conf...
2026-05-28 10:01:08.766 19925-24951 openal                  net.ashmeet.hyperlauncher.debug      D  [ALSOFT] (II) Got binary: "/system/bin", "app_process64"
2026-05-28 10:01:08.766 19925-24951 openal                  net.ashmeet.hyperlauncher.debug      D  [ALSOFT] (II) Loading config /system/bin/alsoft.conf...
2026-05-28 10:01:08.767 19925-24951 openal                  net.ashmeet.hyperlauncher.debug      D  [ALSOFT] (II) Extensions: +NEON
2026-05-28 10:01:08.767 19925-24951 openal                  net.ashmeet.hyperlauncher.debug      D  [ALSOFT] (II) Initialized backend "oboe"
2026-05-28 10:01:08.767 19925-24951 openal                  net.ashmeet.hyperlauncher.debug      D  [ALSOFT] (II) Added "oboe" for playback
2026-05-28 10:01:08.767 19925-24951 openal                  net.ashmeet.hyperlauncher.debug      D  [ALSOFT] (II) Added "oboe" for capture
2026-05-28 10:01:08.928 19925-25058 DNS_CACHE               net.ashmeet.hyperlauncher.debug      D  oplus_oplus_getaddrinfo_proxy lookup from netd: hostname:pc.realms.minecraft.net, servname:(null) uid: 10451, result_code:408, res = 0x0, found = 0
2026-05-28 10:01:08.993 19925-25058 DNS_CACHE               net.ashmeet.hyperlauncher.debug      D  oplus_send_dns_response send hostname: pc.realms.minecraft.net, servname: (null) response into netd: 0, *res = 0x6d8ee84d40
2026-05-28 10:01:09.083 19925-24951 input_bridge_v3.c       net.ashmeet.hyperlauncher.debug      I  Input ready: 1
2026-05-28 10:01:10.050 19925-19925 DynamicFra...peedAware] net.ashmeet.hyperlauncher.debug      I  onEventHandled: info: InputEventInfo: mX = 0, mY = 0, mAction = 0, mVsyncTime = 18081037, mIsMoving = true, mUpdated = true
2026-05-28 10:01:10.050 19925-19925 punjabilauncher         net.ashmeet.hyperlauncher.debug      I  sendSpecialKey(-5,true)
2026-05-28 10:01:10.074 19925-19925 DynamicFra...peedAware] net.ashmeet.hyperlauncher.debug      I  onEventHandled: info: InputEventInfo: mX = 0, mY = 0, mAction = 1, mVsyncTime = 18081062, mIsMoving = false, mUpdated = true
2026-05-28 10:01:10.075 19925-19925 punjabilauncher         net.ashmeet.hyperlauncher.debug      I  sendSpecialKey(-5,false)
2026-05-28 10:01:10.075 19925-19925 OplusViewD...ViewHelper net.ashmeet.hyperlauncher.debug      D  dispatchTouchView action = 1
2026-05-28 10:01:10.075 19925-19925 ViewRootImplExtImpl     net.ashmeet.hyperlauncher.debug      D  the up motion event handled by client, just return
2026-05-28 10:01:10.340 19925-19925 DynamicFra...peedAware] net.ashmeet.hyperlauncher.debug      I  onEventHandled: info: InputEventInfo: mX = 0, mY = 0, mAction = 0, mVsyncTime = 18081328, mIsMoving = true, mUpdated = true
2026-05-28 10:01:10.390 19925-19925 DynamicFra...peedAware] net.ashmeet.hyperlauncher.debug      I  onEventHandled: info: InputEventInfo: mX = 0, mY = 0, mAction = 1, mVsyncTime = 18081378, mIsMoving = false, mUpdated = true
2026-05-28 10:01:10.391 19925-19925 OplusViewD...ViewHelper net.ashmeet.hyperlauncher.debug      D  dispatchTouchView action = 1
2026-05-28 10:01:10.391 19925-19925 ViewRootImplExtImpl     net.ashmeet.hyperlauncher.debug      D  the up motion event handled by client, just return
2026-05-28 10:01:10.409 19925-19925 ViewRootImplExtImpl     net.ashmeet.hyperlauncher.debug      D  wrapConfigInfoIntoFlags rotation=1, smallestScreenWidthDp=363, residentWS=false, scenario=0, bounds=Rect(0, 0 - 2800, 1272), isFirstDraw=false, relayoutAsync=true, flags=0, newFlags=1468018024, title=net.ashmeet.hyperlauncher.debug/net.kdt.pojavlaunch.MainActivity
2026-05-28 10:01:10.410 19925-19925 VRI[MainActivity]       net.ashmeet.hyperlauncher.debug      D  relayoutWindow result, sizeChanged:false, surfaceControlChanged:false, transformHintChanged:false, mSurfaceSize:Point(2800, 1272), mLastSurfaceSize:Point(2800, 1272), mWidth:2800, mHeight:1272, requestedWidth:2800, requestedHeight:1272, transformHint:4, installOrientation:0, displayRotation:1, isSurfaceValid:true, attr.flag:-2122251904, tmpFrames:ClientWindowFrames{frame=[0,0][2800,1272] display=[0,0][2800,1272] parentFrame=[0,0][2800,1272]}, relayoutResult:0, relayoutAsync:true, mSyncSeqId:0
2026-05-28 10:01:10.410 19925-19925 VRI[MainActivity]       net.ashmeet.hyperlauncher.debug      W  updateBlastSurfaceIfNeeded, surfaceSize:Point(2800, 1272), lastSurfaceSize:Point(2800, 1272), format:-1, blastBufferQueue:android.graphics.BLASTBufferQueue@cacdc17
2026-05-28 10:01:10.411 19925-19925 SurfaceControl          net.ashmeet.hyperlauncher.debug      I   setExtendedRangeBrightness sc=Surface(name=net.ashmeet.hyperlauncher.debug/net.kdt.pojavlaunch.MainActivity)/@0x92c4f23,currentBufferRatio=1.0,desiredRatio=1.0
2026-05-28 10:01:10.753 19925-19925 DynamicFra...peedAware] net.ashmeet.hyperlauncher.debug      I  onEventHandled: info: InputEventInfo: mX = 0, mY = 0, mAction = 0, mVsyncTime = 18081741, mIsMoving = true, mUpdated = true
2026-05-28 10:01:10.754 19925-19925 punjabilauncher         net.ashmeet.hyperlauncher.debug      I  sendSpecialKey(-5,true)
2026-05-28 10:01:10.786 19925-19925 DynamicFra...peedAware] net.ashmeet.hyperlauncher.debug      I  onEventHandled: info: InputEventInfo: mX = 0, mY = 0, mAction = 1, mVsyncTime = 18081773, mIsMoving = false, mUpdated = true
2026-05-28 10:01:10.786 19925-19925 punjabilauncher         net.ashmeet.hyperlauncher.debug      I  sendSpecialKey(-5,false)
2026-05-28 10:01:10.786 19925-19925 OplusViewD...ViewHelper net.ashmeet.hyperlauncher.debug      D  dispatchTouchView action = 1
2026-05-28 10:01:10.786 19925-19925 ViewRootImplExtImpl     net.ashmeet.hyperlauncher.debug      D  the up motion event handled by client, just return
2026-05-28 10:01:10.870 19925-24951 openal                  net.ashmeet.hyperlauncher.debug      D  [ALSOFT] (II) Opening playback device "Oboe Default"
2026-05-28 10:01:10.870 19925-24951 OboeAudio               net.ashmeet.hyperlauncher.debug      W  `openManagedStream` is deprecated. Use openStream(std::shared_ptr<oboe::AudioStream> &stream) instead.
2026-05-28 10:01:10.870 19925-24951 OboeAudio               net.ashmeet.hyperlauncher.debug      W  Passing AudioStream pointer deprecated, Use openStream(std::shared_ptr<oboe::AudioStream> &stream) instead.
2026-05-28 10:01:10.870 19925-24951 OboeAudio               net.ashmeet.hyperlauncher.debug      I  openStreamInternal() OUTPUT -------- OboeVersion1.9.3 --------
2026-05-28 10:01:10.874 19925-24951 AAudio                  net.ashmeet.hyperlauncher.debug      I  AAudioStreamBuilder_openStream() called ----------------------------------------
2026-05-28 10:01:10.874 19925-24951 AudioStreamBuilder      net.ashmeet.hyperlauncher.debug      I  rate   =      0, channels  = 0, channelMask = 0, format   = 0, sharing = SH, dir = OUTPUT
2026-05-28 10:01:10.874 19925-24951 AudioStreamBuilder      net.ashmeet.hyperlauncher.debug      I  device = AUDIO_PORT_HANDLE_NONE, sessionId = -1, perfMode = 12, callback: OFF with frames = 0, error callback: OFF
2026-05-28 10:01:10.874 19925-24951 AudioStreamBuilder      net.ashmeet.hyperlauncher.debug      I  usage  =      1, contentType = 2, inputPreset = 6, allowedCapturePolicy = 0
2026-05-28 10:01:10.874 19925-24951 AudioStreamBuilder      net.ashmeet.hyperlauncher.debug      I  privacy sensitive = false, opPackageName = (null), attributionTag = (null)
2026-05-28 10:01:10.874 19925-24951 AudioStreamBuilder      net.ashmeet.hyperlauncher.debug      D  build, global mmap policy is 0
2026-05-28 10:01:10.875 19925-24951 AudioSystem             net.ashmeet.hyperlauncher.debug      D  onNewService: media.audio_policy service obtained 0x6da2b64980
2026-05-28 10:01:10.875 19925-24951 AudioSystem             net.ashmeet.hyperlauncher.debug      D  getService: IAudioPolicyService retrieved: 0x6da2b64980  cached: 0x6da2b64980
2026-05-28 10:01:10.875 19925-24951 AudioStreamBuilder      net.ashmeet.hyperlauncher.debug      D  build, system mmap policy is 2
2026-05-28 10:01:10.875 19925-24951 AudioStreamBuilder      net.ashmeet.hyperlauncher.debug      D  build, final mmap policy is 2
2026-05-28 10:01:10.875 19925-24951 AudioStreamBuilder      net.ashmeet.hyperlauncher.debug      D  build, system mmap exclusive policy is 2
2026-05-28 10:01:10.875 19925-24951 AudioStreamBuilder      net.ashmeet.hyperlauncher.debug      D  build, final mmap exclusive policy is 2
2026-05-28 10:01:10.876 19925-24951 cher.debug:game         net.ashmeet.hyperlauncher.debug      D  PlayerBase::PlayerBase()
2026-05-28 10:01:10.877 19925-24951 cher.debug:game         net.ashmeet.hyperlauncher.debug      D  PlayerBase::PlayerBase()
2026-05-28 10:01:10.877 19925-24951 AudioStrea...nal_Client net.ashmeet.hyperlauncher.debug      D  ~AudioStreamInternal() 0x6d57ec6e00 called
2026-05-28 10:01:10.877 19925-24951 AAudioStream            net.ashmeet.hyperlauncher.debug      D  ~AudioStream(s#1) mPlayerBase strongCount = 1
2026-05-28 10:01:10.877 19925-24951 cher.debug:game         net.ashmeet.hyperlauncher.debug      D  PlayerBase::~PlayerBase()
2026-05-28 10:01:10.877 19925-24951 AudioStreamTrack        net.ashmeet.hyperlauncher.debug      D  open(), request notificationFrames = 0, frameCount = 0
2026-05-28 10:01:10.877 19925-24951 AudioTrack              net.ashmeet.hyperlauncher.debug      I  set(): type=audio,case=1,attributes=1,content_type=2,usage=1,source=0,flags=0x8100
2026-05-28 10:01:10.877 19925-24951 AudioTrackExtImpl       net.ashmeet.hyperlauncher.debug      D  AudioTrackExtImpl init
2026-05-28 10:01:10.877 19925-24951 ExtensionsLoader        net.ashmeet.hyperlauncher.debug      D  createInstance(64bit) : createExtendedFactory
2026-05-28 10:01:10.877 19925-24951 ExtensionsLoader        net.ashmeet.hyperlauncher.debug      D  Opened libSchedAssistExtImpl.so
2026-05-28 10:01:10.877 19925-24951 AudioTrack              net.ashmeet.hyperlauncher.debug      D  set(): streamType -1, sampleRate 0, format 0x5, channelMask 0x3, frameCount 0, flags #104, notificationFrames 0, sessionId 0, transferType 3, uid -1, pid -1
2026-05-28 10:01:10.877 19925-24951 ListServiceUtils        net.ashmeet.hyperlauncher.debug      D  mListServiceUtils::init CallingPid 19925
2026-05-28 10:01:10.877 19925-24951 ListServiceUtils        net.ashmeet.hyperlauncher.debug      D  mListServiceUtils::init this 0x6da2b64c00
2026-05-28 10:01:10.877 19925-24951 AudioSystem             net.ashmeet.hyperlauncher.debug      D  onNewServiceWithAdapter: media.audio_flinger service obtained 0x6d715fb420
2026-05-28 10:01:10.878 19925-24951 AudioSystem             net.ashmeet.hyperlauncher.debug      D  getService: IAudioFlingerService retrieved: 0x6d76e4ea00  IAudioFlinger cached: 0x6d715fb420
2026-05-28 10:01:10.878 19925-24951 AudioDetectPulse        net.ashmeet.hyperlauncher.debug      D  setDetectPulse, mIsDetectPulse 0, 0x6fac550108
2026-05-28 10:01:10.878 19925-24951 AudioTrackExtImpl       net.ashmeet.hyperlauncher.debug      D  doSchedBoost, set audioapp task boost, pid=19925, tid=24951, enable=1, ret=0
2026-05-28 10:01:10.878 19925-24951 AudioTrack              net.ashmeet.hyperlauncher.debug      W  createTrack_l(0): AUDIO_OUTPUT_FLAG_FAST denied by client, not shared buffer and transfer = TRANSFER_SYNC
2026-05-28 10:01:10.880 19925-24951 AudioTrack              net.ashmeet.hyperlauncher.debug      D  createTrack state 0 output.outputId=13
2026-05-28 10:01:10.881 19925-24951 AudioTrack              net.ashmeet.hyperlauncher.debug      I  createTrack_l(762) on outputId(13) : 0x6d76e94600, mCblk = 0x6fac551000,  mLatency = 121, mAfLatency = 61, frameCount = 2886, mSampleRate = 48000, mFlags = 0, mReqFrameCount = 2886, mNotificationFramesAct = 962
2026-05-28 10:01:10.881 19925-24951 AudioTrackExtImpl       net.ashmeet.hyperlauncher.debug      D  doSchedBoost, set audioapp task boost, pid=19925, tid=24951, enable=0, ret=0
2026-05-28 10:01:10.881 19925-24951 AudioTrackExtImpl       net.ashmeet.hyperlauncher.debug      E  get fade type, but return null, pid 19925, uid 10451
2026-05-28 10:01:10.881 19925-24951 AudioTrackExtImpl       net.ashmeet.hyperlauncher.debug      D  getPopOptimizeFlush 1
2026-05-28 10:01:10.881 19925-24951 AudioTrack              net.ashmeet.hyperlauncher.debug      D  set: pop_optimize mIsPopOptimizeSupport:1, mIsPopOptimizeFlush:1
2026-05-28 10:01:10.881 19925-24951 AudioTrack              net.ashmeet.hyperlauncher.debug      D  setVolume(762) left 1.000 right 1.000 , callingPid 19925
2026-05-28 10:01:10.882 19925-24951 AudioStreamTrack        net.ashmeet.hyperlauncher.debug      D  open() flags changed from 0x00000104 to 0x00000000
2026-05-28 10:01:10.882 19925-24951 AudioStreamTrack        net.ashmeet.hyperlauncher.debug      D  open() perfMode changed from 12 to 10
2026-05-28 10:01:10.882 19925-24951 AAudioStream            net.ashmeet.hyperlauncher.debug      D  setState(s#2) from 0 to 2
2026-05-28 10:01:10.882 19925-24951 AAudio                  net.ashmeet.hyperlauncher.debug      I  AAudioStreamBuilder_openStream() returns 0 = AAUDIO_OK for s#2 ----------------
2026-05-28 10:01:10.882 19925-24951 AAudio                  net.ashmeet.hyperlauncher.debug      D  AAudioStream_requestStop(s#2) called
2026-05-28 10:01:10.882 19925-24951 AAudioStream            net.ashmeet.hyperlauncher.debug      D  setState(s#2) from 2 to 10
2026-05-28 10:01:10.903 19925-24951 AAudio                  net.ashmeet.hyperlauncher.debug      D  AAudioStream_close(s#2) called ---------------
2026-05-28 10:01:10.903 19925-24951 AAudioStream            net.ashmeet.hyperlauncher.debug      D  setState(s#2) from 10 to 11
2026-05-28 10:01:10.903 19925-24951 AudioTrack              net.ashmeet.hyperlauncher.debug      D  [oplusAudioFade]stop mState STATE_STOPPED, mIsTrackSupportFade 1
2026-05-28 10:01:10.903 19925-24951 AudioTrack              net.ashmeet.hyperlauncher.debug      D  stop(762): prior state:STATE_STOPPED output 13 stream 3 session 3809
2026-05-28 10:01:10.903 19925-24951 AudioTrack              net.ashmeet.hyperlauncher.debug      I  stopAndJoinCallbacks(762) done
2026-05-28 10:01:10.903 19925-24951 AudioTrack              net.ashmeet.hyperlauncher.debug      D  ~AudioTrack(762), releasing mStatus =0 session id 3809 from 19925 on behalf of 19925
2026-05-28 10:01:10.903 19925-24951 AudioTrack              net.ashmeet.hyperlauncher.debug      D  [oplusAudioFade]stop mState STATE_STOPPED, mIsTrackSupportFade 1
2026-05-28 10:01:10.903 19925-24951 AudioTrack              net.ashmeet.hyperlauncher.debug      D  stop(762): prior state:STATE_STOPPED output 13 stream 3 session 3809
2026-05-28 10:01:10.903 19925-24951 AudioTrack              net.ashmeet.hyperlauncher.debug      I  stopAndJoinCallbacks(762) done
2026-05-28 10:01:10.904 19925-24951 AAudioStream            net.ashmeet.hyperlauncher.debug      D  setState(s#2) from 11 to 12
2026-05-28 10:01:10.904 19925-24951 AAudioStream            net.ashmeet.hyperlauncher.debug      D  ~AudioStream(s#2) mPlayerBase strongCount = 2
2026-05-28 10:01:10.904 19925-24951 AAudio                  net.ashmeet.hyperlauncher.debug      D  AAudioStream_close(s#2) returned 0 ---------
2026-05-28 10:01:10.904 19925-24951 openal                  net.ashmeet.hyperlauncher.debug      D  [ALSOFT] (II) Created device 0x6d5f71a240, "Oboe Default"
2026-05-28 10:01:10.907 19925-24951 openal                  net.ashmeet.hyperlauncher.debug      D  [ALSOFT] (II) Searching /storage/emulated/0/Android/data/net.ashmeet.hyperlauncher.debug/files/instances/fabric-loader-0.19.2-1.21.5-14a7c641-d2b6-4f2d-99d1-9eddeaca0004 for *.mhr
2026-05-28 10:01:10.907 19925-24951 openal                  net.ashmeet.hyperlauncher.debug      D  [ALSOFT] (II) Adding built-in entry "!1_Built-In HRTF"
2026-05-28 10:01:10.907 19925-24951 openal                  net.ashmeet.hyperlauncher.debug      D  [ALSOFT] (II) ALC_HRTF_SOFT = 0
2026-05-28 10:01:10.907 19925-24951 openal                  net.ashmeet.hyperlauncher.debug      D  [ALSOFT] (II) ALC_HRTF_ID_SOFT = 0
2026-05-28 10:01:10.907 19925-24951 openal                  net.ashmeet.hyperlauncher.debug      D  [ALSOFT] (II) ALC_OUTPUT_LIMITER_SOFT = 1
2026-05-28 10:01:10.907 19925-24951 openal                  net.ashmeet.hyperlauncher.debug      D  [ALSOFT] (II) Pre-reset: Stereo, Float32, 48000hz, 960 / 2880 buffer
2026-05-28 10:01:10.907 19925-24951 OboeAudio               net.ashmeet.hyperlauncher.debug      W  `openManagedStream` is deprecated. Use openStream(std::shared_ptr<oboe::AudioStream> &stream) instead.
2026-05-28 10:01:10.907 19925-24951 OboeAudio               net.ashmeet.hyperlauncher.debug      W  Passing AudioStream pointer deprecated, Use openStream(std::shared_ptr<oboe::AudioStream> &stream) instead.
2026-05-28 10:01:10.907 19925-24951 OboeAudio               net.ashmeet.hyperlauncher.debug      I  openStreamInternal() OUTPUT -------- OboeVersion1.9.3 --------
2026-05-28 10:01:10.907 19925-24951 AAudio                  net.ashmeet.hyperlauncher.debug      I  AAudioStreamBuilder_openStream() called ----------------------------------------
2026-05-28 10:01:10.908 19925-24951 AudioStreamBuilder      net.ashmeet.hyperlauncher.debug      I  rate   =      0, channels  = 0, channelMask = 0, format   = 0, sharing = SH, dir = OUTPUT
2026-05-28 10:01:10.908 19925-24951 AudioStreamBuilder      net.ashmeet.hyperlauncher.debug      I  device = AUDIO_PORT_HANDLE_NONE, sessionId = -1, perfMode = 12, callback: ON with frames = 0, error callback: ON
2026-05-28 10:01:10.908 19925-24951 AudioStreamBuilder      net.ashmeet.hyperlauncher.debug      I  usage  =     14, contentType = 2, inputPreset = 6, allowedCapturePolicy = 0
2026-05-28 10:01:10.908 19925-24951 AudioStreamBuilder      net.ashmeet.hyperlauncher.debug      I  privacy sensitive = false, opPackageName = (null), attributionTag = (null)
2026-05-28 10:01:10.908 19925-24951 AudioStreamBuilder      net.ashmeet.hyperlauncher.debug      D  build, global mmap policy is 0
2026-05-28 10:01:10.908 19925-24951 AudioStreamBuilder      net.ashmeet.hyperlauncher.debug      D  build, system mmap policy is 2
2026-05-28 10:01:10.908 19925-24951 AudioStreamBuilder      net.ashmeet.hyperlauncher.debug      D  build, final mmap policy is 2
2026-05-28 10:01:10.908 19925-24951 AudioStreamBuilder      net.ashmeet.hyperlauncher.debug      D  build, system mmap exclusive policy is 2
2026-05-28 10:01:10.908 19925-24951 AudioStreamBuilder      net.ashmeet.hyperlauncher.debug      D  build, final mmap exclusive policy is 2
2026-05-28 10:01:10.908 19925-24951 cher.debug:game         net.ashmeet.hyperlauncher.debug      D  PlayerBase::PlayerBase()
2026-05-28 10:01:10.908 19925-24951 cher.debug:game         net.ashmeet.hyperlauncher.debug      D  PlayerBase::PlayerBase()
2026-05-28 10:01:10.908 19925-24951 AudioStrea...nal_Client net.ashmeet.hyperlauncher.debug      D  ~AudioStreamInternal() 0x6d57ec6e00 called
2026-05-28 10:01:10.908 19925-24951 AAudioStream            net.ashmeet.hyperlauncher.debug      D  ~AudioStream(s#3) mPlayerBase strongCount = 1
2026-05-28 10:01:10.908 19925-24951 cher.debug:game         net.ashmeet.hyperlauncher.debug      D  PlayerBase::~PlayerBase()
2026-05-28 10:01:10.908 19925-24951 AudioStreamTrack        net.ashmeet.hyperlauncher.debug      D  open(), request notificationFrames = -8, frameCount = 0
2026-05-28 10:01:10.908 19925-24951 AudioTrack              net.ashmeet.hyperlauncher.debug      I  set(): type=audio,case=1,attributes=1,content_type=2,usage=14,source=0,flags=0x8100
2026-05-28 10:01:10.908 19925-24951 AudioTrackExtImpl       net.ashmeet.hyperlauncher.debug      D  AudioTrackExtImpl init
2026-05-28 10:01:10.908 19925-24951 AudioTrack              net.ashmeet.hyperlauncher.debug      D  set(): streamType -1, sampleRate 0, format 0x5, channelMask 0x3, frameCount 0, flags #104, notificationFrames -8, sessionId 0, transferType 1, uid -1, pid -1
2026-05-28 10:01:10.908 19925-24951 AudioTrack              net.ashmeet.hyperlauncher.debug      I  set(): 0x6d76e94600, Create AudioTrackThread, tid = 25086
2026-05-28 10:01:10.908 19925-24951 AudioDetectPulse        net.ashmeet.hyperlauncher.debug      D  setDetectPulse, mIsDetectPulse 0, 0x6fac550108
2026-05-28 10:01:10.909 19925-24951 AudioTrackExtImpl       net.ashmeet.hyperlauncher.debug      D  doSchedBoost, set audioapp task boost, pid=19925, tid=24951, enable=1, ret=0
2026-05-28 10:01:10.911 19925-24951 AudioTrack              net.ashmeet.hyperlauncher.debug      D  createTrack state 0 output.outputId=13
2026-05-28 10:01:10.911 19925-24951 AudioTrack              net.ashmeet.hyperlauncher.debug      I  createTrack_l(0): AUDIO_OUTPUT_FLAG_FAST successful; frameCount 0 -> 1536
2026-05-28 10:01:10.912 19925-24951 AudioTrack              net.ashmeet.hyperlauncher.debug      I  createTrack_l(763) on outputId(13) : 0x6d76e94600, mCblk = 0x6faf272000,  mLatency = 93, mAfLatency = 61, frameCount = 1536, mSampleRate = 48000, mFlags = 0x4, mReqFrameCount = 1536, mNotificationFramesAct = 192
2026-05-28 10:01:10.912 19925-24951 AudioTrackExtImpl       net.ashmeet.hyperlauncher.debug      D  doSchedBoost, set audioapp task boost, pid=19925, tid=24951, enable=0, ret=0
2026-05-28 10:01:10.912 19925-24951 AudioTrackExtImpl       net.ashmeet.hyperlauncher.debug      E  get fade type, but return null, pid 19925, uid 10451
2026-05-28 10:01:10.912 19925-24951 AudioTrackExtImpl       net.ashmeet.hyperlauncher.debug      D  getPopOptimizeFlush 1
2026-05-28 10:01:10.912 19925-24951 AudioTrack              net.ashmeet.hyperlauncher.debug      D  set: pop_optimize mIsPopOptimizeSupport:1, mIsPopOptimizeFlush:1
2026-05-28 10:01:10.912 19925-24951 AudioTrack              net.ashmeet.hyperlauncher.debug      D  setVolume(763) left 1.000 right 1.000 , callingPid 19925
2026-05-28 10:01:10.913 19925-24951 AudioStreamTrack        net.ashmeet.hyperlauncher.debug      D  open() flags changed from 0x00000104 to 0x00000004
2026-05-28 10:01:10.913 19925-24951 AAudioStream            net.ashmeet.hyperlauncher.debug      D  setState(s#4) from 0 to 2
2026-05-28 10:01:10.913 19925-24951 AAudio                  net.ashmeet.hyperlauncher.debug      I  AAudioStreamBuilder_openStream() returns 0 = AAUDIO_OK for s#4 ----------------
2026-05-28 10:01:10.913 19925-24951 openal                  net.ashmeet.hyperlauncher.debug      D  [ALSOFT] (II) Got stream with properties:
                                                                                                    StreamID: 0x6d7a725800
                                                                                                    DeviceId: 3
                                                                                                    Direction: Output
                                                                                                    API type: AAudio
                                                                                                    BufferCapacity: 1536
                                                                                                    BufferSize: 1536
                                                                                                    FramesPerBurst: 192
                                                                                                    FramesPerDataCallback: 0
                                                                                                    SampleRate: 48000
                                                                                                    ChannelCount: 2
                                                                                                    Format: Float
                                                                                                    SharingMode: Shared
                                                                                                    PerformanceMode: LowLatency
                                                                                                    CurrentState: Open
                                                                                                    XRunCount: 0
                                                                                                    FramesRead: 0
                                                                                                    FramesWritten: 0
2026-05-28 10:01:10.913 19925-24951 openal                  net.ashmeet.hyperlauncher.debug      D  [ALSOFT] (II) Post-reset: Stereo, Float32, 48000hz, 480 / 1536 buffer
2026-05-28 10:01:10.913 19925-24951 openal                  net.ashmeet.hyperlauncher.debug      D  [ALSOFT] (II) Stereo rendering
2026-05-28 10:01:10.913 19925-24951 openal                  net.ashmeet.hyperlauncher.debug      D  [ALSOFT] (II) Channel config, Main: 3, Real: 2
2026-05-28 10:01:10.913 19925-24951 openal                  net.ashmeet.hyperlauncher.debug      D  [ALSOFT] (II) Allocating 5 channels, 20480 bytes
2026-05-28 10:01:10.913 19925-24951 openal                  net.ashmeet.hyperlauncher.debug      D  [ALSOFT] (II) Enabling single-band first-order ambisonic decoder
2026-05-28 10:01:10.913 19925-24951 openal                  net.ashmeet.hyperlauncher.debug      D  [ALSOFT] (II) Max sources: 256 (255 + 1), effect slots: 64, sends: 2
2026-05-28 10:01:10.913 19925-24951 openal                  net.ashmeet.hyperlauncher.debug      D  [ALSOFT] (II) Dithering disabled
2026-05-28 10:01:10.913 19925-24951 openal                  net.ashmeet.hyperlauncher.debug      D  [ALSOFT] (II) Output limiter enabled, 0.0000dB limit
2026-05-28 10:01:10.913 19925-24951 openal                  net.ashmeet.hyperlauncher.debug      D  [ALSOFT] (II) Fixed device latency: 1000000ns
2026-05-28 10:01:10.913 19925-24951 AAudio                  net.ashmeet.hyperlauncher.debug      D  AAudioStream_requestStart(s#4) called --------------
2026-05-28 10:01:10.913 19925-24951 AAudioStream            net.ashmeet.hyperlauncher.debug      D  setState(s#4) from 2 to 3
2026-05-28 10:01:10.913 19925-24951 AudioTrack              net.ashmeet.hyperlauncher.debug      D  start(763): prior state:STATE_STOPPED output 13 stream 3 session 3817
2026-05-28 10:01:10.917  3702-5049  AppOps                  system_server                        E  attributionTag  not declared in manifest of net.ashmeet.hyperlauncher.debug
2026-05-28 10:01:10.917  3702-5049  AppOps                  system_server                        E  attributionTag  not declared in manifest of net.ashmeet.hyperlauncher.debug
2026-05-28 10:01:10.918 19925-24951 AAudio                  net.ashmeet.hyperlauncher.debug      D  AAudioStream_requestStart(s#4) returned 0 ---------
2026-05-28 10:01:10.918 19925-24951 openal                  net.ashmeet.hyperlauncher.debug      D  [ALSOFT] (II) Post-start: Stereo, Float32, 48000hz, 480 / 1536 buffer
2026-05-28 10:01:10.918 19925-24951 openal                  net.ashmeet.hyperlauncher.debug      D  [ALSOFT] (II) Increasing allocated voices to 256
2026-05-28 10:01:10.918 19925-25084 AudioStreamLegacy       net.ashmeet.hyperlauncher.debug      D  onAudioDeviceUpdate() devices 3 => 3
2026-05-28 10:01:10.918 19925-24951 openal                  net.ashmeet.hyperlauncher.debug      D  [ALSOFT] (II) Created context 0x6d57e63700
2026-05-28 10:01:10.927 19925-24951 openal                  net.ashmeet.hyperlauncher.debug      D  [ALSOFT] (II) Increasing allocated context properties to 2
2026-05-28 10:01:10.967 19925-25086 AAudioStream            net.ashmeet.hyperlauncher.debug      D  setState(s#4) from 3 to 4
2026-05-28 10:01:11.176 19925-19925 DynamicFra...peedAware] net.ashmeet.hyperlauncher.debug      I  onEventHandled: info: InputEventInfo: mX = 0, mY = 0, mAction = 0, mVsyncTime = 18082163, mIsMoving = true, mUpdated = true
2026-05-28 10:01:11.176 19925-19925 punjabilauncher         net.ashmeet.hyperlauncher.debug      I  sendSpecialKey(-5,true)
2026-05-28 10:01:11.193 19925-19925 DynamicFra...peedAware] net.ashmeet.hyperlauncher.debug      I  onEventHandled: info: InputEventInfo: mX = 0, mY = 0, mAction = 1, mVsyncTime = 18082181, mIsMoving = false, mUpdated = true
2026-05-28 10:01:11.194 19925-19925 punjabilauncher         net.ashmeet.hyperlauncher.debug      I  sendSpecialKey(-5,false)
2026-05-28 10:01:11.194 19925-19925 OplusViewD...ViewHelper net.ashmeet.hyperlauncher.debug      D  dispatchTouchView action = 1
2026-05-28 10:01:11.194 19925-19925 ViewRootImplExtImpl     net.ashmeet.hyperlauncher.debug      D  the up motion event handled by client, just return
2026-05-28 10:01:11.256 19925-24940 HyperLauncher           net.ashmeet.hyperlauncher.debug      W  No colon on line "mouseWheelS", skipping
2026-05-28 10:01:11.257 19925-24940 HyperLauncher           net.ashmeet.hyperlauncher.debug      W  No colon on line "soundCategory_ma", skipping
2026-05-28 10:01:11.599  6670-6670  oiface                  oiface                               E  can not find task:net.ashmeet.hyperlauncher.debug
