2026-05-28 09:59:54.728 16131-16131 ViewRootImplExtImpl     net.ashmeet.hyperlauncher.debug      D  the up motion event handled by client, just return
2026-05-28 09:59:54.738 16131-16131 ProgressLayout          net.ashmeet.hyperlauncher.debug      I  onProgressStarted
2026-05-28 09:59:54.738 16131-23537 DNS_CACHE               net.ashmeet.hyperlauncher.debug      D  oplus_oplus_getaddrinfo_proxy lookup from netd: hostname:piston-meta.mojang.com, servname:(null) uid: 10451, result_code:408, res = 0x0, found = 0
2026-05-28 09:59:54.739 16131-16131 ProgressService         net.ashmeet.hyperlauncher.debug      D  Started!
2026-05-28 09:59:54.776 16131-23537 DNS_CACHE               net.ashmeet.hyperlauncher.debug      D  oplus_send_dns_response send hostname: piston-meta.mojang.com, servname: (null) response into netd: 0, *res = 0x6efcfb1c00
2026-05-28 09:59:55.135 16131-23537 DNS_CACHE               net.ashmeet.hyperlauncher.debug      D  oplus_oplus_getaddrinfo_proxy lookup from netd: hostname:mojolauncher.github.io, servname:(null) uid: 10451, result_code:408, res = 0x0, found = 0
2026-05-28 09:59:55.287 16131-23537 DNS_CACHE               net.ashmeet.hyperlauncher.debug      D  oplus_send_dns_response send hostname: mojolauncher.github.io, servname: (null) response into netd: 0, *res = 0x6efcfb1b40
2026-05-28 09:59:55.597  6670-17384 oiface                  oiface                               E  can not find task:net.ashmeet.hyperlauncher.debug
2026-05-28 09:59:56.057 16131-16131 ProgressService         net.ashmeet.hyperlauncher.debug      D  Started!
2026-05-28 09:59:56.064 16131-16131 ProgressLayout          net.ashmeet.hyperlauncher.debug      I  onProgressStarted
2026-05-28 09:59:56.342 16131-16131 DynamicFra...peedAware] net.ashmeet.hyperlauncher.debug      I  onEventHandled: info: InputEventInfo: mX = 0, mY = 0, mAction = 0, mVsyncTime = 18007330, mIsMoving = true, mUpdated = true
2026-05-28 09:59:56.381 16131-16131 DynamicFra...peedAware] net.ashmeet.hyperlauncher.debug      I  onEventHandled: info: InputEventInfo: mX = 0, mY = 0, mAction = 1, mVsyncTime = 18007368, mIsMoving = false, mUpdated = true
2026-05-28 09:59:56.381 16131-16131 OplusViewD...ViewHelper net.ashmeet.hyperlauncher.debug      D  dispatchTouchView action = 1
2026-05-28 09:59:56.382 16131-16131 ViewRootImplExtImpl     net.ashmeet.hyperlauncher.debug      D  the up motion event handled by client, just return
2026-05-28 09:59:56.822 16131-23454 HWUI                    net.ashmeet.hyperlauncher.debug      D  SkiaVulkanPipeline::setSurface: this=0x6e4e81b300, surface=NULL
2026-05-28 09:59:56.823 16131-23454 HWUI                    net.ashmeet.hyperlauncher.debug      D  SkiaVulkanPipeline::setSurface: this=0x6e4e81b600, surface=NULL
2026-05-28 09:59:56.846 16131-16131 DynamicFra...peedAware] net.ashmeet.hyperlauncher.debug      I  onEventHandled: info: InputEventInfo: mX = 0, mY = 0, mAction = 0, mVsyncTime = 18007833, mIsMoving = true, mUpdated = true
2026-05-28 09:59:56.884 16131-16131 DynamicFra...peedAware] net.ashmeet.hyperlauncher.debug      I  onEventHandled: info: InputEventInfo: mX = 0, mY = 0, mAction = 1, mVsyncTime = 18007871, mIsMoving = false, mUpdated = true
2026-05-28 09:59:56.884 16131-16131 OplusViewD...ViewHelper net.ashmeet.hyperlauncher.debug      D  dispatchTouchView action = 1
2026-05-28 09:59:56.884 16131-16131 ViewRootImplExtImpl     net.ashmeet.hyperlauncher.debug      D  the up motion event handled by client, just return
2026-05-28 10:00:01.598  6670-6670  oiface                  oiface                               E  can not find task:net.ashmeet.hyperlauncher.debug
2026-05-28 10:00:07.612  6670-17384 oiface                  oiface                               E  can not find task:net.ashmeet.hyperlauncher.debug
2026-05-28 10:00:11.106 16131-16131 ProgressService         net.ashmeet.hyperlauncher.debug      D  Started!
2026-05-28 10:00:11.129 16131-16131 ProgressService         net.ashmeet.hyperlauncher.debug      D  Started!
2026-05-28 10:00:11.736 16131-23537 HyperLauncher           net.ashmeet.hyperlauncher.debug      D  Library net.java.dev.jna:jna:5.15.0 has been changed to version 5.13.0
2026-05-28 10:00:11.753 16131-24665 DNS_CACHE               net.ashmeet.hyperlauncher.debug      D  oplus_oplus_getaddrinfo_proxy lookup from netd: hostname:resources.download.minecraft.net, servname:(null) uid: 10451, result_code:408, res = 0x0, found = 0
2026-05-28 10:00:11.753 16131-24666 DNS_CACHE               net.ashmeet.hyperlauncher.debug      D  oplus_oplus_getaddrinfo_proxy lookup from netd: hostname:resources.download.minecraft.net, servname:(null) uid: 10451, result_code:408, res = 0x0, found = 0
2026-05-28 10:00:11.753 16131-24667 DNS_CACHE               net.ashmeet.hyperlauncher.debug      D  oplus_oplus_getaddrinfo_proxy lookup from netd: hostname:resources.download.minecraft.net, servname:(null) uid: 10451, result_code:408, res = 0x0, found = 0
2026-05-28 10:00:11.753 16131-24664 DNS_CACHE               net.ashmeet.hyperlauncher.debug      D  oplus_oplus_getaddrinfo_proxy lookup from netd: hostname:resources.download.minecraft.net, servname:(null) uid: 10451, result_code:408, res = 0x0, found = 0
2026-05-28 10:00:11.755 16131-24663 DNS_CACHE               net.ashmeet.hyperlauncher.debug      D  oplus_oplus_getaddrinfo_proxy lookup from netd: hostname:resources.download.minecraft.net, servname:(null) uid: 10451, result_code:408, res = 0x0, found = 0
2026-05-28 10:00:11.755 16131-24668 DNS_CACHE               net.ashmeet.hyperlauncher.debug      D  oplus_oplus_getaddrinfo_proxy lookup from netd: hostname:resources.download.minecraft.net, servname:(null) uid: 10451, result_code:408, res = 0x0, found = 0
2026-05-28 10:00:11.755 16131-24669 DNS_CACHE               net.ashmeet.hyperlauncher.debug      D  oplus_oplus_getaddrinfo_proxy lookup from netd: hostname:resources.download.minecraft.net, servname:(null) uid: 10451, result_code:408, res = 0x0, found = 0
2026-05-28 10:00:11.755 16131-24670 DNS_CACHE               net.ashmeet.hyperlauncher.debug      D  oplus_oplus_getaddrinfo_proxy lookup from netd: hostname:resources.download.minecraft.net, servname:(null) uid: 10451, result_code:408, res = 0x0, found = 0
2026-05-28 10:00:11.899 16131-24670 DNS_CACHE               net.ashmeet.hyperlauncher.debug      D  oplus_send_dns_response send hostname: resources.download.minecraft.net, servname: (null) response into netd: 0, *res = 0x6ef7ebc480
2026-05-28 10:00:11.899 16131-24666 DNS_CACHE               net.ashmeet.hyperlauncher.debug      D  oplus_send_dns_response send hostname: resources.download.minecraft.net, servname: (null) response into netd: 0, *res = 0x6ef7e93400
2026-05-28 10:00:11.899 16131-24663 DNS_CACHE               net.ashmeet.hyperlauncher.debug      D  oplus_send_dns_response send hostname: resources.download.minecraft.net, servname: (null) response into netd: 0, *res = 0x6e611e0340
2026-05-28 10:00:11.900 16131-24668 DNS_CACHE               net.ashmeet.hyperlauncher.debug      D  oplus_send_dns_response send hostname: resources.download.minecraft.net, servname: (null) response into netd: 0, *res = 0x6e611e0e80
2026-05-28 10:00:11.900 16131-24664 DNS_CACHE               net.ashmeet.hyperlauncher.debug      D  oplus_send_dns_response send hostname: resources.download.minecraft.net, servname: (null) response into netd: 0, *res = 0x6ef7ebd200
2026-05-28 10:00:11.900 16131-24667 DNS_CACHE               net.ashmeet.hyperlauncher.debug      D  oplus_send_dns_response send hostname: resources.download.minecraft.net, servname: (null) response into netd: 0, *res = 0x6ef6612a00
2026-05-28 10:00:11.900 16131-24669 DNS_CACHE               net.ashmeet.hyperlauncher.debug      D  oplus_send_dns_response send hostname: resources.download.minecraft.net, servname: (null) response into netd: 0, *res = 0x6ef7ebcc00
2026-05-28 10:00:11.901 16131-24665 DNS_CACHE               net.ashmeet.hyperlauncher.debug      D  oplus_send_dns_response send hostname: resources.download.minecraft.net, servname: (null) response into netd: 0, *res = 0x6ef668ae00
2026-05-28 10:00:12.140 16131-24663 DNS_CACHE               net.ashmeet.hyperlauncher.debug      D  oplus_oplus_getaddrinfo_proxy lookup from netd: hostname:maven.fabricmc.net, servname:(null) uid: 10451, result_code:408, res = 0x0, found = 0
2026-05-28 10:00:12.208 16131-24663 DNS_CACHE               net.ashmeet.hyperlauncher.debug      D  oplus_send_dns_response send hostname: maven.fabricmc.net, servname: (null) response into netd: 0, *res = 0x6e611e0d00
2026-05-28 10:00:13.597  6670-6670  oiface                  oiface                               E  can not find task:net.ashmeet.hyperlauncher.debug
2026-05-28 10:00:14.980 16131-16131 VRI[LauncherActivity]   net.ashmeet.hyperlauncher.debug      D  onFocusEvent false
2026-05-28 10:00:14.981 16131-16131 VRI[LauncherActivity]   net.ashmeet.hyperlauncher.debug      W  handleResized abandoned!
2026-05-28 10:00:15.981 16131-23156 OplusScrollToTopManager net.ashmeet.hyperlauncher.debug      D  net.ashmeet.hyperlauncher.debug/net.kdt.pojavlaunch.LauncherActivity,This com.android.internal.policy.DecorView{f0f63f8 V.ED..... R....... 0,0-2800,1272 aid=0 alpha=1.0 viewInfo = }[] change focus to false
2026-05-28 10:00:16.040 16131-16131 VRI[LauncherActivity]   net.ashmeet.hyperlauncher.debug      D  onFocusEvent true
2026-05-28 10:00:16.042 16131-16131 InsetsController        net.ashmeet.hyperlauncher.debug      D  hide(ime(), fromIme=false)
2026-05-28 10:00:16.042 16131-16131 ImeTracker              net.ashmeet.hyperlauncher.debug      I  net.ashmeet.hyperlauncher.debug:1979220d: onCancelled at PHASE_CLIENT_ALREADY_HIDDEN
2026-05-28 10:00:17.044 16131-23156 OplusScrollToTopManager net.ashmeet.hyperlauncher.debug      D  net.ashmeet.hyperlauncher.debug/net.kdt.pojavlaunch.LauncherActivity,This com.android.internal.policy.DecorView{f0f63f8 V.ED..... R....... 0,0-2800,1272 aid=0 alpha=1.0 viewInfo = }[] change focus to true
2026-05-28 10:00:19.601  6670-17384 oiface                  oiface                               E  can not find task:net.ashmeet.hyperlauncher.debug
2026-05-28 10:00:24.596  6670-6670  oiface                  oiface                               E  can not find task:net.ashmeet.hyperlauncher.debug
2026-05-28 10:00:30.599  6670-17384 oiface                  oiface                               E  can not find task:net.ashmeet.hyperlauncher.debug
2026-05-28 10:00:36.602  6670-17384 oiface                  oiface                               E  can not find task:net.ashmeet.hyperlauncher.debug
2026-05-28 10:00:36.796 16131-24668 DNS_CACHE               net.ashmeet.hyperlauncher.debug      D  oplus_oplus_getaddrinfo_proxy lookup from netd: hostname:piston-data.mojang.com, servname:(null) uid: 10451, result_code:408, res = 0x0, found = 0
2026-05-28 10:00:36.829 16131-24668 DNS_CACHE               net.ashmeet.hyperlauncher.debug      D  oplus_send_dns_response send hostname: piston-data.mojang.com, servname: (null) response into netd: 0, *res = 0x6ec74b27c0
2026-05-28 10:00:36.871 16131-24667 DNS_CACHE               net.ashmeet.hyperlauncher.debug      D  oplus_oplus_getaddrinfo_proxy lookup from netd: hostname:libraries.minecraft.net, servname:(null) uid: 10451, result_code:408, res = 0x0, found = 0
2026-05-28 10:00:36.895 16131-24667 DNS_CACHE               net.ashmeet.hyperlauncher.debug      D  oplus_send_dns_response send hostname: libraries.minecraft.net, servname: (null) response into netd: 0, *res = 0x6e611cdb80
2026-05-28 10:00:40.032 16131-16131 VRI[LauncherActivity]   net.ashmeet.hyperlauncher.debug      D  onFocusEvent false
2026-05-28 10:00:40.038 16131-16131 VRI[LauncherActivity]   net.ashmeet.hyperlauncher.debug      W  handleResized abandoned!
2026-05-28 10:00:41.035 16131-23156 OplusScrollToTopManager net.ashmeet.hyperlauncher.debug      D  net.ashmeet.hyperlauncher.debug/net.kdt.pojavlaunch.LauncherActivity,This com.android.internal.policy.DecorView{f0f63f8 V.ED..... R....... 0,0-2800,1272 aid=0 alpha=1.0 viewInfo = }[] change focus to false
2026-05-28 10:00:42.359 16131-16131 VRI[LauncherActivity]   net.ashmeet.hyperlauncher.debug      D  onFocusEvent true
2026-05-28 10:00:42.360 16131-16131 InsetsController        net.ashmeet.hyperlauncher.debug      D  hide(ime(), fromIme=false)
2026-05-28 10:00:42.361 16131-16131 ImeTracker              net.ashmeet.hyperlauncher.debug      I  net.ashmeet.hyperlauncher.debug:183acd4: onCancelled at PHASE_CLIENT_ALREADY_HIDDEN
2026-05-28 10:00:42.595  6670-6670  oiface                  oiface                               E  can not find task:net.ashmeet.hyperlauncher.debug
2026-05-28 10:00:43.364 16131-23156 OplusScrollToTopManager net.ashmeet.hyperlauncher.debug      D  net.ashmeet.hyperlauncher.debug/net.kdt.pojavlaunch.LauncherActivity,This com.android.internal.policy.DecorView{f0f63f8 V.ED..... R....... 0,0-2800,1272 aid=0 alpha=1.0 viewInfo = }[] change focus to true
2026-05-28 10:00:43.600 16131-16131 DynamicFra...peedAware] net.ashmeet.hyperlauncher.debug      I  onEventHandled: info: InputEventInfo: mX = 0, mY = 0, mAction = 0, mVsyncTime = 18054587, mIsMoving = true, mUpdated = true
2026-05-28 10:00:45.244 16131-16131 DynamicFra...peedAware] net.ashmeet.hyperlauncher.debug      I  onEventHandled: info: InputEventInfo: mX = 0, mY = 0, mAction = 1, mVsyncTime = 18056231, mIsMoving = false, mUpdated = true
2026-05-28 10:00:45.244 16131-16131 OplusViewD...ViewHelper net.ashmeet.hyperlauncher.debug      D  dispatchTouchView action = 1
2026-05-28 10:00:45.244 16131-16131 ViewRootImplExtImpl     net.ashmeet.hyperlauncher.debug      D  the up motion event handled by client, just return
2026-05-28 10:00:46.697 16131-16131 DynamicFra...peedAware] net.ashmeet.hyperlauncher.debug      I  onEventHandled: info: InputEventInfo: mX = 0, mY = 0, mAction = 0, mVsyncTime = 18057684, mIsMoving = true, mUpdated = true
2026-05-28 10:00:46.888 16131-16131 DynamicFra...peedAware] net.ashmeet.hyperlauncher.debug      I  onEventHandled: info: InputEventInfo: mX = 0, mY = 0, mAction = 1, mVsyncTime = 18057875, mIsMoving = false, mUpdated = true
2026-05-28 10:00:46.888 16131-16131 OplusViewD...ViewHelper net.ashmeet.hyperlauncher.debug      D  dispatchTouchView action = 1
2026-05-28 10:00:46.888 16131-16131 ViewRootImplExtImpl     net.ashmeet.hyperlauncher.debug      D  the up motion event handled by client, just return
2026-05-28 10:00:47.298 16131-16131 DynamicFra...peedAware] net.ashmeet.hyperlauncher.debug      I  onEventHandled: info: InputEventInfo: mX = 0, mY = 0, mAction = 0, mVsyncTime = 18058285, mIsMoving = true, mUpdated = true
2026-05-28 10:00:47.368 16131-16131 DynamicFra...peedAware] net.ashmeet.hyperlauncher.debug      I  onEventHandled: info: InputEventInfo: mX = 0, mY = 0, mAction = 1, mVsyncTime = 18058356, mIsMoving = false, mUpdated = true
2026-05-28 10:00:47.368 16131-16131 OplusViewD...ViewHelper net.ashmeet.hyperlauncher.debug      D  dispatchTouchView action = 1
2026-05-28 10:00:47.368 16131-16131 ViewRootImplExtImpl     net.ashmeet.hyperlauncher.debug      D  the up motion event handled by client, just return
2026-05-28 10:00:48.129 16131-16131 DynamicFra...peedAware] net.ashmeet.hyperlauncher.debug      I  onEventHandled: info: InputEventInfo: mX = 0, mY = 0, mAction = 0, mVsyncTime = 18059117, mIsMoving = true, mUpdated = true
2026-05-28 10:00:48.273 16131-16131 DynamicFra...peedAware] net.ashmeet.hyperlauncher.debug      I  onEventHandled: info: InputEventInfo: mX = 0, mY = 0, mAction = 1, mVsyncTime = 18059260, mIsMoving = false, mUpdated = true
2026-05-28 10:00:48.273 16131-16131 OplusViewD...ViewHelper net.ashmeet.hyperlauncher.debug      D  dispatchTouchView action = 1
2026-05-28 10:00:48.273 16131-16131 ViewRootImplExtImpl     net.ashmeet.hyperlauncher.debug      D  the up motion event handled by client, just return
2026-05-28 10:00:48.597  6670-17384 oiface                  oiface                               E  can not find task:net.ashmeet.hyperlauncher.debug
2026-05-28 10:00:48.866 16131-16131 DynamicFra...peedAware] net.ashmeet.hyperlauncher.debug      I  onEventHandled: info: InputEventInfo: mX = 0, mY = 0, mAction = 0, mVsyncTime = 18059853, mIsMoving = true, mUpdated = true
2026-05-28 10:00:48.961 16131-16131 DynamicFra...peedAware] net.ashmeet.hyperlauncher.debug      I  onEventHandled: info: InputEventInfo: mX = 0, mY = 0, mAction = 1, mVsyncTime = 18059948, mIsMoving = false, mUpdated = true
2026-05-28 10:00:48.961 16131-16131 OplusViewD...ViewHelper net.ashmeet.hyperlauncher.debug      D  dispatchTouchView action = 1
2026-05-28 10:00:48.961 16131-16131 ViewRootImplExtImpl     net.ashmeet.hyperlauncher.debug      D  the up motion event handled by client, just return
2026-05-28 10:00:49.531 16131-16131 DynamicFra...peedAware] net.ashmeet.hyperlauncher.debug      I  onEventHandled: info: InputEventInfo: mX = 0, mY = 0, mAction = 0, mVsyncTime = 18060518, mIsMoving = true, mUpdated = true
2026-05-28 10:00:49.609 16131-16131 DynamicFra...peedAware] net.ashmeet.hyperlauncher.debug      I  onEventHandled: info: InputEventInfo: mX = 0, mY = 0, mAction = 1, mVsyncTime = 18060597, mIsMoving = false, mUpdated = true
2026-05-28 10:00:49.610 16131-16131 OplusViewD...ViewHelper net.ashmeet.hyperlauncher.debug      D  dispatchTouchView action = 1
2026-05-28 10:00:49.610 16131-16131 ViewRootImplExtImpl     net.ashmeet.hyperlauncher.debug      D  the up motion event handled by client, just return
2026-05-28 10:00:50.773 16131-16131 DynamicFra...peedAware] net.ashmeet.hyperlauncher.debug      I  onEventHandled: info: InputEventInfo: mX = 0, mY = 0, mAction = 0, mVsyncTime = 18061760, mIsMoving = true, mUpdated = true
2026-05-28 10:00:50.828 16131-16131 DynamicFra...peedAware] net.ashmeet.hyperlauncher.debug      I  onEventHandled: info: InputEventInfo: mX = 0, mY = 0, mAction = 1, mVsyncTime = 18061815, mIsMoving = false, mUpdated = true
2026-05-28 10:00:50.828 16131-16131 OplusViewD...ViewHelper net.ashmeet.hyperlauncher.debug      D  dispatchTouchView action = 1
2026-05-28 10:00:50.828 16131-16131 ViewRootImplExtImpl     net.ashmeet.hyperlauncher.debug      D  the up motion event handled by client, just return
2026-05-28 10:00:51.356 16131-16131 DynamicFra...peedAware] net.ashmeet.hyperlauncher.debug      I  onEventHandled: info: InputEventInfo: mX = 0, mY = 0, mAction = 0, mVsyncTime = 18062343, mIsMoving = true, mUpdated = true
2026-05-28 10:00:51.476 16131-16131 DynamicFra...peedAware] net.ashmeet.hyperlauncher.debug      I  onEventHandled: info: InputEventInfo: mX = 0, mY = 0, mAction = 1, mVsyncTime = 18062463, mIsMoving = false, mUpdated = true
2026-05-28 10:00:51.476 16131-16131 OplusViewD...ViewHelper net.ashmeet.hyperlauncher.debug      D  dispatchTouchView action = 1
2026-05-28 10:00:51.476 16131-16131 ViewRootImplExtImpl     net.ashmeet.hyperlauncher.debug      D  the up motion event handled by client, just return
2026-05-28 10:00:52.383 16131-16131 DynamicFra...peedAware] net.ashmeet.hyperlauncher.debug      I  onEventHandled: info: InputEventInfo: mX = 0, mY = 0, mAction = 0, mVsyncTime = 18063370, mIsMoving = true, mUpdated = true
2026-05-28 10:00:52.461 16131-16131 DynamicFra...peedAware] net.ashmeet.hyperlauncher.debug      I  onEventHandled: info: InputEventInfo: mX = 0, mY = 0, mAction = 1, mVsyncTime = 18063449, mIsMoving = false, mUpdated = true
2026-05-28 10:00:52.462 16131-16131 OplusViewD...ViewHelper net.ashmeet.hyperlauncher.debug      D  dispatchTouchView action = 1
2026-05-28 10:00:52.968 16131-16131 DynamicFra...peedAware] net.ashmeet.hyperlauncher.debug      I  onEventHandled: info: InputEventInfo: mX = 0, mY = 0, mAction = 0, mVsyncTime = 18063955, mIsMoving = true, mUpdated = true
2026-05-28 10:00:53.046 16131-16131 DynamicFra...peedAware] net.ashmeet.hyperlauncher.debug      I  onEventHandled: info: InputEventInfo: mX = 0, mY = 0, mAction = 1, mVsyncTime = 18064034, mIsMoving = false, mUpdated = true
2026-05-28 10:00:53.046 16131-16131 VelocityTracker         net.ashmeet.hyperlauncher.debug      I  LSQ2 speed rezero
2026-05-28 10:00:53.046 16131-16131 OplusViewD...ViewHelper net.ashmeet.hyperlauncher.debug      D  dispatchTouchView action = 1
2026-05-28 10:00:53.046 16131-16131 VelocityTracker         net.ashmeet.hyperlauncher.debug      I  LSQ2 speed rezero
2026-05-28 10:00:53.047 16131-16131 ViewRootImplExtImpl     net.ashmeet.hyperlauncher.debug      D  the up motion event handled by client, just return
2026-05-28 10:00:54.603  6670-6670  oiface                  oiface                               E  can not find task:net.ashmeet.hyperlauncher.debug
2026-05-28 10:00:54.670 16131-16131 VRI[LauncherActivity]   net.ashmeet.hyperlauncher.debug      D  onFocusEvent false
2026-05-28 10:00:54.677 16131-16131 VRI[LauncherActivity]   net.ashmeet.hyperlauncher.debug      W  handleResized abandoned!
2026-05-28 10:00:55.670 16131-23156 OplusScrollToTopManager net.ashmeet.hyperlauncher.debug      D  net.ashmeet.hyperlauncher.debug/net.kdt.pojavlaunch.LauncherActivity,This com.android.internal.policy.DecorView{f0f63f8 V.ED..... R....... 0,0-2800,1272 aid=0 alpha=1.0 viewInfo = }[] change focus to false
2026-05-28 10:00:56.018 16131-16131 VRI[LauncherActivity]   net.ashmeet.hyperlauncher.debug      D  onFocusEvent true
2026-05-28 10:00:56.020 16131-16131 InsetsController        net.ashmeet.hyperlauncher.debug      D  hide(ime(), fromIme=false)
2026-05-28 10:00:56.020 16131-16131 ImeTracker              net.ashmeet.hyperlauncher.debug      I  net.ashmeet.hyperlauncher.debug:4eca9821: onCancelled at PHASE_CLIENT_ALREADY_HIDDEN
2026-05-28 10:00:56.038 16131-16131 Choreographer           net.ashmeet.hyperlauncher.debug      W  Frame time is 0.150072 ms in the future!  Check that graphics HAL is generating vsync timestamps using the correct timebase.
2026-05-28 10:00:57.019 16131-23156 OplusScrollToTopManager net.ashmeet.hyperlauncher.debug      D  net.ashmeet.hyperlauncher.debug/net.kdt.pojavlaunch.LauncherActivity,This com.android.internal.policy.DecorView{f0f63f8 V.ED..... R....... 0,0-2800,1272 aid=0 alpha=1.0 viewInfo = }[] change focus to true
2026-05-28 10:01:00.383 16131-23454 skia                    net.ashmeet.hyperlauncher.debug      D  GrGpu::writePixels takes 1
2026-05-28 10:01:00.601  6670-6670  oiface                  oiface                               E  can not find task:net.ashmeet.hyperlauncher.debug
2026-05-28 10:01:02.349 16131-23537 NewMCDownloader         net.ashmeet.hyperlauncher.debug      I  Copying 1.21.5.jar to /storage/emulated/0/Android/data/net.ashmeet.hyperlauncher.debug/files/.minecraft/versions/fabric-loader-0.19.2-1.21.5/fabric-loader-0.19.2-1.21.5.jar
2026-05-28 10:01:02.394  2060-2060  PERF_APPCLASSIFIER      ven...ti.hardware.perf2-hal-service  E  PERF_APPCLASSIFIER: getData() 195: DBQuery failed for appName:net.ashmeet.hyperlauncher.debug:game
2026-05-28 10:01:02.397  2060-2144  PERFHAL-CONFIG          ven...ti.hardware.perf2-hal-service  E  PERFHAL-CONFIG: GetConfig() 528: Config NumThreads_120 undefined for package net.ashmeet.hyperlauncher.debug
2026-05-28 10:01:02.397  2060-2144  PERFHAL-CONFIG          ven...ti.hardware.perf2-hal-service  E  PERFHAL-CONFIG: GetConfig() 528: Config NumThreads_Def undefined for package net.ashmeet.hyperlauncher.debug
2026-05-28 10:01:02.416 16131-16131 VRI[LauncherActivity]   net.ashmeet.hyperlauncher.debug      D  onFocusEvent false
---------------------------- PROCESS STARTED (19925) for package net.ashmeet.hyperlauncher.debug ----------------------------
2026-05-28 10:01:02.422 19925-19925 nativeloader            net.ashmeet.hyperlauncher.debug      D  Load libframework-connectivity-tiramisu-jni.so using APEX ns com_android_tethering for caller /apex/com.android.tethering/javalib/framework-connectivity-t.jar: ok
2026-05-28 10:01:02.424 19925-19925 OplusActiv...eadExtImpl net.ashmeet.hyperlauncher.debug      D  java.lang.NoSuchMethodException: dalvik.system.VMRuntime.SupressionGC [int, int]
2026-05-28 10:01:02.425 19925-19925 libc                    net.ashmeet.hyperlauncher.debug      W  Access denied finding property "persist.vendor.sys.activitylog"
2026-05-28 10:01:02.425 19925-19925 OneTrace                net.ashmeet.hyperlauncher.debug      I  Mark active for pid=19925? true
2026-05-28 10:01:02.425 19925-19925 cutils-dev              net.ashmeet.hyperlauncher.debug      D  otrace_set_tracing_enabled? true tag:0
2026-05-28 10:01:02.425 19925-24913 cutils-dev              net.ashmeet.hyperlauncher.debug      D  properties changed in otrace_seq_number_changed!
2026-05-28 10:01:02.427  2060-2167  PERF_APPCLASSIFIER      ven...ti.hardware.perf2-hal-service  E  PERF_APPCLASSIFIER: getData() 195: DBQuery failed for appName:net.ashmeet.hyperlauncher.debug:game
2026-05-28 10:01:02.435 19925-24919 OplusAppHeapManager     net.ashmeet.hyperlauncher.debug      D  java.lang.NoSuchMethodException: dalvik.system.VMRuntime.updateProcessValue [int, int, int]
2026-05-28 10:01:02.437  3702-4012  OplusThermalStats       system_server                        E  Error getting package info: net.ashmeet.hyperlauncher.debug
2026-05-28 10:01:02.434 19925-19925 re-initialized>         net.ashmeet.hyperlauncher.debug      W  type=1400 audit(0.0:17354): avc:  granted  { execute } for  path="/data/data/net.ashmeet.hyperlauncher.debug/code_cache/startup_agents/a82ed9e3-agent.so" dev="dm-79" ino=837033 scontext=u:r:untrusted_app:s0:c195,c257,c512,c768 tcontext=u:object_r:app_data_file:s0:c195,c257,c512,c768 tclass=file app=net.ashmeet.hyperlauncher.debug
2026-05-28 10:01:02.440 19925-19925 nativeloader            net.ashmeet.hyperlauncher.debug      D  Load /data/user/0/net.ashmeet.hyperlauncher.debug/code_cache/startup_agents/a82ed9e3-agent.so using system ns (caller=<unknown>): ok
2026-05-28 10:01:02.442 24894-24925 WLC-DataExtractor       com.qualcomm.qti.workloadclassifier  E  PackageManager.NameNotFoundException android.content.pm.PackageManager$NameNotFoundException: net.ashmeet.hyperlauncher.debug:game
2026-05-28 10:01:02.443 19925-19925 cher.debug:game         net.ashmeet.hyperlauncher.debug      W  hiddenapi: DexFile /data/data/net.ashmeet.hyperlauncher.debug/code_cache/.studio/instruments-2fd5708c.jar is in boot class path but is not in a known location
2026-05-28 10:01:02.492 19925-19925 cher.debug:game         net.ashmeet.hyperlauncher.debug      W  Redefining intrinsic method java.lang.Thread java.lang.Thread.currentThread(). This may cause the unexpected use of the original definition of java.lang.Thread java.lang.Thread.currentThread()in methods that have already been compiled.
2026-05-28 10:01:02.492 19925-19925 cher.debug:game         net.ashmeet.hyperlauncher.debug      W  Redefining intrinsic method boolean java.lang.Thread.interrupted(). This may cause the unexpected use of the original definition of boolean java.lang.Thread.interrupted()in methods that have already been compiled.
2026-05-28 10:01:02.496 19925-19925 CompactWindowAppManager net.ashmeet.hyperlauncher.debug      D  initCompactApplicationInfo CompactMode: , NormalMode: 
2026-05-28 10:01:02.499 19925-19925 Configuration           net.ashmeet.hyperlauncher.debug      V  Updating configuration, locales updated from [] to [en_IN]
2026-05-28 10:01:02.499 19925-19925 OplusScrollToTopManager net.ashmeet.hyperlauncher.debug      D  setIsInWhiteList false
2026-05-28 10:01:02.500 19925-19925 OplusViewDebugManager   net.ashmeet.hyperlauncher.debug      D  OplusViewDebugManager Constructor android.view.debug.OplusViewDebugManager@f611885 [mHasViewDebugProperty true] [mHasMsgDebugProperty false] [DEBUG false] [EXTRAINFOENABLE false] [LIGHT_OS false]
2026-05-28 10:01:02.500 19925-19925 DynamicFra...igManager] net.ashmeet.hyperlauncher.debug      E  initAnimationConfig: animAwareItem is empty, return
2026-05-28 10:01:02.503 19925-19925 libc                    net.ashmeet.hyperlauncher.debug      W  Access denied finding property "ro.odm.prev.product.name"
2026-05-28 10:01:02.504 19925-19925 ApplicationLoaders      net.ashmeet.hyperlauncher.debug      D  Returning zygote-cached class loader: /system_ext/framework/androidx.window.extensions.jar
2026-05-28 10:01:02.504 19925-19925 ApplicationLoaders      net.ashmeet.hyperlauncher.debug      D  Returning zygote-cached class loader: /system_ext/framework/androidx.window.sidecar.jar
2026-05-28 10:01:02.635 19925-19925 nativeloader            net.ashmeet.hyperlauncher.debug      D  Configuring clns-9 for other apk /data/app/~~_FOyA-GQ59PNXmNnBPt2Rw==/net.ashmeet.hyperlauncher.debug-KJdromncY9oy9-zFnbN2fQ==/base.apk. target_sdk_version=36, uses_libraries=, library_path=/data/app/~~_FOyA-GQ59PNXmNnBPt2Rw==/net.ashmeet.hyperlauncher.debug-KJdromncY9oy9-zFnbN2fQ==/lib/arm64:/data/app/~~_FOyA-GQ59PNXmNnBPt2Rw==/net.ashmeet.hyperlauncher.debug-KJdromncY9oy9-zFnbN2fQ==/base.apk!/lib/arm64-v8a, permitted_path=/data:/mnt/expand:/data/user/0/net.ashmeet.hyperlauncher.debug
2026-05-28 10:01:02.636 19925-19925 cher.debug:game         net.ashmeet.hyperlauncher.debug      I  AssetManager2(0x6f0d6a0428) locale list changing from [] to [en-IN]
2026-05-28 10:01:02.637 19925-19925 cher.debug:game         net.ashmeet.hyperlauncher.debug      I  AssetManager2(0x6f0d6a0a28) locale list changing from [] to [en-IN]
2026-05-28 10:01:02.639 19925-19925 GraphicsEnvironment     net.ashmeet.hyperlauncher.debug      V  Currently set values for:
2026-05-28 10:01:02.639 19925-19925 GraphicsEnvironment     net.ashmeet.hyperlauncher.debug      V    angle_gl_driver_selection_pkgs=[]
2026-05-28 10:01:02.639 19925-19925 GraphicsEnvironment     net.ashmeet.hyperlauncher.debug      V    angle_gl_driver_selection_values=[]
2026-05-28 10:01:02.639 19925-19925 GraphicsEnvironment     net.ashmeet.hyperlauncher.debug      V  net.ashmeet.hyperlauncher.debug is not listed in per-application setting
2026-05-28 10:01:02.639 19925-19925 GraphicsEnvironment     net.ashmeet.hyperlauncher.debug      V  ANGLE allowlist from config: com.dreamgames.royalmatch com.dts.freefiremax com.dxx.firenow com.gramgames.mergedragons com.ludo.king com.mojang.minecraftpe com.my.defense com.nintendo.zaka com.os.airforce com.playrix.fishdomdd.gplay io.teslatech.callbreak jp.konami.prospia net.peakgames.toonblast
2026-05-28 10:01:02.639 19925-19925 GraphicsEnvironment     net.ashmeet.hyperlauncher.debug      V  net.ashmeet.hyperlauncher.debug is not listed in ANGLE allowlist or settings, returning default
2026-05-28 10:01:02.639 19925-19925 GraphicsEnvironment     net.ashmeet.hyperlauncher.debug      V  Updatable production driver is not supported on the device.
2026-05-28 10:01:02.640 19925-19925 ResourcesManagerExtImpl net.ashmeet.hyperlauncher.debug      D  applyConfigurationToAppResourcesLocked app.getDisplayId() return callback.displayId:-1
2026-05-28 10:01:02.649 19925-19925 SurfaceSyncGroup        net.ashmeet.hyperlauncher.debug      D  preCreateSurfaceSyncGroupTimerThread
2026-05-28 10:01:02.652 19925-19925 cher.debug:game         net.ashmeet.hyperlauncher.debug      I  AssetManager2(0x6ec74dd328) locale list changing from [] to [en-IN]
2026-05-28 10:01:02.654 19925-19925 nativeloader            net.ashmeet.hyperlauncher.debug      D  Load /data/app/~~_FOyA-GQ59PNXmNnBPt2Rw==/net.ashmeet.hyperlauncher.debug-KJdromncY9oy9-zFnbN2fQ==/lib/arm64/libexithook.so using class loader ns clns-9 (caller=/data/data/net.ashmeet.hyperlauncher.debug/code_cache/.overlay/base.apk/classes2.dex): ok
2026-05-28 10:01:02.654 19925-19925 nativeloader            net.ashmeet.hyperlauncher.debug      D  Load /data/app/~~_FOyA-GQ59PNXmNnBPt2Rw==/net.ashmeet.hyperlauncher.debug-KJdromncY9oy9-zFnbN2fQ==/lib/arm64/libpojavexec.so using class loader ns clns-9 (caller=/data/data/net.ashmeet.hyperlauncher.debug/code_cache/.overlay/base.apk/classes2.dex): ok
2026-05-28 10:01:02.654 19925-19925 input_bridge_v3.c       net.ashmeet.hyperlauncher.debug      I  Saving DVM environ...
2026-05-28 10:01:02.655 19925-19925 OplusGraphicsEvent      net.ashmeet.hyperlauncher.debug      D  OplusGraphicsEventListener create now!
2026-05-28 10:01:02.655 19925-19925 OplusGraphicsEvent      net.ashmeet.hyperlauncher.debug      D  addEventListener success!
2026-05-28 10:01:02.655 19925-19925 cher.debug:game         net.ashmeet.hyperlauncher.debug      I  Thread[1,tid=19925,Native,Thread*=0xb400006f0d750000,peer=0x7319d758,"main"] recursive attempt to load library "/data/app/~~_FOyA-GQ59PNXmNnBPt2Rw==/net.ashmeet.hyperlauncher.debug-KJdromncY9oy9-zFnbN2fQ==/lib/arm64/libpojavexec.so"
2026-05-28 10:01:02.656 19925-19925 input_bridge_v3.c       net.ashmeet.hyperlauncher.debug      I  CriticalNative is available. Enjoy the 4.6x times faster input!
2026-05-28 10:01:02.656 19925-19925 nativeloader            net.ashmeet.hyperlauncher.debug      D  Load /data/app/~~_FOyA-GQ59PNXmNnBPt2Rw==/net.ashmeet.hyperlauncher.debug-KJdromncY9oy9-zFnbN2fQ==/lib/arm64/libpojavexec_awt.so using class loader ns clns-9 (caller=/data/data/net.ashmeet.hyperlauncher.debug/code_cache/.overlay/base.apk/classes2.dex): ok
2026-05-28 10:01:02.667 19925-19925 FirebaseApp             net.ashmeet.hyperlauncher.debug      I  Device unlocked: initializing all Firebase APIs for app [DEFAULT]
2026-05-28 10:01:02.674 19925-19925 OplusActivityManager    net.ashmeet.hyperlauncher.debug      D  get AMS extension: android.os.BinderProxy@f994c05
2026-05-28 10:01:02.675 19925-19925 HWUI                    net.ashmeet.hyperlauncher.debug      I  SupportApps size 0
2026-05-28 10:01:02.675 19925-19925 ExtensionsLoader        net.ashmeet.hyperlauncher.debug      D  createInstance(64bit) : createExtendedFactory
2026-05-28 10:01:02.675 19925-19925 ExtensionsLoader        net.ashmeet.hyperlauncher.debug      D  Opened libSchedAssistExtImpl.so
2026-05-28 10:01:02.675 19925-24934 ExtensionsLoader        net.ashmeet.hyperlauncher.debug      D  createInstance(64bit) : createExtendedFactory
2026-05-28 10:01:02.676 19925-19925 SchedAssist             net.ashmeet.hyperlauncher.debug      E  open sharedFd failed with error=Permission denied
2026-05-28 10:01:02.676 19925-19925 SchedAssist             net.ashmeet.hyperlauncher.debug      E  open sharedFd failed with error=Permission denied
2026-05-28 10:01:02.676 19925-24934 ExtensionsLoader        net.ashmeet.hyperlauncher.debug      D  Opened libSchedAssistExtImpl.so
2026-05-28 10:01:02.676 19925-19925 SchedAssist             net.ashmeet.hyperlauncher.debug      E  open sharedFd failed with error=Permission denied
2026-05-28 10:01:02.676 19925-24934 DisplayManager          net.ashmeet.hyperlauncher.debug      I  Choreographer implicitly registered for the refresh rate.
2026-05-28 10:01:02.676 19925-24934 vulkan                  net.ashmeet.hyperlauncher.debug      D  searching for layers in '/data/app/~~_FOyA-GQ59PNXmNnBPt2Rw==/net.ashmeet.hyperlauncher.debug-KJdromncY9oy9-zFnbN2fQ==/lib/arm64'
2026-05-28 10:01:02.677 19925-19925 cher.debug:game         net.ashmeet.hyperlauncher.debug      I  AssetManager2(0x6ec74de228) locale list changing from [] to [en-IN]
2026-05-28 10:01:02.677 19925-19925 ResourcesManagerExtImpl net.ashmeet.hyperlauncher.debug      D  applyConfigurationToAppResourcesLocked app.getDisplayId() return callback.displayId:0
2026-05-28 10:01:02.678 19925-24934 vulkan                  net.ashmeet.hyperlauncher.debug      D  added global layer 'VK_LAYER_KHRONOS_timeline_semaphore' from library '/data/app/~~_FOyA-GQ59PNXmNnBPt2Rw==/net.ashmeet.hyperlauncher.debug-KJdromncY9oy9-zFnbN2fQ==/lib/arm64/libVkLayer_khronos_timeline_semaphore.so'
2026-05-28 10:01:02.678 19925-24934 vulkan                  net.ashmeet.hyperlauncher.debug      D  searching for layers in '/data/app/~~_FOyA-GQ59PNXmNnBPt2Rw==/net.ashmeet.hyperlauncher.debug-KJdromncY9oy9-zFnbN2fQ==/base.apk!/lib/arm64-v8a'
2026-05-28 10:01:02.680 19925-24936 DNS_CACHE               net.ashmeet.hyperlauncher.debug      D  oplus_oplus_getaddrinfo_proxy lookup from netd: hostname:hollow-launcher-api-default-rtdb.asia-southeast1.firebasedatabase.app, servname:(null) uid: 10451, result_code:408, res = 0x0, found = 0
2026-05-28 10:01:02.681 19925-24934 colorx                  net.ashmeet.hyperlauncher.debug      D  I can't find colorx layer , let's enumerate colorx layers first.
2026-05-28 10:01:02.681 19925-19925 AppCompatDelegate       net.ashmeet.hyperlauncher.debug      D  Checking for metadata for AppLocalesMetadataHolderService : Service not found
2026-05-28 10:01:02.682 19925-19925 cher.debug:game         net.ashmeet.hyperlauncher.debug      I  AssetManager2(0x6ec74de828) locale list changing from [] to [en-IN]
2026-05-28 10:01:02.682 19925-19925 cher.debug:game         net.ashmeet.hyperlauncher.debug      I  AssetManager2(0x6ec74deb28) locale list changing from [] to [en-IN]
2026-05-28 10:01:02.683 19925-19925 ashmem                  net.ashmeet.hyperlauncher.debug      E  Pinning is deprecated since Android Q. Please use trim or other methods.
2026-05-28 10:01:02.684 19925-24934 AdrenoVK-0              net.ashmeet.hyperlauncher.debug      I  ===== BEGIN DUMP OF OVERRIDDEN SETTINGS =====
2026-05-28 10:01:02.684 19925-24934 AdrenoVK-0              net.ashmeet.hyperlauncher.debug      I  ===== END DUMP OF OVERRIDDEN SETTINGS =====
2026-05-28 10:01:02.685 19925-24934 AdrenoVK-0              net.ashmeet.hyperlauncher.debug      I  ===== BEGIN DUMP OF OVERRIDDEN SETTINGS =====
2026-05-28 10:01:02.685 19925-24934 AdrenoVK-0              net.ashmeet.hyperlauncher.debug      I  ===== END DUMP OF OVERRIDDEN SETTINGS =====
2026-05-28 10:01:02.686 19925-24934 qdgralloc               net.ashmeet.hyperlauncher.debug      D  Fetching IMapper5 from QtiMapper5
2026-05-28 10:01:02.689 19925-19925 OplusPredi...Controller net.ashmeet.hyperlauncher.debug      E   NoSuchMethodException 
2026-05-28 10:01:02.689 19925-19925 OplusPredi...Controller net.ashmeet.hyperlauncher.debug      E   NoSuchMethodException 
2026-05-28 10:01:02.689 19925-19925 OplusPredi...Controller net.ashmeet.hyperlauncher.debug      E   NoSuchMethodException 
2026-05-28 10:01:02.689 19925-19925 OplusPredi...Controller net.ashmeet.hyperlauncher.debug      E   NoSuchMethodException 
2026-05-28 10:01:02.689 19925-19925 OplusPredi...Controller net.ashmeet.hyperlauncher.debug      D  should not HookOnBackInvokedCallbackEnabled for application net.kdt.pojavlaunch.MainActivity@b89ef3f hasOnBackInvokedCallBackEnabled
2026-05-28 10:01:02.689 19925-19925 OplusPredi...Controller net.ashmeet.hyperlauncher.debug      D  initPredictiveBackConfig for net.kdt.pojavlaunch.MainActivity@b89ef3f initPredictiveBackConfig mShouldInterceptKeyEvent false
2026-05-28 10:01:02.689 19925-19925 WindowOnBackDispatcher  net.ashmeet.hyperlauncher.debug      D   predictive settings is disabled for ApplicationInfo{5b8405b net.ashmeet.hyperlauncher.debug}
2026-05-28 10:01:02.690 19925-19925 oplus.andr...actoryImpl net.ashmeet.hyperlauncher.debug      I  Unknow feature:IOplusTextViewRTLUtilForUG
2026-05-28 10:01:02.692 19925-24934 SnapAlloc               net.ashmeet.hyperlauncher.debug      I  Graphics lib is available
2026-05-28 10:01:02.692 19925-19925 CompatChangeReporter    net.ashmeet.hyperlauncher.debug      D  Compat change id reported: 377864165; UID 10451; state: ENABLED
2026-05-28 10:01:02.692 19925-19925 DesktopModeFlags        net.ashmeet.hyperlauncher.debug      D  Toggle override initialized to: OVERRIDE_UNSET
2026-05-28 10:01:02.696 19925-24934 AdrenoVK-0              net.ashmeet.hyperlauncher.debug      I  QUALCOMM build          : c656786258, Ie8aa4b2c7c
                                                                                                    Build Date              : 03/23/26
                                                                                                    Shader Compiler Version : E031.50.19.20
                                                                                                    Local Branch            : 
                                                                                                    Remote Branch           : refs/tags/AU_LINUX_ANDROID_LA.VENDOR.16.2.0.11.00.00.1195.535
                                                                                                    Remote Branch           : NONE
                                                                                                    Reconstruct Branch      : NOTHING
2026-05-28 10:01:02.696 19925-24934 AdrenoVK-0              net.ashmeet.hyperlauncher.debug      I  Build Config            : C P 20.0.0 AArch64
2026-05-28 10:01:02.696 19925-24934 AdrenoVK-0              net.ashmeet.hyperlauncher.debug      I  Driver Path             : /vendor/lib64/hw/vulkan.adreno.so
2026-05-28 10:01:02.696 19925-24934 AdrenoVK-0              net.ashmeet.hyperlauncher.debug      I  Driver Version          : 0842.33.1
2026-05-28 10:01:02.696 19925-24934 AdrenoVK-0              net.ashmeet.hyperlauncher.debug      I  PFP                     : 0x01310095
2026-05-28 10:01:02.696 19925-24934 AdrenoVK-0              net.ashmeet.hyperlauncher.debug      I  ME                      : 0x01510022
2026-05-28 10:01:02.696 19925-24934 AdrenoVK-0              net.ashmeet.hyperlauncher.debug      I  Application Name    : android framework
                                                                                                    Process Name        : net.ashmeet.hyperlauncher.debug:game
                                                                                                    Application Version : 0x00000000
                                                                                                    Engine Name         : android framework
                                                                                                    Engine Version      : 0x00000000
                                                                                                    Api Version         : 0x00401000
2026-05-28 10:01:02.697 19925-19925 cher.debug:game         net.ashmeet.hyperlauncher.debug      I  hiddenapi: Accessing hidden method Landroid/view/View;->computeFitSystemWindows(Landroid/graphics/Rect;Landroid/graphics/Rect;)Z (runtime_flags=0, domain=platform, api=unsupported) from Landroidx/appcompat/widget/ViewUtils; (domain=app, TargetSdkVersion=36) using reflection: allowed
2026-05-28 10:01:02.697 19925-19925 cher.debug:game         net.ashmeet.hyperlauncher.debug      I  hiddenapi: Accessing hidden method Landroid/view/ViewGroup;->makeOptionalFitsSystemWindows()V (runtime_flags=0, domain=platform, api=unsupported) from Landroidx/appcompat/widget/ViewUtils; (domain=app, TargetSdkVersion=36) using reflection: allowed
2026-05-28 10:01:02.698 19925-24934 ExtensionsLoader        net.ashmeet.hyperlauncher.debug      D  createInstance(64bit) : createExtendedFactory
2026-05-28 10:01:02.699 19925-24934 ExtensionsLoader        net.ashmeet.hyperlauncher.debug      D  Opened libeglextimpl.so
2026-05-28 10:01:02.699 19925-24934 PreCache                net.ashmeet.hyperlauncher.debug      D  [IPreCacheRus]loadRUSConfigs#102 failed to transact: -22 prc:net.ashmeet.hyperlauncher.debug:game
2026-05-28 10:01:02.706 19925-19925 ScrollOpti...tionHelper net.ashmeet.hyperlauncher.debug      D  can't find the config file for optimizaiton
2026-05-28 10:01:02.706 19925-19925 ScrollOpti...tionHelper net.ashmeet.hyperlauncher.debug      D  will not debug for debug is false
2026-05-28 10:01:02.714 19925-19925 OplusCusto...ionManager net.ashmeet.hyperlauncher.debug      E  sInstance is null, start a new sInstance
2026-05-28 10:01:02.717 19925-19925 OplusInputMethodUtil    net.ashmeet.hyperlauncher.debug      D  init sDebug to false, init sDebugIme to false, init sAlwaysOn to false
2026-05-28 10:01:02.717 19925-19925 OplusInputMethodUtil    net.ashmeet.hyperlauncher.debug      D  updateDebugToClass InputMethodManager.DEBUG = false
2026-05-28 10:01:02.717 19925-19925 OplusInputMethodUtil    net.ashmeet.hyperlauncher.debug      D  updateDebugToClass ImeFocusController.DEBUG = false
2026-05-28 10:01:02.717 19925-19925 OplusInputMethodUtil    net.ashmeet.hyperlauncher.debug      D  updateDebugToClass OnBackInvokedDispatcher.DEBUG = false
2026-05-28 10:01:02.717 19925-19925 OplusInputMethodUtil    net.ashmeet.hyperlauncher.debug      D  updateDebugToClass InsetsController.DEBUG = false
2026-05-28 10:01:02.717 19925-19925 OplusInputMethodUtil    net.ashmeet.hyperlauncher.debug      D  updateDebugToClass BaseInputConnection.DEBUG = false
2026-05-28 10:01:02.724 19925-24936 DNS_CACHE               net.ashmeet.hyperlauncher.debug      D  oplus_send_dns_response send hostname: hollow-launcher-api-default-rtdb.asia-southeast1.firebasedatabase.app, servname: (null) response into netd: 0, *res = 0x6ed369d300
2026-05-28 10:01:02.750 19925-19925 BitmapDrawable          net.ashmeet.hyperlauncher.debug      W  BitmapDrawable created with null Bitmap
2026-05-28 10:01:02.752 19925-19925 ExtensionsLoader        net.ashmeet.hyperlauncher.debug      D  createInstance(64bit) : createExtendedFactory
2026-05-28 10:01:02.753 19925-19925 ExtensionsLoader        net.ashmeet.hyperlauncher.debug      D  Opened libsensorextimpl.so
2026-05-28 10:01:02.753 19925-19925 Orientatio...nerExtImpl net.ashmeet.hyperlauncher.debug      D  OrientationSolution{mSolution=0, mSampleDelay=-1, mFilterPara=0.8, mResampleDelay=100}
2026-05-28 10:01:02.756 19925-19925 ContentCaptureHelper    net.ashmeet.hyperlauncher.debug      I  Setting logging level to OFF
2026-05-28 10:01:02.757 19925-19925 ActivityThread          net.ashmeet.hyperlauncher.debug      D  ComponentInfo{net.ashmeet.hyperlauncher.debug/net.kdt.pojavlaunch.MainActivity} checkFinished=false 2
2026-05-28 10:01:02.757 19925-19925 ResourcesManagerExtImpl net.ashmeet.hyperlauncher.debug      D  applyConfigurationToAppResourcesLocked app.getDisplayId() return callback.displayId:0
2026-05-28 10:01:02.757 19925-19925 BitmapDrawable          net.ashmeet.hyperlauncher.debug      W  BitmapDrawable created with null Bitmap
2026-05-28 10:01:02.761 19925-19925 WindowManager           net.ashmeet.hyperlauncher.debug      D  Add to mViews: com.android.internal.policy.DecorView{1ef2af9 I.ED..... R.....ID 0,0-0,0 alpha=1.0 viewInfo = }[MainActivity],pkg= net.ashmeet.hyperlauncher.debug
2026-05-28 10:01:02.762 19925-24934 ExtensionsLoader        net.ashmeet.hyperlauncher.debug      D  createInstance(64bit) : createExtendedFactory
2026-05-28 10:01:02.762 19925-24934 ExtensionsLoader        net.ashmeet.hyperlauncher.debug      D  Opened libhwuiextimpl.so
2026-05-28 10:01:02.762 19925-24934 skia                    net.ashmeet.hyperlauncher.debug      D  setRusSupported enable 1
2026-05-28 10:01:02.764 19925-19925 OplusAppWatchdog        net.ashmeet.hyperlauncher.debug      D  monitor disabled
2026-05-28 10:01:02.764 19925-19925 InsetsController        net.ashmeet.hyperlauncher.debug      D  Setting requestedVisibleTypes to -528 (was -9)
2026-05-28 10:01:02.766 19925-19925 ViewRootImplExtImpl     net.ashmeet.hyperlauncher.debug      D  onDisplayChanged -1 for VRI android.view.ViewRootImpl@d6e7db5
2026-05-28 10:01:02.767 19925-19925 ResourcesManagerExtImpl net.ashmeet.hyperlauncher.debug      D  applyConfigurationToAppResourcesLocked app.getDisplayId() return callback.displayId:0
2026-05-28 10:01:02.774 19925-19925 OplusBracketLog         net.ashmeet.hyperlauncher.debug      E  [OplusViewMirrorManager] updateHostViewRootIfNeeded, not support android.view.ViewRootImpl@d6e7db5
2026-05-28 10:01:02.775 19925-19925 DynamicFra...foManager] net.ashmeet.hyperlauncher.debug      I  updatePixelSize: sPixelSize has been updated, process = net.ashmeet.hyperlauncher.debug:game
2026-05-28 10:01:02.778 19925-19925 WindowOnBackDispatcher  net.ashmeet.hyperlauncher.debug      D   predictive settings is disabled for ApplicationInfo{5b8405b net.ashmeet.hyperlauncher.debug}
2026-05-28 10:01:02.778 19925-19925 WindowOnBackDispatcher  net.ashmeet.hyperlauncher.debug      D   predictive settings is disabled for ApplicationInfo{5b8405b net.ashmeet.hyperlauncher.debug}
2026-05-28 10:01:02.779 19925-19925 ViewRootImplExtImpl     net.ashmeet.hyperlauncher.debug      D  wrapConfigInfoIntoFlags rotation=1, smallestScreenWidthDp=0, residentWS=false, scenario=0, bounds=Rect(0, 0 - 2800, 1272), isFirstDraw=true, relayoutAsync=false, flags=0, newFlags=-679477240, title=net.ashmeet.hyperlauncher.debug/net.kdt.pojavlaunch.MainActivity
2026-05-28 10:01:02.783 19925-19925 VRI[MainActivity]       net.ashmeet.hyperlauncher.debug      D  relayoutWindow result, sizeChanged:true, surfaceControlChanged:true, transformHintChanged:true, mSurfaceSize:Point(2800, 1272), mLastSurfaceSize:Point(0, 0), mWidth:-1, mHeight:-1, requestedWidth:2800, requestedHeight:1272, transformHint:4, installOrientation:0, displayRotation:1, isSurfaceValid:true, attr.flag:-2122251904, tmpFrames:ClientWindowFrames{frame=[0,0][2800,1272] display=[0,0][2800,1272] parentFrame=[0,0][0,0]}, relayoutResult:3, relayoutAsync:false, mSyncSeqId:0
2026-05-28 10:01:02.783 19925-19925 VRI[MainActivity]       net.ashmeet.hyperlauncher.debug      W  updateBlastSurfaceIfNeeded, surfaceSize:Point(2800, 1272), lastSurfaceSize:Point(0, 0), format:-1, blastBufferQueue:null
2026-05-28 10:01:02.783 19925-19925 BufferQueueConsumer     net.ashmeet.hyperlauncher.debug      D  [](id:4dd500000000,api:0,p:-1,c:19925) connect: controlledByApp=false
2026-05-28 10:01:02.783 19925-19925 BufferQueueConsumer     net.ashmeet.hyperlauncher.debug      D  [VRI[MainActivity]#0(BLAST Consumer)0](id:4dd500000000,api:0,p:-1,c:19925) setMaxAcquiredBufferCount: 2
2026-05-28 10:01:02.784 19925-24934 BufferQueueProducer     net.ashmeet.hyperlauncher.debug      D  [VRI[MainActivity]#0(BLAST Consumer)0](id:4dd500000000,api:1,p:19925,c:19925) connect: api=1 producerControlledByApp=true
